###############################################################################
#
# IAR ELF Linker V7.50.2.10312/W32 for ARM                20/May/2016  14:06:24
# Copyright 2007-2015 IAR Systems AB.
#
#    Output file  =  
#        C:\Users\asus\Documents\STM32\IAR_Projects\serial_stuffing\Debug\Exe\c.out
#    Map file     =  
#        C:\Users\asus\Documents\STM32\IAR_Projects\serial_stuffing\Debug\List\c.map
#    Command line =  
#        C:\Users\asus\Documents\STM32\IAR_Projects\serial_stuffing\Debug\Obj\functions.o
#        C:\Users\asus\Documents\STM32\IAR_Projects\serial_stuffing\Debug\Obj\main.o
#        C:\Users\asus\Documents\STM32\IAR_Projects\serial_stuffing\Debug\Obj\startup_stm32l152xb.o
#        C:\Users\asus\Documents\STM32\IAR_Projects\serial_stuffing\Debug\Obj\stm32l1xx_hal.o
#        C:\Users\asus\Documents\STM32\IAR_Projects\serial_stuffing\Debug\Obj\stm32l1xx_hal_adc.o
#        C:\Users\asus\Documents\STM32\IAR_Projects\serial_stuffing\Debug\Obj\stm32l1xx_hal_adc_ex.o
#        C:\Users\asus\Documents\STM32\IAR_Projects\serial_stuffing\Debug\Obj\stm32l1xx_hal_comp.o
#        C:\Users\asus\Documents\STM32\IAR_Projects\serial_stuffing\Debug\Obj\stm32l1xx_hal_cortex.o
#        C:\Users\asus\Documents\STM32\IAR_Projects\serial_stuffing\Debug\Obj\stm32l1xx_hal_crc.o
#        C:\Users\asus\Documents\STM32\IAR_Projects\serial_stuffing\Debug\Obj\stm32l1xx_hal_cryp.o
#        C:\Users\asus\Documents\STM32\IAR_Projects\serial_stuffing\Debug\Obj\stm32l1xx_hal_cryp_ex.o
#        C:\Users\asus\Documents\STM32\IAR_Projects\serial_stuffing\Debug\Obj\stm32l1xx_hal_dac.o
#        C:\Users\asus\Documents\STM32\IAR_Projects\serial_stuffing\Debug\Obj\stm32l1xx_hal_dac_ex.o
#        C:\Users\asus\Documents\STM32\IAR_Projects\serial_stuffing\Debug\Obj\stm32l1xx_hal_dma.o
#        C:\Users\asus\Documents\STM32\IAR_Projects\serial_stuffing\Debug\Obj\stm32l1xx_hal_flash.o
#        C:\Users\asus\Documents\STM32\IAR_Projects\serial_stuffing\Debug\Obj\stm32l1xx_hal_flash_ex.o
#        C:\Users\asus\Documents\STM32\IAR_Projects\serial_stuffing\Debug\Obj\stm32l1xx_hal_flash_ramfunc.o
#        C:\Users\asus\Documents\STM32\IAR_Projects\serial_stuffing\Debug\Obj\stm32l1xx_hal_gpio.o
#        C:\Users\asus\Documents\STM32\IAR_Projects\serial_stuffing\Debug\Obj\stm32l1xx_hal_i2c.o
#        C:\Users\asus\Documents\STM32\IAR_Projects\serial_stuffing\Debug\Obj\stm32l1xx_hal_i2s.o
#        C:\Users\asus\Documents\STM32\IAR_Projects\serial_stuffing\Debug\Obj\stm32l1xx_hal_irda.o
#        C:\Users\asus\Documents\STM32\IAR_Projects\serial_stuffing\Debug\Obj\stm32l1xx_hal_iwdg.o
#        C:\Users\asus\Documents\STM32\IAR_Projects\serial_stuffing\Debug\Obj\stm32l1xx_hal_lcd.o
#        C:\Users\asus\Documents\STM32\IAR_Projects\serial_stuffing\Debug\Obj\stm32l1xx_hal_msp.o
#        C:\Users\asus\Documents\STM32\IAR_Projects\serial_stuffing\Debug\Obj\stm32l1xx_hal_nor.o
#        C:\Users\asus\Documents\STM32\IAR_Projects\serial_stuffing\Debug\Obj\stm32l1xx_hal_opamp.o
#        C:\Users\asus\Documents\STM32\IAR_Projects\serial_stuffing\Debug\Obj\stm32l1xx_hal_opamp_ex.o
#        C:\Users\asus\Documents\STM32\IAR_Projects\serial_stuffing\Debug\Obj\stm32l1xx_hal_pcd.o
#        C:\Users\asus\Documents\STM32\IAR_Projects\serial_stuffing\Debug\Obj\stm32l1xx_hal_pcd_ex.o
#        C:\Users\asus\Documents\STM32\IAR_Projects\serial_stuffing\Debug\Obj\stm32l1xx_hal_pwr.o
#        C:\Users\asus\Documents\STM32\IAR_Projects\serial_stuffing\Debug\Obj\stm32l1xx_hal_pwr_ex.o
#        C:\Users\asus\Documents\STM32\IAR_Projects\serial_stuffing\Debug\Obj\stm32l1xx_hal_rcc.o
#        C:\Users\asus\Documents\STM32\IAR_Projects\serial_stuffing\Debug\Obj\stm32l1xx_hal_rcc_ex.o
#        C:\Users\asus\Documents\STM32\IAR_Projects\serial_stuffing\Debug\Obj\stm32l1xx_hal_rtc.o
#        C:\Users\asus\Documents\STM32\IAR_Projects\serial_stuffing\Debug\Obj\stm32l1xx_hal_rtc_ex.o
#        C:\Users\asus\Documents\STM32\IAR_Projects\serial_stuffing\Debug\Obj\stm32l1xx_hal_sd.o
#        C:\Users\asus\Documents\STM32\IAR_Projects\serial_stuffing\Debug\Obj\stm32l1xx_hal_smartcard.o
#        C:\Users\asus\Documents\STM32\IAR_Projects\serial_stuffing\Debug\Obj\stm32l1xx_hal_spi.o
#        C:\Users\asus\Documents\STM32\IAR_Projects\serial_stuffing\Debug\Obj\stm32l1xx_hal_spi_ex.o
#        C:\Users\asus\Documents\STM32\IAR_Projects\serial_stuffing\Debug\Obj\stm32l1xx_hal_sram.o
#        C:\Users\asus\Documents\STM32\IAR_Projects\serial_stuffing\Debug\Obj\stm32l1xx_hal_tim.o
#        C:\Users\asus\Documents\STM32\IAR_Projects\serial_stuffing\Debug\Obj\stm32l1xx_hal_tim_ex.o
#        C:\Users\asus\Documents\STM32\IAR_Projects\serial_stuffing\Debug\Obj\stm32l1xx_hal_uart.o
#        C:\Users\asus\Documents\STM32\IAR_Projects\serial_stuffing\Debug\Obj\stm32l1xx_hal_usart.o
#        C:\Users\asus\Documents\STM32\IAR_Projects\serial_stuffing\Debug\Obj\stm32l1xx_hal_wwdg.o
#        C:\Users\asus\Documents\STM32\IAR_Projects\serial_stuffing\Debug\Obj\stm32l1xx_it.o
#        C:\Users\asus\Documents\STM32\IAR_Projects\serial_stuffing\Debug\Obj\stm32l1xx_ll_fsmc.o
#        C:\Users\asus\Documents\STM32\IAR_Projects\serial_stuffing\Debug\Obj\stm32l1xx_ll_sdmmc.o
#        C:\Users\asus\Documents\STM32\IAR_Projects\serial_stuffing\Debug\Obj\system_stm32l1xx.o
#        C:\Users\asus\Documents\STM32\IAR_Projects\serial_stuffing\Debug\Obj\usart1_irq.o
#        C:\Users\asus\Documents\STM32\IAR_Projects\serial_stuffing\Debug\Obj\vars.o
#        -o
#        C:\Users\asus\Documents\STM32\IAR_Projects\serial_stuffing\Debug\Exe\c.out
#        --redirect _Printf=_PrintfFull --redirect _Scanf=_ScanfFull --map
#        C:\Users\asus\Documents\STM32\IAR_Projects\serial_stuffing\Debug\List\c.map
#        --config
#        C:\Users\asus\Documents\STM32\IAR_Projects\serial_stuffing\lib\stm32l152xb_flash.icf
#        --semihosting --entry __iar_program_start --vfe
#
###############################################################################

*******************************************************************************
*** RUNTIME MODEL ATTRIBUTES
***

CppFlavor       = *
__SystemLibrary = DLib


*******************************************************************************
*** PLACEMENT SUMMARY
***

"A1":  place at 0x08000000 { ro section .intvec };
"P1":  place in [from 0x08000000 to 0x0801ffff] { ro };
"P2":  place in [from 0x20000000 to 0x20003fff] { rw, block CSTACK, block HEAP };

  Section            Kind        Address    Size  Object
  -------            ----        -------    ----  ------
"A1":                                       0xf4
  .intvec            ro code  0x08000000    0xf4  startup_stm32l152xb.o [1]
                            - 0x080000f4    0xf4

"P1":                                     0x3149
  .text              ro code  0x080000f4   0xda6  xprintffull.o [3]
  .text              ro code  0x08000e9c    0x16  strchr.o [5]
  .text              ro code  0x08000eb4    0x36  strlen.o [5]
  .text              ro code  0x08000eec    0x58  memchr.o [5]
  .text              ro code  0x08000f44    0xee  I64DivMod.o [5]
  .text              ro code  0x08001034    0x76  ABImemcpy_unaligned.o [5]
  .text              ro code  0x080010aa    0x42  xdnorm.o [4]
  .text              ro code  0x080010ec    0x2e  DblCmpLe.o [4]
  .text              ro code  0x0800111c    0x2e  DblCmpGe.o [4]
  .text              ro code  0x0800114c   0x10c  xdscale.o [4]
  .text              ro code  0x08001258    0x58  DblToI32.o [4]
  .text              ro code  0x080012b0    0x30  I32ToDbl.o [4]
  .text              ro code  0x080012e0   0x180  DblSub.o [4]
  .text              ro code  0x08001460   0x1a2  DblMul.o [4]
  .text              ro code  0x08001604   0x256  DblDiv.o [4]
  .text              ro code  0x0800185a     0xe  div.o [3]
  .text              ro code  0x08001868     0x2  I64DivZer.o [5]
  .text              ro code  0x0800186c    0xd4  DblAdd.o [4]
  .text              ro code  0x08001940   0xc88  stm32l1xx_hal_rcc.o [1]
  .text              ro code  0x080025c8    0x70  stm32l1xx_hal.o [1]
  .text              ro code  0x08002638    0x10  stm32l1xx_hal_pwr_ex.o [1]
  .text              ro code  0x08002648   0x118  stm32l1xx_hal_cortex.o [1]
  .text              ro code  0x08002760     0x2  stm32l1xx_hal_msp.o [1]
  .text              ro code  0x08002764   0x608  stm32l1xx_hal_uart.o [1]
  .text              ro code  0x08002d6c    0xfa  main.o [1]
  .text              ro code  0x08002e68     0x2  functions.o [1]
  .text              ro code  0x08002e6c     0x6  ABImemclr4.o [5]
  .text              ro code  0x08002e74    0x32  ABImemset48.o [5]
  .text              ro code  0x08002ea8    0x6c  iarttio.o [6]
  .text              ro code  0x08002f14     0x8  XShttio.o [3]
  .text              ro code  0x08002f1c    0x64  system_stm32l1xx.o [1]
  .text              ro code  0x08002f80    0x38  packbits_init_single.o [5]
  .text              ro code  0x08002fb8    0x28  putchar.o [3]
  .text              ro code  0x08002fe0    0x10  write.o [6]
  .text              ro code  0x08002ff0    0x1e  dwrite.o [6]
  .text              ro code  0x0800300e    0x20  iarwstd.o [6]
  .text              ro code  0x0800302e    0x22  iarwrite.o [6]
  .text              ro code  0x08003050    0x28  data_init.o [5]
  .text              ro code  0x08003078    0x24  printf.o [3]
  .iar.init_table    const    0x0800309c    0x10  - Linker created -
  .text              ro code  0x080030ac    0x1a  cmain.o [5]
  .text              ro code  0x080030c6     0x4  low_level_init.o [3]
  .text              ro code  0x080030ca     0x4  exit.o [3]
  .text              ro code  0x080030d0     0xa  cexit.o [5]
  .text              ro code  0x080030dc    0x14  exit.o [6]
  .text              ro code  0x080030f0    0x18  stm32l1xx_it.o [1]
  .text              ro code  0x08003108    0x18  usart1_irq.o [1]
  .text              ro code  0x08003120    0x16  xprout.o [3]
  .rodata            const    0x08003138    0x10  system_stm32l1xx.o [1]
  .text              ro code  0x08003148    0x10  startup_stm32l152xb.o [1]
  .rodata            const    0x08003158     0xc  stm32l1xx_hal_rcc.o [1]
  .text              ro code  0x08003164     0xc  cstartup_M.o [5]
  .rodata            const    0x08003170     0x8  system_stm32l1xx.o [1]
  .rodata            const    0x08003178     0x8  usart1_irq.o [1]
  .rodata            const    0x08003180     0x4  stm32l1xx_hal_rcc.o [1]
  .text              ro code  0x08003184     0x4  startup_stm32l152xb.o [1]
  .text              ro code  0x08003188     0x4  startup_stm32l152xb.o [1]
  .text              ro code  0x0800318c     0x4  startup_stm32l152xb.o [1]
  .text              ro code  0x08003190     0x4  startup_stm32l152xb.o [1]
  .text              ro code  0x08003194     0x4  startup_stm32l152xb.o [1]
  .text              ro code  0x08003198     0x4  startup_stm32l152xb.o [1]
  .text              ro code  0x0800319c     0x4  startup_stm32l152xb.o [1]
  .text              ro code  0x080031a0     0x4  startup_stm32l152xb.o [1]
  .text              ro code  0x080031a4     0x4  startup_stm32l152xb.o [1]
  .text              ro code  0x080031a8     0x4  startup_stm32l152xb.o [1]
  .text              ro code  0x080031ac     0x4  startup_stm32l152xb.o [1]
  .text              ro code  0x080031b0     0x4  startup_stm32l152xb.o [1]
  .text              ro code  0x080031b4     0x4  startup_stm32l152xb.o [1]
  .text              ro code  0x080031b8     0x4  startup_stm32l152xb.o [1]
  .text              ro code  0x080031bc     0x4  startup_stm32l152xb.o [1]
  .text              ro code  0x080031c0     0x4  startup_stm32l152xb.o [1]
  .text              ro code  0x080031c4     0x4  startup_stm32l152xb.o [1]
  .text              ro code  0x080031c8     0x4  startup_stm32l152xb.o [1]
  .text              ro code  0x080031cc     0x4  startup_stm32l152xb.o [1]
  .text              ro code  0x080031d0     0x4  startup_stm32l152xb.o [1]
  .text              ro code  0x080031d4     0x4  startup_stm32l152xb.o [1]
  .text              ro code  0x080031d8     0x4  startup_stm32l152xb.o [1]
  .text              ro code  0x080031dc     0x4  startup_stm32l152xb.o [1]
  .text              ro code  0x080031e0     0x4  startup_stm32l152xb.o [1]
  .text              ro code  0x080031e4     0x4  startup_stm32l152xb.o [1]
  .text              ro code  0x080031e8     0x4  startup_stm32l152xb.o [1]
  .text              ro code  0x080031ec     0x4  startup_stm32l152xb.o [1]
  .text              ro code  0x080031f0     0x4  startup_stm32l152xb.o [1]
  .text              ro code  0x080031f4     0x4  startup_stm32l152xb.o [1]
  .text              ro code  0x080031f8     0x4  startup_stm32l152xb.o [1]
  .text              ro code  0x080031fc     0x4  startup_stm32l152xb.o [1]
  .text              ro code  0x08003200     0x4  startup_stm32l152xb.o [1]
  .text              ro code  0x08003204     0x4  startup_stm32l152xb.o [1]
  .text              ro code  0x08003208     0x4  startup_stm32l152xb.o [1]
  .text              ro code  0x0800320c     0x4  startup_stm32l152xb.o [1]
  .text              ro code  0x08003210     0x4  startup_stm32l152xb.o [1]
  .text              ro code  0x08003214     0x4  startup_stm32l152xb.o [1]
  .text              ro code  0x08003218     0x4  startup_stm32l152xb.o [1]
  .text              ro code  0x0800321c     0x4  startup_stm32l152xb.o [1]
  .text              ro code  0x08003220     0x4  startup_stm32l152xb.o [1]
  .text              ro code  0x08003224     0x4  startup_stm32l152xb.o [1]
  .text              ro code  0x08003228     0x4  startup_stm32l152xb.o [1]
  .text              ro code  0x0800322c     0x4  startup_stm32l152xb.o [1]
  .text              ro code  0x08003230     0x4  startup_stm32l152xb.o [1]
  .rodata            const    0x08003234     0x0  packbits_init_single.o [5]
  Initializer bytes  const    0x08003234     0x9  <for P2-1>
                            - 0x0800323d  0x3149

"P2", part 1 of 2:                          0x50
  P2-1                        0x20000000    0x50  <Init block>
    .data            inited   0x20000000     0x4  system_stm32l1xx.o [1]
    .data            inited   0x20000004     0x8  XShttio.o [3]
    .bss             inited   0x2000000c     0x4  stm32l1xx_hal.o [1]
    .bss             inited   0x20000010    0x40  vars.o [1]
                            - 0x20000050    0x50

"P2", part 2 of 2:                         0x400
  CSTACK                      0x20000050   0x400  <Block>
    CSTACK           uninit   0x20000050   0x400  <Block tail>
                            - 0x20000450   0x400


*******************************************************************************
*** INIT TABLE
***

          Address     Size
          -------     ----
Copy/packbits (__iar_packbits_init_single3)
    1 source range, total size 0x9 (11% of destination):
          0x08003234   0x9
    1 destination range, total size 0x50:
          0x20000000  0x50



*******************************************************************************
*** MODULE SUMMARY
***

    Module                  ro code  ro data  rw data
    ------                  -------  -------  -------
C:\Users\asus\Documents\STM32\IAR_Projects\serial_stuffing\Debug\Obj: [1]
    functions.o                   2
    main.o                      250
    startup_stm32l152xb.o       436
    stm32l1xx_hal.o             112                 4
    stm32l1xx_hal_cortex.o      280
    stm32l1xx_hal_msp.o           2
    stm32l1xx_hal_pwr_ex.o       16
    stm32l1xx_hal_rcc.o       3 208       16
    stm32l1xx_hal_uart.o      1 544
    stm32l1xx_it.o               24
    system_stm32l1xx.o          100       24        4
    usart1_irq.o                 24        8
    vars.o                                 8       64
    -------------------------------------------------
    Total:                    5 998       56       72

command line: [2]
    -------------------------------------------------
    Total:

dl7M_tln.a: [3]
    XShttio.o                     8        1        8
    div.o                        14
    exit.o                        4
    low_level_init.o              4
    printf.o                     36
    putchar.o                    40
    xprintffull.o             3 494
    xprout.o                     22
    -------------------------------------------------
    Total:                    3 622        1        8

m7M_tl.a: [4]
    DblAdd.o                    212
    DblCmpGe.o                   46
    DblCmpLe.o                   46
    DblDiv.o                    598
    DblMul.o                    418
    DblSub.o                    384
    DblToI32.o                   88
    I32ToDbl.o                   48
    xdnorm.o                     66
    xdscale.o                   268
    -------------------------------------------------
    Total:                    2 174

rt7M_tl.a: [5]
    ABImemclr4.o                  6
    ABImemcpy_unaligned.o       118
    ABImemset48.o                50
    I64DivMod.o                 238
    I64DivZer.o                   2
    cexit.o                      10
    cmain.o                      26
    cstartup_M.o                 12
    data_init.o                  40
    memchr.o                     88
    packbits_init_single.o       56
    strchr.o                     22
    strlen.o                     54
    -------------------------------------------------
    Total:                      722

shb_l.a: [6]
    dwrite.o                     30
    exit.o                       20
    iarttio.o                   108
    iarwrite.o                   34
    iarwstd.o                    32
    write.o                      16
    -------------------------------------------------
    Total:                      240

    Gaps                         30        2
    Linker created                        16    1 024
-----------------------------------------------------
    Grand Total:             12 786       75    1 104


*******************************************************************************
*** ENTRY LIST
***

Entry                      Address   Size  Type      Object
-----                      -------   ----  ----      ------
.iar.init_table$$Base   0x0800309c          --   Gb  - Linker created -
.iar.init_table$$Limit  0x080030ac          --   Gb  - Linker created -
?main                   0x080030ad         Code  Gb  cmain.o [5]
AHBPrescTable           0x08003138   0x10  Data  Gb  system_stm32l1xx.o [1]
APBPrescTable           0x08003170    0x8  Data  Gb  system_stm32l1xx.o [1]
BusFault_Handler        0x080030f7    0x2  Code  Gb  stm32l1xx_it.o [1]
CSTACK$$Base            0x20000050          --   Gb  - Linker created -
CSTACK$$Limit           0x20000450          --   Gb  - Linker created -
DebugMon_Handler        0x080030fd    0x2  Code  Gb  stm32l1xx_it.o [1]
Error_Handler           0x08002e65    0x2  Code  Lc  main.o [1]
HAL_GetTick             0x08002627    0x6  Code  Wk  stm32l1xx_hal.o [1]
HAL_IncTick             0x0800261b    0xc  Code  Wk  stm32l1xx_hal.o [1]
HAL_Init                0x080025c9   0x2e  Code  Gb  stm32l1xx_hal.o [1]
HAL_InitTick            0x080025f7   0x24  Code  Wk  stm32l1xx_hal.o [1]
HAL_MspInit             0x08002761    0x2  Code  Gb  stm32l1xx_hal_msp.o [1]
HAL_NVIC_SetPriority    0x08002711   0x26  Code  Gb  stm32l1xx_hal_cortex.o [1]
HAL_NVIC_SetPriorityGrouping
                        0x08002705    0xc  Code  Gb  stm32l1xx_hal_cortex.o [1]
HAL_PWREx_GetVoltageRange
                        0x08002639    0xa  Code  Gb  stm32l1xx_hal_pwr_ex.o [1]
HAL_RCC_ClockConfig     0x08002159  0x29e  Code  Gb  stm32l1xx_hal_rcc.o [1]
HAL_RCC_GetHCLKFreq     0x080024a5    0x6  Code  Gb  stm32l1xx_hal_rcc.o [1]
HAL_RCC_GetPCLK1Freq    0x080024ab   0x20  Code  Gb  stm32l1xx_hal_rcc.o [1]
HAL_RCC_GetPCLK2Freq    0x080024cb   0x20  Code  Gb  stm32l1xx_hal_rcc.o [1]
HAL_RCC_GetSysClockFreq
                        0x080023f7   0xae  Code  Gb  stm32l1xx_hal_rcc.o [1]
HAL_RCC_OscConfig       0x08001941  0x818  Code  Gb  stm32l1xx_hal_rcc.o [1]
HAL_SYSTICK_Config      0x08002737    0xc  Code  Gb  stm32l1xx_hal_cortex.o [1]
HAL_UART_ErrorCallback  0x080028f5    0x2  Code  Wk  stm32l1xx_hal_uart.o [1]
HAL_UART_IRQHandler     0x080027d7  0x11a  Code  Gb  stm32l1xx_hal_uart.o [1]
HAL_UART_Init           0x08002765   0x70  Code  Gb  stm32l1xx_hal_uart.o [1]
HAL_UART_MspInit        0x080027d5    0x2  Code  Wk  stm32l1xx_hal_uart.o [1]
HAL_UART_RxCpltCallback
                        0x080028f3    0x2  Code  Wk  stm32l1xx_hal_uart.o [1]
HAL_UART_TxCpltCallback
                        0x080028f1    0x2  Code  Wk  stm32l1xx_hal_uart.o [1]
HardFault_Handler       0x080030f3    0x2  Code  Gb  stm32l1xx_it.o [1]
Init_USART1             0x08002e69    0x2  Code  Gb  functions.o [1]
LoadInt                 0x08000679   0x6e  Code  Lc  xprintffull.o [3]
MemManage_Handler       0x080030f5    0x2  Code  Gb  stm32l1xx_it.o [1]
NMI_Handler             0x080030f1    0x2  Code  Gb  stm32l1xx_it.o [1]
NVIC_EncodePriority     0x08002697   0x3e  Code  Lc  stm32l1xx_hal_cortex.o [1]
NVIC_GetPriorityGrouping
                        0x08002667    0xa  Code  Lc  stm32l1xx_hal_cortex.o [1]
NVIC_SetPriority        0x08002671   0x26  Code  Lc  stm32l1xx_hal_cortex.o [1]
NVIC_SetPriorityGrouping
                        0x08002649   0x1e  Code  Lc  stm32l1xx_hal_cortex.o [1]
PendSV_Handler          0x080030ff    0x2  Code  Gb  stm32l1xx_it.o [1]
RCC_SetFlashLatencyFromMSIRange
                        0x08002501   0x90  Code  Lc  stm32l1xx_hal_rcc.o [1]
Region$$Table$$Base     0x0800309c          --   Gb  - Linker created -
Region$$Table$$Limit    0x080030ac          --   Gb  - Linker created -
SVC_Handler             0x080030fb    0x2  Code  Gb  stm32l1xx_it.o [1]
SysTick_Config          0x080026d5   0x30  Code  Lc  stm32l1xx_hal_cortex.o [1]
SysTick_Handler         0x08003101    0x8  Code  Gb  stm32l1xx_it.o [1]
SystemClock_Config      0x08002db7   0x9a  Code  Gb  main.o [1]
SystemCoreClock         0x20000000    0x4  Data  Gb  system_stm32l1xx.o [1]
SystemInit              0x08002f1d   0x4c  Code  Gb  system_stm32l1xx.o [1]
UART_EndTransmit_IT     0x08002971   0x30  Code  Lc  stm32l1xx_hal_uart.o [1]
UART_Receive_IT         0x080029a1   0xc4  Code  Lc  stm32l1xx_hal_uart.o [1]
UART_SetConfig          0x08002a65  0x2fe  Code  Lc  stm32l1xx_hal_uart.o [1]
UART_Transmit_IT        0x080028f7   0x7a  Code  Lc  stm32l1xx_hal_uart.o [1]
USART1_IRQHandler       0x08003109   0x18  Code  Gb  usart1_irq.o [1]
UartHandle              0x20000010   0x40  Data  Gb  vars.o [1]
UsageFault_Handler      0x080030f9    0x2  Code  Gb  stm32l1xx_it.o [1]
_GenldFull              0x08000bef  0x262  Code  Lc  xprintffull.o [3]
_LdtobFull              0x080007ed  0x3fc  Code  Lc  xprintffull.o [3]
_LitobFull              0x080006e7  0x106  Code  Lc  xprintffull.o [3]
_PrintfFull             0x080000f5  0x57e  Code  Gb  xprintffull.o [3]
_Prout                  0x08003121   0x16  Code  Gb  xprout.o [3]
_PutcharsFull           0x08000e51   0x2e  Code  Lc  xprintffull.o [3]
__aeabi_cdcmple         0x080010ed         Code  Gb  DblCmpLe.o [4]
__aeabi_cdrcmple        0x0800111d         Code  Gb  DblCmpGe.o [4]
__aeabi_d2iz            0x08001259         Code  Gb  DblToI32.o [4]
__aeabi_d2uiz           0x08001285         Code  Gb  DblToI32.o [4]
__aeabi_ddiv            0x08001605         Code  Gb  DblDiv.o [4]
__aeabi_dmul            0x08001461         Code  Gb  DblMul.o [4]
__aeabi_dsub            0x080012e1         Code  Gb  DblSub.o [4]
__aeabi_i2d             0x080012b1         Code  Gb  I32ToDbl.o [4]
__aeabi_ldiv0           0x08001869         Code  Gb  I64DivZer.o [5]
__aeabi_memclr4         0x08002e6d         Code  Gb  ABImemclr4.o [5]
__aeabi_ui2d            0x080012c5         Code  Gb  I32ToDbl.o [4]
__aeabi_uldivmod        0x08000f45         Code  Gb  I64DivMod.o [5]
__cmain                 0x080030ad         Code  Gb  cmain.o [5]
__dwrite                0x08002ff1   0x1e  Code  Gb  dwrite.o [6]
__exit                  0x080030dd   0x14  Code  Gb  exit.o [6]
__iar_Dnorm             0x080010ab   0x42  Code  Gb  xdnorm.o [4]
__iar_Dscale            0x0800114d  0x10c  Code  Gb  xdscale.o [4]
__iar_Memchr            0x08000eed         Code  Gb  memchr.o [5]
__iar_Memset4_word      0x08002e75         Code  Gb  ABImemset48.o [5]
__iar_Memset8_word      0x08002e75         Code  Gb  ABImemset48.o [5]
__iar_Strchr            0x08000e9d         Code  Gb  strchr.o [5]
__iar_close_ttio        0x08002ea9   0x2e  Code  Gb  iarttio.o [6]
__iar_d2uiz             0x08001291         Code  Gb  DblToI32.o [4]
__iar_dadd              0x0800186d         Code  Gb  DblAdd.o [4]
__iar_data_init3        0x08003051   0x28  Code  Gb  data_init.o [5]
__iar_dsub              0x080012f5         Code  Gb  DblSub.o [4]
__iar_dsubStart         0x08001307         Code  Gb  DblSub.o [4]
__iar_get_ttio          0x08002ed9   0x38  Code  Gb  iarttio.o [6]
__iar_lookup_ttioh      0x08002f15    0x8  Code  Gb  XShttio.o [3]
__iar_packbits_init_single3
                        0x08002f81   0x38  Code  Gb  packbits_init_single.o [5]
__iar_program_start     0x08003165         Code  Gb  cstartup_M.o [5]
__iar_sh_stdout         0x0800300f   0x20  Code  Gb  iarwstd.o [6]
__iar_sh_write          0x0800302f   0x22  Code  Gb  iarwrite.o [6]
__iar_ttio_handles      0x20000004    0x8  Data  Lc  XShttio.o [3]
__iar_ui2d              0x080012c9         Code  Gb  I32ToDbl.o [4]
__iar_unaligned___aeabi_memcpy
                        0x08001035         Code  Gb  ABImemcpy_unaligned.o [5]
__iar_unaligned___aeabi_memcpy4
                        0x08001055         Code  Gb  ABImemcpy_unaligned.o [5]
__iar_unaligned___aeabi_memcpy8
                        0x08001055         Code  Gb  ABImemcpy_unaligned.o [5]
__low_level_init        0x080030c7    0x4  Code  Gb  low_level_init.o [3]
__vector_table          0x08000000         Data  Gb  startup_stm32l152xb.o [1]
__write                 0x08002fe1   0x10  Code  Gb  write.o [6]
_call_main              0x080030b9         Code  Gb  cmain.o [5]
_exit                   0x080030d1         Code  Gb  cexit.o [5]
_main                   0x080030c3         Code  Gb  cmain.o [5]
aPLLDivisionFactorTable
                        0x08003180    0x4  Data  Gb  stm32l1xx_hal_rcc.o [1]
aPLLMULFactorTable      0x08003158    0xc  Data  Gb  stm32l1xx_hal_rcc.o [1]
div                     0x0800185b    0xe  Code  Gb  div.o [3]
exit                    0x080030cb    0x4  Code  Gb  exit.o [3]
main                    0x08002d6d   0x4a  Code  Gb  main.o [1]
memchr                  0x08000eed         Code  Gb  memchr.o [5]
printf                  0x08003079   0x24  Code  Gb  printf.o [3]
putchar                 0x08002fb9   0x28  Code  Gb  putchar.o [3]
strchr                  0x08000e9d         Code  Gb  strchr.o [5]
strlen                  0x08000eb5         Code  Gb  strlen.o [5]
uwTick                  0x2000000c    0x4  Data  Lc  stm32l1xx_hal.o [1]


[1] = C:\Users\asus\Documents\STM32\IAR_Projects\serial_stuffing\Debug\Obj
[2] = command line
[3] = dl7M_tln.a
[4] = m7M_tl.a
[5] = rt7M_tl.a
[6] = shb_l.a

  12 786 bytes of readonly  code memory
      75 bytes of readonly  data memory
   1 104 bytes of readwrite data memory

Errors: none
Warnings: none
