<html>
<body>
<pre>
<h1>µVision Build Log</h1>
<h2>Tool Versions:</h2>
IDE-Version: µVision V5.17.0.0
Copyright (C) 2015 ARM Ltd and ARM Germany GmbH. All rights reserved.
License Information: anton anton, anton, LIC=DSNGK-Z5NJ8-MPQZP-M9GSI-KTD5S-A03YC
 
Tool Versions:
Toolchain:       MDK-ARM Professional  Version: 5.17
Toolchain Path:  C:\Keil_v5\ARM\ARMCC\Bin
C Compiler:      Armcc.exe V5.06 update 1 (build 61)
Assembler:       Armasm.exe V5.06 update 1 (build 61)
Linker/Locator:  ArmLink.exe V5.06 update 1 (build 61)
Library Manager: ArmAr.exe V5.06 update 1 (build 61)
Hex Converter:   FromElf.exe V5.06 update 1 (build 61)
CPU DLL:         SARMCM3.DLL V5.17
Dialog DLL:      DCM.DLL V1.13.4.0
Target DLL:      STLink\ST-LINKIII-KEIL_SWO.dll V2.0.18.0
Dialog DLL:      TCM.DLL V1.14.6.0
 
<h2>Project:</h2>
C:\Users\asus\Documents\STM32\projects\serial_dialog_stuffing\serial_dialog_stuffing.uvprojx
Project File Date:  05/07/2016

<h2>Output:</h2>
*** Using Compiler 'V5.06 update 1 (build 61)', folder: 'C:\Keil_v5\ARM\ARMCC\Bin'
Build target 'Target 1'
compiling usart1_irq.c...
vars.h(32): warning:  #1-D: last line of file ends without a newline
  #define CMD_COUNTER_ZERO    0xFF
vars.h(32): warning:  #1-D: last line of file ends without a newline
  #define CMD_COUNTER_ZERO    0xFF
functions.h(10): warning:  #1295-D: Deprecated declaration clear_rx_buf - give arg types
  void clear_rx_buf();
functions.h(11): warning:  #1295-D: Deprecated declaration clear_tx_buf - give arg types
  void clear_tx_buf();
functions.h(14): warning:  #1295-D: Deprecated declaration unpack_rx - give arg types
  int unpack_rx();
functions.h(15): warning:  #1295-D: Deprecated declaration pack_tx - give arg types
  int pack_tx();
functions.h(17): warning:  #1295-D: Deprecated declaration Nop - give arg types
  void Nop();
usart1_irq.c(82): warning:  #1-D: last line of file ends without a newline
  }
usart1_irq.c: 8 warnings, 0 errors
linking...
Program Size: Code=2812 RO-data=276 RW-data=52 ZI-data=1668  
FromELF: creating hex file...
".\Objects\project.axf" - 0 Error(s), 8 Warning(s).

<h2>Collection of Component include folders:</h2>
  C:\Users\asus\Documents\STM32\projects\serial_dialog_stuffing\RTE
  C:\Keil_v5\ARM\PACK\Keil\STM32L1xx_DFP\1.0.2\Device\Include

<h2>Collection of Component Files used:</h2>
Build Time Elapsed:  00:00:01
</pre>
</body>
</html>
