MPLINK 5.00, LINKER
Linker Map File - Created Mon May 30 21:23:47 2016

                                 Section Info
                  Section       Type    Address   Location Size(Bytes)
                ---------  ---------  ---------  ---------  ---------
               _entry_scn       code   0x000000    program   0x000006
           .code___init.o       code   0x000006    program   0x000002
      InterruptVectorHigh       code   0x000008    program   0x000006
           .romdata_spi.o    romdata   0x00000e    program   0x000000
           .idata_spi.o_i    romdata   0x00000e    program   0x000005
         .romdata_llmdb.o    romdata   0x00000e    program   0x000000
.romdata_binr_interrupt_handler.o    romdata   0x00000e    program   0x000000
.romdata_llmdb_interrupt_handler.o    romdata   0x00000e    program   0x000000
          .romdata_binr.o    romdata   0x00000e    program   0x000000
       .romdata_globals.o    romdata   0x00000e    program   0x000000
             .stringtable    romdata   0x00000e    program   0x000000
      .romdata_fxd3232u.o    romdata   0x00000e    program   0x000000
          .romdata_main.o    romdata   0x00000e    program   0x000000
       .romdata_fxm3232.o    romdata   0x00000e    program   0x000000
        .romdata___init.o    romdata   0x00000e    program   0x000000
         .romdata_c018i.o    romdata   0x00000e    program   0x000000
          .idata_main.o_i    romdata   0x000013    program   0x000004
      .idata_fxd3232u.o_i    romdata   0x000017    program   0x000000
       .idata_fxm3232.o_i    romdata   0x000017    program   0x000000
.idata_llmdb_interrupt_handler.o_i    romdata   0x000017    program   0x000000
        .idata___init.o_i    romdata   0x000017    program   0x000000
         .idata_llmdb.o_i    romdata   0x000017    program   0x000000
         .idata_c018i.o_i    romdata   0x000017    program   0x000000
            .code_c018i.o       code   0x000018    program   0x000000
       InterruptVectorLow       code   0x000018    program   0x000006
                   .cinit    romdata   0x00001e    program   0x00003e
            .code_llmdb.o       code   0x00005c    program   0x00153c
              .code_spi.o       code   0x001598    program   0x000ca6
             .code_main.o       code   0x00223e    program   0x000812
.code_binr_interrupt_handler.o       code   0x002a50    program   0x0002d8
             .code_binr.o       code   0x002d28    program   0x00026c
               _cinit_scn       code   0x002f94    program   0x00009e
          .code_globals.o       code   0x003032    program   0x000072
          .code_fxm3232.o       code   0x0030a4    program   0x000070
.code_llmdb_interrupt_handler.o       code   0x003114    program   0x00005e
         .code_fxd3232u.o       code   0x003172    program   0x000048
                    .code       code   0x0031ba    program   0x000038
             _startup_scn       code   0x0031f2    program   0x00001c
                   STRING       code   0x00320e    program   0x00001c
       .idata_globals.o_i    romdata   0x00322a    program   0x000041
.idata_binr_interrupt_handler.o_i    romdata   0x00326b    program   0x000006
          .idata_binr.o_i    romdata   0x003271    program   0x00002f
                    dbgP0       code   0x00fd30    program   0x0002d0
    .config_300001_main.o    romdata   0x300001    program   0x000001
    .config_300002_main.o    romdata   0x300002    program   0x000001
    .config_300003_main.o    romdata   0x300003    program   0x000001
    .config_300005_main.o    romdata   0x300005    program   0x000001
    .config_300006_main.o    romdata   0x300006    program   0x000001
    .config_300008_main.o    romdata   0x300008    program   0x000001
    .config_300009_main.o    romdata   0x300009    program   0x000001
    .config_30000a_main.o    romdata   0x30000a    program   0x000001
    .config_30000b_main.o    romdata   0x30000b    program   0x000001
    .config_30000c_main.o    romdata   0x30000c    program   0x000001
    .config_30000d_main.o    romdata   0x30000d    program   0x000001
                MATH_DATA      udata   0x000000       data   0x000010
                 .tmpdata      udata   0x000010       data   0x000010
              low_isr_tmp      udata   0x000020       data   0x000002
                    LDATA      udata   0x000100       data   0x000b4b
         .idata_globals.o      idata   0x000c4b       data   0x000041
            .idata_binr.o      idata   0x000c8c       data   0x00002f
           .udata_c018i.o      udata   0x000cbb       data   0x00000a
         .udata_globals.o      udata   0x000cc5       data   0x000006
.idata_binr_interrupt_handler.o      idata   0x000ccb       data   0x000006
             .idata_spi.o      idata   0x000cd1       data   0x000005
            .idata_main.o      idata   0x000cd6       data   0x000004
         .idata_fxm3232.o      idata   0x000cda       data   0x000000
         .udata_fxm3232.o      udata   0x000cda       data   0x000000
        .idata_fxd3232u.o      idata   0x000cda       data   0x000000
        .udata_fxd3232u.o      udata   0x000cda       data   0x000000
          .udata___init.o      udata   0x000cda       data   0x000000
          .idata___init.o      idata   0x000cda       data   0x000000
            .udata_binr.o      udata   0x000cda       data   0x000000
.idata_llmdb_interrupt_handler.o      idata   0x000cda       data   0x000000
.udata_llmdb_interrupt_handler.o      udata   0x000cda       data   0x000000
.udata_binr_interrupt_handler.o      udata   0x000cda       data   0x000000
           .idata_llmdb.o      idata   0x000cda       data   0x000000
           .udata_llmdb.o      udata   0x000cda       data   0x000000
             .udata_spi.o      udata   0x000cda       data   0x000000
            .udata_main.o      udata   0x000cda       data   0x000000
           .idata_c018i.o      idata   0x000cda       data   0x000000
                   .stack      udata   0x000d00       data   0x000100
                    dbgD0      udata   0x000ef4       data   0x00000c
            SFR_UNBANKED0      udata   0x000f67       data   0x000099



                              Program Memory Usage 
                               Start         End      
                           ---------   ---------      
                            0x000000    0x000016      
                            0x000018    0x00329f      
                            0x00fd30    0x00ffff      
                            0x300001    0x300003      
                            0x300005    0x300006      
                            0x300008    0x30000d      
            13690 out of 66584 program addresses used, program memory utilization is 20%



                              Symbols - Sorted by Name
                     Name    Address   Location    Storage File                     
                ---------  ---------  ---------  --------- ---------                
               BINR_start   0x002e42    program     extern C:\Work\MPLab_Projects\new\v12\binr.c
                 FXD3232U   0x003172    program     extern E:\3.46\pic18-lt\cxx-framework\src\traditional\math\fxd3232u.c
                  FXM3232   0x0030a4    program     extern E:\3.46\pic18-lt\cxx-framework\src\traditional\math\fxm3232.c
      InterruptVectorHigh   0x000008    program     extern C:\Work\MPLab_Projects\new\v12\llmdb_interrupt_handler.c
       InterruptVectorLow   0x000018    program     extern C:\Work\MPLab_Projects\new\v12\binr_interrupt_handler.c
              RefreshMeta   0x00188e    program     extern C:\Work\MPLab_Projects\new\v12\spi.c
                 SPI_Init   0x001598    program     extern C:\Work\MPLab_Projects\new\v12\spi.c
                 SendBinr   0x002dc8    program     extern C:\Work\MPLab_Projects\new\v12\binr.c
               SendUsart1   0x002d92    program     extern C:\Work\MPLab_Projects\new\v12\binr.c
            Send_to_LLMDB   0x00005c    program     extern C:\Work\MPLab_Projects\new\v12\llmdb.c
             SpiChipErase   0x001f8c    program     extern C:\Work\MPLab_Projects\new\v12\spi.c
           SpiCpyBufToMem   0x0015ac    program     extern C:\Work\MPLab_Projects\new\v12\spi.c
               SpiMakeFat   0x001fba    program     extern C:\Work\MPLab_Projects\new\v12\spi.c
               SpiReadMem   0x0017a6    program     extern C:\Work\MPLab_Projects\new\v12\spi.c
                SpiStatus   0x001be2    program     extern C:\Work\MPLab_Projects\new\v12\spi.c
              SpiWriteMem   0x00164a    program     extern C:\Work\MPLab_Projects\new\v12\spi.c
         SpiWriteMem_Meta   0x001722    program     extern C:\Work\MPLab_Projects\new\v12\spi.c
               Spi_FSpace   0x001924    program     extern C:\Work\MPLab_Projects\new\v12\spi.c
         Spi_Session_Size   0x001a0a    program     extern C:\Work\MPLab_Projects\new\v12\spi.c
               UploadMeta   0x00190a    program     extern C:\Work\MPLab_Projects\new\v12\spi.c
                  W_Dummy   0x0020f0    program     extern C:\Work\MPLab_Projects\new\v12\spi.c
     ___case_132_lbl00075   0x002864    program     static                          
     ___case_133_lbl00076   0x00287c    program     static                          
     ___case_136_lbl00072   0x00281c    program     static                          
     ___case_138_lbl00077   0x002894    program     static                          
     ___case_139_lbl00078   0x0028ac    program     static                          
      ___case_13_lbl00081   0x0028f4    program     static                          
      ___case_13_lbl00102   0x002a30    program     static                          
     ___case_140_lbl00079   0x0028c4    program     static                          
     ___case_144_lbl00080   0x0028dc    program     static                          
      ___case_14_lbl00084   0x00293c    program     static                          
      ___case_14_lbl00101   0x002a2a    program     static                          
      ___case_15_lbl00073   0x002834    program     static                          
      ___case_16_lbl00074   0x00284c    program     static                          
      ___case_16_lbl00100   0x002a24    program     static                          
      ___case_17_lbl00082   0x00290c    program     static                          
      ___case_17_lbl00099   0x002a1e    program     static                          
       ___case_1_lbl00066   0x00278c    program     static                          
      ___case_23_lbl00098   0x002a18    program     static                          
      ___case_25_lbl00097   0x002a12    program     static                          
       ___case_2_lbl00083   0x002924    program     static                          
       ___case_3_lbl00067   0x0027a4    program     static                          
       ___case_6_lbl00069   0x0027d4    program     static                          
       ___case_7_lbl00070   0x0027ec    program     static                          
      ___case_85_lbl00071   0x002804    program     static                          
       ___case_9_lbl00068   0x0027bc    program     static                          
      ___default_lbl00085   0x002954    program     static                          
         ___else_lbl00014   0x0023ea    program     static                          
         ___else_lbl00018   0x0002e8    program     static                          
         ___else_lbl00020   0x0002f0    program     static                          
         ___else_lbl00025   0x002494    program     static                          
         ___else_lbl00044   0x000466    program     static                          
         ___else_lbl00046   0x000474    program     static                          
         ___else_lbl00055   0x002642    program     static                          
         ___else_lbl00056   0x000606    program     static                          
         ___else_lbl00060   0x0026ca    program     static                          
         ___else_lbl00066   0x0009a4    program     static                          
         ___else_lbl00074   0x000aaa    program     static                          
         ___else_lbl00077   0x000c48    program     static                          
         ___else_lbl00107   0x0011cc    program     static                          
         ___else_lbl00109   0x00124c    program     static                          
         ___else_lbl00118   0x0012de    program     static                          
         ___else_lbl00122   0x001e10    program     static                          
         ___else_lbl00129   0x001f38    program     static                          
          ___for_lbl00001   0x00010c    program     static                          
          ___for_lbl00001   0x002278    program     static                          
          ___for_lbl00002   0x000118    program     static                          
          ___for_lbl00002   0x002282    program     static                          
          ___for_lbl00003   0x00224e    program     static                          
          ___for_lbl00003   0x0000da    program     static                          
          ___for_lbl00004   0x0022c2    program     static                          
          ___for_lbl00005   0x0022cc    program     static                          
          ___for_lbl00006   0x002286    program     static                          
          ___for_lbl00007   0x002330    program     static                          
          ___for_lbl00007   0x000212    program     static                          
          ___for_lbl00008   0x00233a    program     static                          
          ___for_lbl00008   0x00021e    program     static                          
          ___for_lbl00008   0x002e22    program     static                          
          ___for_lbl00009   0x0001e0    program     static                          
          ___for_lbl00009   0x0022d0    program     static                          
          ___for_lbl00009   0x002e2c    program     static                          
          ___for_lbl00010   0x002dd8    program     static                          
          ___for_lbl00012   0x0002b6    program     static                          
          ___for_lbl00013   0x0002ca    program     static                          
          ___for_lbl00015   0x00257a    program     static                          
          ___for_lbl00016   0x00024a    program     static                          
          ___for_lbl00016   0x002584    program     static                          
          ___for_lbl00019   0x002564    program     static                          
          ___for_lbl00020   0x002578    program     static                          
          ___for_lbl00022   0x0024c6    program     static                          
          ___for_lbl00027   0x002404    program     static                          
          ___for_lbl00030   0x0003d4    program     static                          
          ___for_lbl00031   0x0003e0    program     static                          
          ___for_lbl00032   0x00039c    program     static                          
          ___for_lbl00035   0x000432    program     static                          
          ___for_lbl00036   0x00043e    program     static                          
          ___for_lbl00039   0x0003f2    program     static                          
          ___for_lbl00050   0x00055a    program     static                          
          ___for_lbl00051   0x00056e    program     static                          
          ___for_lbl00054   0x0004c2    program     static                          
          ___for_lbl00058   0x000886    program     static                          
          ___for_lbl00059   0x00089a    program     static                          
          ___for_lbl00064   0x0006fe    program     static                          
          ___for_lbl00067   0x000a9a    program     static                          
          ___for_lbl00068   0x000aa6    program     static                          
          ___for_lbl00069   0x000a30    program     static                          
          ___for_lbl00070   0x000af6    program     static                          
          ___for_lbl00071   0x000b02    program     static                          
          ___for_lbl00072   0x000ac4    program     static                          
          ___for_lbl00078   0x000d2c    program     static                          
          ___for_lbl00079   0x000d38    program     static                          
          ___for_lbl00080   0x000cce    program     static                          
          ___for_lbl00082   0x000ec6    program     static                          
          ___for_lbl00083   0x000eda    program     static                          
          ___for_lbl00085   0x000eb0    program     static                          
          ___for_lbl00086   0x000ec4    program     static                          
          ___for_lbl00087   0x001db2    program     static                          
          ___for_lbl00088   0x001dbc    program     static                          
          ___for_lbl00088   0x000e1a    program     static                          
          ___for_lbl00089   0x001d98    program     static                          
          ___for_lbl00091   0x000d5e    program     static                          
          ___for_lbl00093   0x001070    program     static                          
          ___for_lbl00094   0x00107c    program     static                          
          ___for_lbl00095   0x001012    program     static                          
          ___for_lbl00100   0x0011be    program     static                          
          ___for_lbl00101   0x0011ca    program     static                          
          ___for_lbl00102   0x001154    program     static                          
          ___for_lbl00103   0x00123e    program     static                          
          ___for_lbl00104   0x00124a    program     static                          
          ___for_lbl00105   0x0011d4    program     static                          
          ___for_lbl00108   0x001e58    program     static                          
          ___for_lbl00109   0x001e62    program     static                          
          ___for_lbl00110   0x001e3e    program     static                          
          ___for_lbl00111   0x0012d0    program     static                          
          ___for_lbl00112   0x0012dc    program     static                          
          ___for_lbl00113   0x001276    program     static                          
          ___for_lbl00114   0x001340    program     static                          
          ___for_lbl00115   0x00134c    program     static                          
          ___for_lbl00116   0x0012e6    program     static                          
          ___for_lbl00120   0x0013a0    program     static                          
          ___for_lbl00121   0x0013ac    program     static                          
          ___for_lbl00124   0x00135e    program     static                          
          ___for_lbl00125   0x001f1e    program     static                          
          ___for_lbl00125   0x0013f6    program     static                          
          ___for_lbl00126   0x001f28    program     static                          
          ___for_lbl00126   0x001402    program     static                          
          ___for_lbl00127   0x0013c4    program     static                          
          ___for_lbl00127   0x001f04    program     static                          
           ___if_lbl00002   0x002d9e    program     static                          
           ___if_lbl00004   0x000136    program     static                          
           ___if_lbl00005   0x000156    program     static                          
           ___if_lbl00006   0x000192    program     static                          
           ___if_lbl00010   0x00021e    program     static                          
           ___if_lbl00011   0x000230    program     static                          
           ___if_lbl00013   0x0023ee    program     static                          
           ___if_lbl00015   0x0002b6    program     static                          
           ___if_lbl00017   0x0002ee    program     static                          
           ___if_lbl00018   0x002492    program     static                          
           ___if_lbl00019   0x0002fc    program     static                          
           ___if_lbl00021   0x000300    program     static                          
           ___if_lbl00021   0x002564    program     static                          
           ___if_lbl00022   0x00031a    program     static                          
           ___if_lbl00023   0x002578    program     static                          
           ___if_lbl00023   0x00031a    program     static                          
           ___if_lbl00024   0x002578    program     static                          
           ___if_lbl00024   0x00033c    program     static                          
           ___if_lbl00026   0x00257a    program     static                          
           ___if_lbl00028   0x00038a    program     static                          
           ___if_lbl00028   0x002584    program     static                          
           ___if_lbl00029   0x000394    program     static                          
           ___if_lbl00032   0x0025a0    program     static                          
           ___if_lbl00033   0x0025ae    program     static                          
           ___if_lbl00034   0x0025bc    program     static                          
           ___if_lbl00035   0x0025ca    program     static                          
           ___if_lbl00036   0x0025d8    program     static                          
           ___if_lbl00037   0x0025e6    program     static                          
           ___if_lbl00042   0x00045a    program     static                          
           ___if_lbl00043   0x000468    program     static                          
           ___if_lbl00045   0x000476    program     static                          
           ___if_lbl00047   0x00047c    program     static                          
           ___if_lbl00048   0x000490    program     static                          
           ___if_lbl00049   0x0004a4    program     static                          
           ___if_lbl00053   0x00055a    program     static                          
           ___if_lbl00054   0x00268c    program     static                          
           ___if_lbl00055   0x00061e    program     static                          
           ___if_lbl00056   0x0026a8    program     static                          
           ___if_lbl00057   0x000626    program     static                          
           ___if_lbl00057   0x0026a8    program     static                          
           ___if_lbl00059   0x0026d8    program     static                          
           ___if_lbl00061   0x0026d8    program     static                          
           ___if_lbl00062   0x000884    program     static                          
           ___if_lbl00062   0x0026f6    program     static                          
           ___if_lbl00063   0x000886    program     static                          
           ___if_lbl00065   0x0009be    program     static                          
           ___if_lbl00073   0x000b02    program     static                          
           ___if_lbl00075   0x000b0a    program     static                          
           ___if_lbl00076   0x000c5e    program     static                          
           ___if_lbl00081   0x000d38    program     static                          
           ___if_lbl00086   0x00296e    program     static                          
           ___if_lbl00087   0x00296e    program     static                          
           ___if_lbl00087   0x000eb0    program     static                          
           ___if_lbl00089   0x0029a8    program     static                          
           ___if_lbl00089   0x000ec4    program     static                          
           ___if_lbl00090   0x000ec6    program     static                          
           ___if_lbl00090   0x0029b2    program     static                          
           ___if_lbl00091   0x0029b2    program     static                          
           ___if_lbl00092   0x0029b2    program     static                          
           ___if_lbl00092   0x000f64    program     static                          
           ___if_lbl00093   0x0029b2    program     static                          
           ___if_lbl00094   0x0029c6    program     static                          
           ___if_lbl00095   0x0029ee    program     static                          
           ___if_lbl00096   0x001080    program     static                          
           ___if_lbl00097   0x001094    program     static                          
           ___if_lbl00098   0x0010a8    program     static                          
           ___if_lbl00103   0x002a3a    program     static                          
           ___if_lbl00106   0x00124a    program     static                          
           ___if_lbl00108   0x001254    program     static                          
           ___if_lbl00110   0x001258    program     static                          
           ___if_lbl00117   0x00134c    program     static                          
           ___if_lbl00119   0x001350    program     static                          
           ___if_lbl00121   0x001eb4    program     static                          
           ___if_lbl00128   0x001f3e    program     static                          
       ___return_lbl00000   0x001402    program     static                          
       ___return_lbl00000   0x003112    program     static                          
       ___return_lbl00000   0x002a3c    program     static                          
       ___return_lbl00000   0x0031b8    program     static                          
       ___return_lbl00000   0x000004    program     static                          
       ___return_lbl00001   0x002dc0    program     static                          
       ___return_lbl00001   0x00320c    program     static                          
       ___return_lbl00002   0x003030    program     static                          
       ___return_lbl00004   0x00000c    program     static                          
       ___return_lbl00007   0x002e2e    program     static                          
       ___return_lbl00061   0x00001c    program     static                          
       ___return_lbl00062   0x001bce    program     static                          
       ___return_lbl00078   0x001f5a    program     static                          
   ___switchexit_lbl00065   0x002962    program     static                          
   ___switchexit_lbl00096   0x002a36    program     static                          
        ___while_lbl00003   0x002d9e    program     static                          
        ___while_lbl00004   0x002da2    program     static                          
        ___while_lbl00005   0x002dbc    program     static                          
        ___while_lbl00006   0x002dc0    program     static                          
        ___while_lbl00029   0x002590    program     static                          
        ___while_lbl00030   0x002a3c    program     static                          
        ___while_lbl00033   0x0003e6    program     static                          
        ___while_lbl00034   0x0003ea    program     static                          
        ___while_lbl00037   0x000410    program     static                          
        ___while_lbl00038   0x0025fc    program     static                          
        ___while_lbl00038   0x000414    program     static                          
        ___while_lbl00039   0x002600    program     static                          
        ___while_lbl00040   0x002618    program     static                          
        ___while_lbl00041   0x00261c    program     static                          
        ___while_lbl00042   0x002634    program     static                          
        ___while_lbl00043   0x002638    program     static                          
        ___while_lbl00044   0x00263a    program     static                          
        ___while_lbl00045   0x00263e    program     static                          
        ___while_lbl00046   0x002648    program     static                          
        ___while_lbl00047   0x00264c    program     static                          
        ___while_lbl00048   0x002664    program     static                          
        ___while_lbl00049   0x002668    program     static                          
        ___while_lbl00050   0x002680    program     static                          
        ___while_lbl00051   0x002684    program     static                          
        ___while_lbl00052   0x002686    program     static                          
        ___while_lbl00053   0x00268a    program     static                          
        ___while_lbl00079   0x001d70    program     static                          
        ___while_lbl00080   0x001d74    program     static                          
        ___while_lbl00081   0x001d76    program     static                          
        ___while_lbl00082   0x001d7a    program     static                          
        ___while_lbl00083   0x001d84    program     static                          
        ___while_lbl00084   0x001d88    program     static                          
        ___while_lbl00085   0x001d8c    program     static                          
        ___while_lbl00086   0x001d90    program     static                          
        ___while_lbl00090   0x001dbc    program     static                          
        ___while_lbl00091   0x001dc0    program     static                          
        ___while_lbl00092   0x001dca    program     static                          
        ___while_lbl00093   0x001dce    program     static                          
        ___while_lbl00094   0x001de6    program     static                          
        ___while_lbl00095   0x001dea    program     static                          
        ___while_lbl00096   0x001e02    program     static                          
        ___while_lbl00097   0x001e06    program     static                          
        ___while_lbl00098   0x001e08    program     static                          
        ___while_lbl00099   0x001e0c    program     static                          
        ___while_lbl00100   0x001e16    program     static                          
        ___while_lbl00101   0x001e1a    program     static                          
        ___while_lbl00102   0x001e1c    program     static                          
        ___while_lbl00103   0x001e20    program     static                          
        ___while_lbl00104   0x001e2a    program     static                          
        ___while_lbl00105   0x001e2e    program     static                          
        ___while_lbl00106   0x001e32    program     static                          
        ___while_lbl00107   0x001e36    program     static                          
        ___while_lbl00111   0x001e62    program     static                          
        ___while_lbl00112   0x001e66    program     static                          
        ___while_lbl00113   0x001e70    program     static                          
        ___while_lbl00114   0x001e74    program     static                          
        ___while_lbl00115   0x001e8c    program     static                          
        ___while_lbl00116   0x001e90    program     static                          
        ___while_lbl00117   0x001ea8    program     static                          
        ___while_lbl00118   0x001eac    program     static                          
        ___while_lbl00119   0x001eae    program     static                          
        ___while_lbl00120   0x001eb2    program     static                          
        ___while_lbl00122   0x00139c    program     static                          
        ___while_lbl00123   0x0013a0    program     static                          
        ___while_lbl00123   0x001eb4    program     static                          
        ___while_lbl00124   0x001ebc    program     static                          
               __config_0   0x300001    program     static C:\Work\MPLab_Projects\new\v12\main.c
               __config_1   0x300002    program     static C:\Work\MPLab_Projects\new\v12\main.c
              __config_10   0x30000d    program     static C:\Work\MPLab_Projects\new\v12\main.c
               __config_2   0x300003    program     static C:\Work\MPLab_Projects\new\v12\main.c
               __config_3   0x300005    program     static C:\Work\MPLab_Projects\new\v12\main.c
               __config_4   0x300006    program     static C:\Work\MPLab_Projects\new\v12\main.c
               __config_5   0x300008    program     static C:\Work\MPLab_Projects\new\v12\main.c
               __config_6   0x300009    program     static C:\Work\MPLab_Projects\new\v12\main.c
               __config_7   0x30000a    program     static C:\Work\MPLab_Projects\new\v12\main.c
               __config_8   0x30000b    program     static C:\Work\MPLab_Projects\new\v12\main.c
               __config_9   0x30000c    program     static C:\Work\MPLab_Projects\new\v12\main.c
                   __init   0x000006    program     extern E:\3.46\pic18-lt\cxx-framework\src\traditional\stdclib\__init.c
               __tmplbl_0   0x0023e2    program     static                          
               __tmplbl_0   0x0002aa    program     static                          
               __tmplbl_1   0x0023d8    program     static                          
               __tmplbl_1   0x000282    program     static                          
              __tmplbl_10   0x002726    program     static                          
              __tmplbl_10   0x0004fa    program     static                          
              __tmplbl_11   0x00271e    program     static                          
              __tmplbl_11   0x001aa6    program     static                          
              __tmplbl_11   0x000766    program     static                          
              __tmplbl_12   0x00073c    program     static                          
              __tmplbl_12   0x001b1e    program     static                          
              __tmplbl_12   0x002716    program     static                          
              __tmplbl_13   0x002990    program     static                          
              __tmplbl_13   0x000814    program     static                          
              __tmplbl_14   0x002988    program     static                          
              __tmplbl_14   0x0007f6    program     static                          
              __tmplbl_15   0x0007f4    program     static                          
              __tmplbl_15   0x00270c    program     static                          
              __tmplbl_16   0x000812    program     static                          
              __tmplbl_17   0x0008c6    program     static                          
              __tmplbl_18   0x000be0    program     static                          
              __tmplbl_19   0x000dbc    program     static                          
               __tmplbl_2   0x0023ce    program     static                          
               __tmplbl_2   0x000386    program     static                          
               __tmplbl_2   0x002df8    program     static                          
              __tmplbl_20   0x000d96    program     static                          
              __tmplbl_21   0x001106    program     static                          
              __tmplbl_22   0x0010ee    program     static                          
              __tmplbl_23   0x001378    program     static                          
               __tmplbl_3   0x0023c4    program     static                          
               __tmplbl_3   0x00037c    program     static                          
               __tmplbl_4   0x002452    program     static                          
               __tmplbl_4   0x000372    program     static                          
               __tmplbl_5   0x002434    program     static                          
               __tmplbl_5   0x000368    program     static                          
               __tmplbl_6   0x000456    program     static                          
               __tmplbl_6   0x00259c    program     static                          
               __tmplbl_7   0x000450    program     static                          
               __tmplbl_7   0x002596    program     static                          
               __tmplbl_8   0x0026b4    program     static                          
               __tmplbl_8   0x000448    program     static                          
               __tmplbl_9   0x000522    program     static                          
               __tmplbl_9   0x0026ae    program     static                          
            __zero_memory   0x0031ba    program     extern E:\3.46\pic18-lt\cxx-framework\src\traditional\proc\p18f6621.asm
                _do_cinit   0x002f94    program     extern E:\3.46\pic18-lt\cxx-framework\src\traditional\startup\c018i.c
                   _entry   0x000000    program     extern E:\3.46\pic18-lt\cxx-framework\src\traditional\startup\c018i.c
                   _false   0x0031b4    program     static                          
                 _startup   0x0031f2    program     extern E:\3.46\pic18-lt\cxx-framework\src\traditional\startup\c018i.c
              checkCRC_rq   0x001424    program     extern C:\Work\MPLab_Projects\new\v12\llmdb.c
           clearBuffer_rq   0x001416    program     extern C:\Work\MPLab_Projects\new\v12\llmdb.c
                compare_l   0x0031e8    program     static E:\3.46\pic18-lt\cxx-framework\src\traditional\proc\p18f6621.asm
                copy_loop   0x003006    program     static                          
            copy_one_byte   0x00300c    program     static                          
        countSPIBeginVars   0x00215c    program     extern C:\Work\MPLab_Projects\new\v12\spi.c
                    delay   0x003032    program     extern C:\Work\MPLab_Projects\new\v12\globals.c
                     done   0x003030    program     static                          
             done_copying   0x00301a    program     static                          
             getOddParity   0x002d28    program     extern C:\Work\MPLab_Projects\new\v12\binr.c
                 high_isr   0x003114    program     extern C:\Work\MPLab_Projects\new\v12\llmdb_interrupt_handler.c
                     jEnd   0x003228    program     static E:\3.46\pic18-lt\cxx-framework\src\traditional\stdclib\strlen.asm
                    jLoop   0x00321e    program     static E:\3.46\pic18-lt\cxx-framework\src\traditional\stdclib\strlen.asm
                     loop   0x003202    program     static                          
                     loop   0x003180    program     static                          
                   loop_h   0x0031e0    program     static E:\3.46\pic18-lt\cxx-framework\src\traditional\proc\p18f6621.asm
                   loop_l   0x0031ea    program     static E:\3.46\pic18-lt\cxx-framework\src\traditional\proc\p18f6621.asm
                  low_isr   0x002a50    program     extern C:\Work\MPLab_Projects\new\v12\binr_interrupt_handler.c
                     main   0x00223e    program     extern C:\Work\MPLab_Projects\new\v12\main.c
              makeCRC_ans   0x0014e2    program     extern C:\Work\MPLab_Projects\new\v12\llmdb.c
              restart_spi   0x001f6e    program     extern C:\Work\MPLab_Projects\new\v12\spi.c
                start_spi   0x001c26    program     extern C:\Work\MPLab_Projects\new\v12\spi.c
                 stop_spi   0x001d48    program     extern C:\Work\MPLab_Projects\new\v12\spi.c
                   strlen   0x00320e    program     extern E:\3.46\pic18-lt\cxx-framework\src\traditional\stdclib\strlen.asm
                     test   0x002fae    program     static                          
               zero_block   0x0031e0    program     static E:\3.46\pic18-lt\cxx-framework\src\traditional\proc\p18f6621.asm
                   ADCON0   0x000fc2       data     extern E:\3.46\pic18-lt\cxx-framework\src\traditional\proc\p18f6621.asm
               ADCON0bits   0x000fc2       data     extern E:\3.46\pic18-lt\cxx-framework\src\traditional\proc\p18f6621.asm
                   ADCON1   0x000fc1       data     extern E:\3.46\pic18-lt\cxx-framework\src\traditional\proc\p18f6621.asm
               ADCON1bits   0x000fc1       data     extern E:\3.46\pic18-lt\cxx-framework\src\traditional\proc\p18f6621.asm
                   ADCON2   0x000fc0       data     extern E:\3.46\pic18-lt\cxx-framework\src\traditional\proc\p18f6621.asm
               ADCON2bits   0x000fc0       data     extern E:\3.46\pic18-lt\cxx-framework\src\traditional\proc\p18f6621.asm
                    ADRES   0x000fc3       data     extern E:\3.46\pic18-lt\cxx-framework\src\traditional\proc\p18f6621.asm
                   ADRESH   0x000fc4       data     extern E:\3.46\pic18-lt\cxx-framework\src\traditional\proc\p18f6621.asm
                   ADRESL   0x000fc3       data     extern E:\3.46\pic18-lt\cxx-framework\src\traditional\proc\p18f6621.asm
                  BAUDCON   0x000f7e       data     extern E:\3.46\pic18-lt\cxx-framework\src\traditional\proc\p18f6621.asm
                 BAUDCON1   0x000f7e       data     extern E:\3.46\pic18-lt\cxx-framework\src\traditional\proc\p18f6621.asm
             BAUDCON1bits   0x000f7e       data     extern E:\3.46\pic18-lt\cxx-framework\src\traditional\proc\p18f6621.asm
                 BAUDCON2   0x000f7c       data     extern E:\3.46\pic18-lt\cxx-framework\src\traditional\proc\p18f6621.asm
             BAUDCON2bits   0x000f7c       data     extern E:\3.46\pic18-lt\cxx-framework\src\traditional\proc\p18f6621.asm
              BAUDCONbits   0x000f7e       data     extern E:\3.46\pic18-lt\cxx-framework\src\traditional\proc\p18f6621.asm
                 BAUDCTL1   0x000f7e       data     extern E:\3.46\pic18-lt\cxx-framework\src\traditional\proc\p18f6621.asm
             BAUDCTL1bits   0x000f7e       data     extern E:\3.46\pic18-lt\cxx-framework\src\traditional\proc\p18f6621.asm
                 BAUDCTL2   0x000f7c       data     extern E:\3.46\pic18-lt\cxx-framework\src\traditional\proc\p18f6621.asm
             BAUDCTL2bits   0x000f7c       data     extern E:\3.46\pic18-lt\cxx-framework\src\traditional\proc\p18f6621.asm
              BINR_answer   0x000c78       data     extern C:\Work\MPLab_Projects\new\v12\globals.c
               BINR_bytes   0x000ccd       data     extern C:\Work\MPLab_Projects\new\v12\binr_interrupt_handler.c
              BINR_cmd_60   0x000c95       data     extern C:\Work\MPLab_Projects\new\v12\binr.c
              BINR_cmd_70   0x000c9a       data     extern C:\Work\MPLab_Projects\new\v12\binr.c
              BINR_cmd_a0   0x000cab       data     extern C:\Work\MPLab_Projects\new\v12\binr.c
              BINR_cmd_d5   0x000cb1       data     extern C:\Work\MPLab_Projects\new\v12\binr.c
             BINR_cmd_d71   0x000c9e       data     extern C:\Work\MPLab_Projects\new\v12\binr.c
             BINR_cmd_d72   0x000ca4       data     extern C:\Work\MPLab_Projects\new\v12\binr.c
              BINR_cmd_f4   0x000cb6       data     extern C:\Work\MPLab_Projects\new\v12\binr.c
          BINR_cmd_f4_str   0x000cd1       data     extern C:\Work\MPLab_Projects\new\v12\spi.c
           BINR_cmd_inUse   0x000c67       data     extern C:\Work\MPLab_Projects\new\v12\globals.c
                BINR_prev   0x000ccc       data     extern C:\Work\MPLab_Projects\new\v12\binr_interrupt_handler.c
            BINR_rq_state   0x000c8c       data     extern C:\Work\MPLab_Projects\new\v12\binr.c
          BINR_start_flag   0x000c65       data     extern C:\Work\MPLab_Projects\new\v12\globals.c
             BINR_state_1   0x00015f       data     extern C:\Work\MPLab_Projects\new\v12\globals.c
             BINR_state_2   0x0001a7       data     extern C:\Work\MPLab_Projects\new\v12\globals.c
                BINR_stop   0x000c91       data     extern C:\Work\MPLab_Projects\new\v12\binr.c
           BINR_stop_flag   0x000c64       data     extern C:\Work\MPLab_Projects\new\v12\globals.c
            BINR_stop_str   0x000cd6       data     extern C:\Work\MPLab_Projects\new\v12\main.c
                      BSR   0x000fe0       data     extern E:\3.46\pic18-lt\cxx-framework\src\traditional\proc\p18f6621.asm
                  CCP1CON   0x000fbd       data     extern E:\3.46\pic18-lt\cxx-framework\src\traditional\proc\p18f6621.asm
              CCP1CONbits   0x000fbd       data     extern E:\3.46\pic18-lt\cxx-framework\src\traditional\proc\p18f6621.asm
                  CCP2CON   0x000fba       data     extern E:\3.46\pic18-lt\cxx-framework\src\traditional\proc\p18f6621.asm
              CCP2CONbits   0x000fba       data     extern E:\3.46\pic18-lt\cxx-framework\src\traditional\proc\p18f6621.asm
                  CCP3CON   0x000fb7       data     extern E:\3.46\pic18-lt\cxx-framework\src\traditional\proc\p18f6621.asm
              CCP3CONbits   0x000fb7       data     extern E:\3.46\pic18-lt\cxx-framework\src\traditional\proc\p18f6621.asm
                  CCP4CON   0x000f73       data     extern E:\3.46\pic18-lt\cxx-framework\src\traditional\proc\p18f6621.asm
              CCP4CONbits   0x000f73       data     extern E:\3.46\pic18-lt\cxx-framework\src\traditional\proc\p18f6621.asm
                  CCP5CON   0x000f70       data     extern E:\3.46\pic18-lt\cxx-framework\src\traditional\proc\p18f6621.asm
              CCP5CONbits   0x000f70       data     extern E:\3.46\pic18-lt\cxx-framework\src\traditional\proc\p18f6621.asm
                    CCPR1   0x000fbe       data     extern E:\3.46\pic18-lt\cxx-framework\src\traditional\proc\p18f6621.asm
                   CCPR1H   0x000fbf       data     extern E:\3.46\pic18-lt\cxx-framework\src\traditional\proc\p18f6621.asm
                   CCPR1L   0x000fbe       data     extern E:\3.46\pic18-lt\cxx-framework\src\traditional\proc\p18f6621.asm
                    CCPR2   0x000fbb       data     extern E:\3.46\pic18-lt\cxx-framework\src\traditional\proc\p18f6621.asm
                   CCPR2H   0x000fbc       data     extern E:\3.46\pic18-lt\cxx-framework\src\traditional\proc\p18f6621.asm
                   CCPR2L   0x000fbb       data     extern E:\3.46\pic18-lt\cxx-framework\src\traditional\proc\p18f6621.asm
                    CCPR3   0x000fb8       data     extern E:\3.46\pic18-lt\cxx-framework\src\traditional\proc\p18f6621.asm
                   CCPR3H   0x000fb9       data     extern E:\3.46\pic18-lt\cxx-framework\src\traditional\proc\p18f6621.asm
                   CCPR3L   0x000fb8       data     extern E:\3.46\pic18-lt\cxx-framework\src\traditional\proc\p18f6621.asm
                    CCPR4   0x000f74       data     extern E:\3.46\pic18-lt\cxx-framework\src\traditional\proc\p18f6621.asm
                   CCPR4H   0x000f75       data     extern E:\3.46\pic18-lt\cxx-framework\src\traditional\proc\p18f6621.asm
                   CCPR4L   0x000f74       data     extern E:\3.46\pic18-lt\cxx-framework\src\traditional\proc\p18f6621.asm
                    CCPR5   0x000f71       data     extern E:\3.46\pic18-lt\cxx-framework\src\traditional\proc\p18f6621.asm
                   CCPR5H   0x000f72       data     extern E:\3.46\pic18-lt\cxx-framework\src\traditional\proc\p18f6621.asm
                   CCPR5L   0x000f71       data     extern E:\3.46\pic18-lt\cxx-framework\src\traditional\proc\p18f6621.asm
                    CMCON   0x000fb4       data     extern E:\3.46\pic18-lt\cxx-framework\src\traditional\proc\p18f6621.asm
                CMCONbits   0x000fb4       data     extern E:\3.46\pic18-lt\cxx-framework\src\traditional\proc\p18f6621.asm
                   CVRCON   0x000fb5       data     extern E:\3.46\pic18-lt\cxx-framework\src\traditional\proc\p18f6621.asm
               CVRCONbits   0x000fb5       data     extern E:\3.46\pic18-lt\cxx-framework\src\traditional\proc\p18f6621.asm
                     DDRA   0x000f92       data     extern E:\3.46\pic18-lt\cxx-framework\src\traditional\proc\p18f6621.asm
                 DDRAbits   0x000f92       data     extern E:\3.46\pic18-lt\cxx-framework\src\traditional\proc\p18f6621.asm
                     DDRB   0x000f93       data     extern E:\3.46\pic18-lt\cxx-framework\src\traditional\proc\p18f6621.asm
                 DDRBbits   0x000f93       data     extern E:\3.46\pic18-lt\cxx-framework\src\traditional\proc\p18f6621.asm
                     DDRC   0x000f94       data     extern E:\3.46\pic18-lt\cxx-framework\src\traditional\proc\p18f6621.asm
                 DDRCbits   0x000f94       data     extern E:\3.46\pic18-lt\cxx-framework\src\traditional\proc\p18f6621.asm
                     DDRD   0x000f95       data     extern E:\3.46\pic18-lt\cxx-framework\src\traditional\proc\p18f6621.asm
                 DDRDbits   0x000f95       data     extern E:\3.46\pic18-lt\cxx-framework\src\traditional\proc\p18f6621.asm
                     DDRE   0x000f96       data     extern E:\3.46\pic18-lt\cxx-framework\src\traditional\proc\p18f6621.asm
                 DDREbits   0x000f96       data     extern E:\3.46\pic18-lt\cxx-framework\src\traditional\proc\p18f6621.asm
                     DDRF   0x000f97       data     extern E:\3.46\pic18-lt\cxx-framework\src\traditional\proc\p18f6621.asm
                 DDRFbits   0x000f97       data     extern E:\3.46\pic18-lt\cxx-framework\src\traditional\proc\p18f6621.asm
                     DDRG   0x000f98       data     extern E:\3.46\pic18-lt\cxx-framework\src\traditional\proc\p18f6621.asm
                 DDRGbits   0x000f98       data     extern E:\3.46\pic18-lt\cxx-framework\src\traditional\proc\p18f6621.asm
                  ECCP1AS   0x000fb6       data     extern E:\3.46\pic18-lt\cxx-framework\src\traditional\proc\p18f6621.asm
              ECCP1ASbits   0x000fb6       data     extern E:\3.46\pic18-lt\cxx-framework\src\traditional\proc\p18f6621.asm
                 ECCP1DEL   0x000f79       data     extern E:\3.46\pic18-lt\cxx-framework\src\traditional\proc\p18f6621.asm
             ECCP1DELbits   0x000f79       data     extern E:\3.46\pic18-lt\cxx-framework\src\traditional\proc\p18f6621.asm
                  ECCP2AS   0x000f68       data     extern E:\3.46\pic18-lt\cxx-framework\src\traditional\proc\p18f6621.asm
              ECCP2ASbits   0x000f68       data     extern E:\3.46\pic18-lt\cxx-framework\src\traditional\proc\p18f6621.asm
                 ECCP2DEL   0x000f67       data     extern E:\3.46\pic18-lt\cxx-framework\src\traditional\proc\p18f6621.asm
             ECCP2DELbits   0x000f67       data     extern E:\3.46\pic18-lt\cxx-framework\src\traditional\proc\p18f6621.asm
                  ECCP3AS   0x000f6a       data     extern E:\3.46\pic18-lt\cxx-framework\src\traditional\proc\p18f6621.asm
              ECCP3ASbits   0x000f6a       data     extern E:\3.46\pic18-lt\cxx-framework\src\traditional\proc\p18f6621.asm
                 ECCP3DEL   0x000f69       data     extern E:\3.46\pic18-lt\cxx-framework\src\traditional\proc\p18f6621.asm
             ECCP3DELbits   0x000f69       data     extern E:\3.46\pic18-lt\cxx-framework\src\traditional\proc\p18f6621.asm
                    EEADR   0x000fa9       data     extern E:\3.46\pic18-lt\cxx-framework\src\traditional\proc\p18f6621.asm
                   EEADRH   0x000faa       data     extern E:\3.46\pic18-lt\cxx-framework\src\traditional\proc\p18f6621.asm
                   EECON1   0x000fa6       data     extern E:\3.46\pic18-lt\cxx-framework\src\traditional\proc\p18f6621.asm
               EECON1bits   0x000fa6       data     extern E:\3.46\pic18-lt\cxx-framework\src\traditional\proc\p18f6621.asm
                   EECON2   0x000fa7       data     extern E:\3.46\pic18-lt\cxx-framework\src\traditional\proc\p18f6621.asm
                   EEDATA   0x000fa8       data     extern E:\3.46\pic18-lt\cxx-framework\src\traditional\proc\p18f6621.asm
                     FSR0   0x000fe9       data     extern E:\3.46\pic18-lt\cxx-framework\src\traditional\proc\p18f6621.asm
                    FSR0H   0x000fea       data     extern E:\3.46\pic18-lt\cxx-framework\src\traditional\proc\p18f6621.asm
                    FSR0L   0x000fe9       data     extern E:\3.46\pic18-lt\cxx-framework\src\traditional\proc\p18f6621.asm
                     FSR1   0x000fe1       data     extern E:\3.46\pic18-lt\cxx-framework\src\traditional\proc\p18f6621.asm
                    FSR1H   0x000fe2       data     extern E:\3.46\pic18-lt\cxx-framework\src\traditional\proc\p18f6621.asm
                    FSR1L   0x000fe1       data     extern E:\3.46\pic18-lt\cxx-framework\src\traditional\proc\p18f6621.asm
                     FSR2   0x000fd9       data     extern E:\3.46\pic18-lt\cxx-framework\src\traditional\proc\p18f6621.asm
                    FSR2H   0x000fda       data     extern E:\3.46\pic18-lt\cxx-framework\src\traditional\proc\p18f6621.asm
                    FSR2L   0x000fd9       data     extern E:\3.46\pic18-lt\cxx-framework\src\traditional\proc\p18f6621.asm
                       ID   0x000c4c       data     extern C:\Work\MPLab_Projects\new\v12\globals.c
                    INDF0   0x000fef       data     extern E:\3.46\pic18-lt\cxx-framework\src\traditional\proc\p18f6621.asm
                    INDF1   0x000fe7       data     extern E:\3.46\pic18-lt\cxx-framework\src\traditional\proc\p18f6621.asm
                    INDF2   0x000fdf       data     extern E:\3.46\pic18-lt\cxx-framework\src\traditional\proc\p18f6621.asm
                   INTCON   0x000ff2       data     extern E:\3.46\pic18-lt\cxx-framework\src\traditional\proc\p18f6621.asm
                  INTCON2   0x000ff1       data     extern E:\3.46\pic18-lt\cxx-framework\src\traditional\proc\p18f6621.asm
              INTCON2bits   0x000ff1       data     extern E:\3.46\pic18-lt\cxx-framework\src\traditional\proc\p18f6621.asm
                  INTCON3   0x000ff0       data     extern E:\3.46\pic18-lt\cxx-framework\src\traditional\proc\p18f6621.asm
              INTCON3bits   0x000ff0       data     extern E:\3.46\pic18-lt\cxx-framework\src\traditional\proc\p18f6621.asm
               INTCONbits   0x000ff2       data     extern E:\3.46\pic18-lt\cxx-framework\src\traditional\proc\p18f6621.asm
                     IPR1   0x000f9f       data     extern E:\3.46\pic18-lt\cxx-framework\src\traditional\proc\p18f6621.asm
                 IPR1bits   0x000f9f       data     extern E:\3.46\pic18-lt\cxx-framework\src\traditional\proc\p18f6621.asm
                     IPR2   0x000fa2       data     extern E:\3.46\pic18-lt\cxx-framework\src\traditional\proc\p18f6621.asm
                 IPR2bits   0x000fa2       data     extern E:\3.46\pic18-lt\cxx-framework\src\traditional\proc\p18f6621.asm
                     IPR3   0x000fa5       data     extern E:\3.46\pic18-lt\cxx-framework\src\traditional\proc\p18f6621.asm
                 IPR3bits   0x000fa5       data     extern E:\3.46\pic18-lt\cxx-framework\src\traditional\proc\p18f6621.asm
                     LATA   0x000f89       data     extern E:\3.46\pic18-lt\cxx-framework\src\traditional\proc\p18f6621.asm
                 LATAbits   0x000f89       data     extern E:\3.46\pic18-lt\cxx-framework\src\traditional\proc\p18f6621.asm
                     LATB   0x000f8a       data     extern E:\3.46\pic18-lt\cxx-framework\src\traditional\proc\p18f6621.asm
                 LATBbits   0x000f8a       data     extern E:\3.46\pic18-lt\cxx-framework\src\traditional\proc\p18f6621.asm
                     LATC   0x000f8b       data     extern E:\3.46\pic18-lt\cxx-framework\src\traditional\proc\p18f6621.asm
                 LATCbits   0x000f8b       data     extern E:\3.46\pic18-lt\cxx-framework\src\traditional\proc\p18f6621.asm
                     LATD   0x000f8c       data     extern E:\3.46\pic18-lt\cxx-framework\src\traditional\proc\p18f6621.asm
                 LATDbits   0x000f8c       data     extern E:\3.46\pic18-lt\cxx-framework\src\traditional\proc\p18f6621.asm
                     LATE   0x000f8d       data     extern E:\3.46\pic18-lt\cxx-framework\src\traditional\proc\p18f6621.asm
                 LATEbits   0x000f8d       data     extern E:\3.46\pic18-lt\cxx-framework\src\traditional\proc\p18f6621.asm
                     LATF   0x000f8e       data     extern E:\3.46\pic18-lt\cxx-framework\src\traditional\proc\p18f6621.asm
                 LATFbits   0x000f8e       data     extern E:\3.46\pic18-lt\cxx-framework\src\traditional\proc\p18f6621.asm
                     LATG   0x000f8f       data     extern E:\3.46\pic18-lt\cxx-framework\src\traditional\proc\p18f6621.asm
                 LATGbits   0x000f8f       data     extern E:\3.46\pic18-lt\cxx-framework\src\traditional\proc\p18f6621.asm
               LLMDB_ADDR   0x000c4b       data     extern C:\Work\MPLab_Projects\new\v12\globals.c
                   LVDCON   0x000fd2       data     extern E:\3.46\pic18-lt\cxx-framework\src\traditional\proc\p18f6621.asm
               LVDCONbits   0x000fd2       data     extern E:\3.46\pic18-lt\cxx-framework\src\traditional\proc\p18f6621.asm
                   OSCCON   0x000fd3       data     extern E:\3.46\pic18-lt\cxx-framework\src\traditional\proc\p18f6621.asm
               OSCCONbits   0x000fd3       data     extern E:\3.46\pic18-lt\cxx-framework\src\traditional\proc\p18f6621.asm
                       PC   0x000ff9       data     extern E:\3.46\pic18-lt\cxx-framework\src\traditional\proc\p18f6621.asm
                      PCL   0x000ff9       data     extern E:\3.46\pic18-lt\cxx-framework\src\traditional\proc\p18f6621.asm
                   PCLATH   0x000ffa       data     extern E:\3.46\pic18-lt\cxx-framework\src\traditional\proc\p18f6621.asm
                   PCLATU   0x000ffb       data     extern E:\3.46\pic18-lt\cxx-framework\src\traditional\proc\p18f6621.asm
                     PIE1   0x000f9d       data     extern E:\3.46\pic18-lt\cxx-framework\src\traditional\proc\p18f6621.asm
                 PIE1bits   0x000f9d       data     extern E:\3.46\pic18-lt\cxx-framework\src\traditional\proc\p18f6621.asm
                     PIE2   0x000fa0       data     extern E:\3.46\pic18-lt\cxx-framework\src\traditional\proc\p18f6621.asm
                 PIE2bits   0x000fa0       data     extern E:\3.46\pic18-lt\cxx-framework\src\traditional\proc\p18f6621.asm
                     PIE3   0x000fa3       data     extern E:\3.46\pic18-lt\cxx-framework\src\traditional\proc\p18f6621.asm
                 PIE3bits   0x000fa3       data     extern E:\3.46\pic18-lt\cxx-framework\src\traditional\proc\p18f6621.asm
                     PIR1   0x000f9e       data     extern E:\3.46\pic18-lt\cxx-framework\src\traditional\proc\p18f6621.asm
                 PIR1bits   0x000f9e       data     extern E:\3.46\pic18-lt\cxx-framework\src\traditional\proc\p18f6621.asm
                     PIR2   0x000fa1       data     extern E:\3.46\pic18-lt\cxx-framework\src\traditional\proc\p18f6621.asm
                 PIR2bits   0x000fa1       data     extern E:\3.46\pic18-lt\cxx-framework\src\traditional\proc\p18f6621.asm
                     PIR3   0x000fa4       data     extern E:\3.46\pic18-lt\cxx-framework\src\traditional\proc\p18f6621.asm
                 PIR3bits   0x000fa4       data     extern E:\3.46\pic18-lt\cxx-framework\src\traditional\proc\p18f6621.asm
                   PLUSW0   0x000feb       data     extern E:\3.46\pic18-lt\cxx-framework\src\traditional\proc\p18f6621.asm
                   PLUSW1   0x000fe3       data     extern E:\3.46\pic18-lt\cxx-framework\src\traditional\proc\p18f6621.asm
                   PLUSW2   0x000fdb       data     extern E:\3.46\pic18-lt\cxx-framework\src\traditional\proc\p18f6621.asm
                    PORTA   0x000f80       data     extern E:\3.46\pic18-lt\cxx-framework\src\traditional\proc\p18f6621.asm
                PORTAbits   0x000f80       data     extern E:\3.46\pic18-lt\cxx-framework\src\traditional\proc\p18f6621.asm
                    PORTB   0x000f81       data     extern E:\3.46\pic18-lt\cxx-framework\src\traditional\proc\p18f6621.asm
                PORTBbits   0x000f81       data     extern E:\3.46\pic18-lt\cxx-framework\src\traditional\proc\p18f6621.asm
                    PORTC   0x000f82       data     extern E:\3.46\pic18-lt\cxx-framework\src\traditional\proc\p18f6621.asm
                PORTCbits   0x000f82       data     extern E:\3.46\pic18-lt\cxx-framework\src\traditional\proc\p18f6621.asm
                    PORTD   0x000f83       data     extern E:\3.46\pic18-lt\cxx-framework\src\traditional\proc\p18f6621.asm
                PORTDbits   0x000f83       data     extern E:\3.46\pic18-lt\cxx-framework\src\traditional\proc\p18f6621.asm
                    PORTE   0x000f84       data     extern E:\3.46\pic18-lt\cxx-framework\src\traditional\proc\p18f6621.asm
                PORTEbits   0x000f84       data     extern E:\3.46\pic18-lt\cxx-framework\src\traditional\proc\p18f6621.asm
                    PORTF   0x000f85       data     extern E:\3.46\pic18-lt\cxx-framework\src\traditional\proc\p18f6621.asm
                PORTFbits   0x000f85       data     extern E:\3.46\pic18-lt\cxx-framework\src\traditional\proc\p18f6621.asm
                    PORTG   0x000f86       data     extern E:\3.46\pic18-lt\cxx-framework\src\traditional\proc\p18f6621.asm
                PORTGbits   0x000f86       data     extern E:\3.46\pic18-lt\cxx-framework\src\traditional\proc\p18f6621.asm
                 POSTDEC0   0x000fed       data     extern E:\3.46\pic18-lt\cxx-framework\src\traditional\proc\p18f6621.asm
                 POSTDEC1   0x000fe5       data     extern E:\3.46\pic18-lt\cxx-framework\src\traditional\proc\p18f6621.asm
                 POSTDEC2   0x000fdd       data     extern E:\3.46\pic18-lt\cxx-framework\src\traditional\proc\p18f6621.asm
                 POSTINC0   0x000fee       data     extern E:\3.46\pic18-lt\cxx-framework\src\traditional\proc\p18f6621.asm
                 POSTINC1   0x000fe6       data     extern E:\3.46\pic18-lt\cxx-framework\src\traditional\proc\p18f6621.asm
                 POSTINC2   0x000fde       data     extern E:\3.46\pic18-lt\cxx-framework\src\traditional\proc\p18f6621.asm
                      PR2   0x000fcb       data     extern E:\3.46\pic18-lt\cxx-framework\src\traditional\proc\p18f6621.asm
                      PR4   0x000f77       data     extern E:\3.46\pic18-lt\cxx-framework\src\traditional\proc\p18f6621.asm
                  PREINC0   0x000fec       data     extern E:\3.46\pic18-lt\cxx-framework\src\traditional\proc\p18f6621.asm
                  PREINC1   0x000fe4       data     extern E:\3.46\pic18-lt\cxx-framework\src\traditional\proc\p18f6621.asm
                  PREINC2   0x000fdc       data     extern E:\3.46\pic18-lt\cxx-framework\src\traditional\proc\p18f6621.asm
                     PROD   0x000ff3       data     extern E:\3.46\pic18-lt\cxx-framework\src\traditional\proc\p18f6621.asm
                    PRODH   0x000ff4       data     extern E:\3.46\pic18-lt\cxx-framework\src\traditional\proc\p18f6621.asm
                    PRODL   0x000ff3       data     extern E:\3.46\pic18-lt\cxx-framework\src\traditional\proc\p18f6621.asm
                   PSPCON   0x000fb0       data     extern E:\3.46\pic18-lt\cxx-framework\src\traditional\proc\p18f6621.asm
               PSPCONbits   0x000fb0       data     extern E:\3.46\pic18-lt\cxx-framework\src\traditional\proc\p18f6621.asm
                  PWM1CON   0x000f79       data     extern E:\3.46\pic18-lt\cxx-framework\src\traditional\proc\p18f6621.asm
              PWM1CONbits   0x000f79       data     extern E:\3.46\pic18-lt\cxx-framework\src\traditional\proc\p18f6621.asm
                  PWM2CON   0x000f67       data     extern E:\3.46\pic18-lt\cxx-framework\src\traditional\proc\p18f6621.asm
              PWM2CONbits   0x000f67       data     extern E:\3.46\pic18-lt\cxx-framework\src\traditional\proc\p18f6621.asm
                  PWM3CON   0x000f69       data     extern E:\3.46\pic18-lt\cxx-framework\src\traditional\proc\p18f6621.asm
              PWM3CONbits   0x000f69       data     extern E:\3.46\pic18-lt\cxx-framework\src\traditional\proc\p18f6621.asm
                     RCON   0x000fd0       data     extern E:\3.46\pic18-lt\cxx-framework\src\traditional\proc\p18f6621.asm
                 RCONbits   0x000fd0       data     extern E:\3.46\pic18-lt\cxx-framework\src\traditional\proc\p18f6621.asm
                    RCREG   0x000fae       data     extern E:\3.46\pic18-lt\cxx-framework\src\traditional\proc\p18f6621.asm
                   RCREG1   0x000fae       data     extern E:\3.46\pic18-lt\cxx-framework\src\traditional\proc\p18f6621.asm
                   RCREG2   0x000f6e       data     extern E:\3.46\pic18-lt\cxx-framework\src\traditional\proc\p18f6621.asm
                    RCSTA   0x000fab       data     extern E:\3.46\pic18-lt\cxx-framework\src\traditional\proc\p18f6621.asm
                   RCSTA1   0x000fab       data     extern E:\3.46\pic18-lt\cxx-framework\src\traditional\proc\p18f6621.asm
               RCSTA1bits   0x000fab       data     extern E:\3.46\pic18-lt\cxx-framework\src\traditional\proc\p18f6621.asm
                   RCSTA2   0x000f6b       data     extern E:\3.46\pic18-lt\cxx-framework\src\traditional\proc\p18f6621.asm
               RCSTA2bits   0x000f6b       data     extern E:\3.46\pic18-lt\cxx-framework\src\traditional\proc\p18f6621.asm
                RCSTAbits   0x000fab       data     extern E:\3.46\pic18-lt\cxx-framework\src\traditional\proc\p18f6621.asm
                   SERIAL   0x000c50       data     extern C:\Work\MPLab_Projects\new\v12\globals.c
                     SIGN   0x00000e       data     extern E:\3.46\pic18-lt\cxx-framework\src\traditional\math\cmath18.asm
                    SPBRG   0x000faf       data     extern E:\3.46\pic18-lt\cxx-framework\src\traditional\proc\p18f6621.asm
                   SPBRG1   0x000faf       data     extern E:\3.46\pic18-lt\cxx-framework\src\traditional\proc\p18f6621.asm
                   SPBRG2   0x000f6f       data     extern E:\3.46\pic18-lt\cxx-framework\src\traditional\proc\p18f6621.asm
                   SPBRGH   0x000f7f       data     extern E:\3.46\pic18-lt\cxx-framework\src\traditional\proc\p18f6621.asm
                  SPBRGH1   0x000f7f       data     extern E:\3.46\pic18-lt\cxx-framework\src\traditional\proc\p18f6621.asm
                  SPBRGH2   0x000f7d       data     extern E:\3.46\pic18-lt\cxx-framework\src\traditional\proc\p18f6621.asm
             SPI_activate   0x000c6c       data     extern C:\Work\MPLab_Projects\new\v12\globals.c
          SPI_active_flag   0x000c6b       data     extern C:\Work\MPLab_Projects\new\v12\globals.c
         SPI_active_reset   0x000c6e       data     extern C:\Work\MPLab_Projects\new\v12\globals.c
          SPI_disactivate   0x000c6d       data     extern C:\Work\MPLab_Projects\new\v12\globals.c
   SPI_session_in_process   0x000c6f       data     extern C:\Work\MPLab_Projects\new\v12\globals.c
                   SSPADD   0x000fc8       data     extern E:\3.46\pic18-lt\cxx-framework\src\traditional\proc\p18f6621.asm
                   SSPBUF   0x000fc9       data     extern E:\3.46\pic18-lt\cxx-framework\src\traditional\proc\p18f6621.asm
                  SSPCON1   0x000fc6       data     extern E:\3.46\pic18-lt\cxx-framework\src\traditional\proc\p18f6621.asm
              SSPCON1bits   0x000fc6       data     extern E:\3.46\pic18-lt\cxx-framework\src\traditional\proc\p18f6621.asm
                  SSPCON2   0x000fc5       data     extern E:\3.46\pic18-lt\cxx-framework\src\traditional\proc\p18f6621.asm
              SSPCON2bits   0x000fc5       data     extern E:\3.46\pic18-lt\cxx-framework\src\traditional\proc\p18f6621.asm
                  SSPSTAT   0x000fc7       data     extern E:\3.46\pic18-lt\cxx-framework\src\traditional\proc\p18f6621.asm
              SSPSTATbits   0x000fc7       data     extern E:\3.46\pic18-lt\cxx-framework\src\traditional\proc\p18f6621.asm
                   STATUS   0x000fd8       data     extern E:\3.46\pic18-lt\cxx-framework\src\traditional\proc\p18f6621.asm
               STATUSbits   0x000fd8       data     extern E:\3.46\pic18-lt\cxx-framework\src\traditional\proc\p18f6621.asm
                   STKPTR   0x000ffc       data     extern E:\3.46\pic18-lt\cxx-framework\src\traditional\proc\p18f6621.asm
               STKPTRbits   0x000ffc       data     extern E:\3.46\pic18-lt\cxx-framework\src\traditional\proc\p18f6621.asm
                    T0CON   0x000fd5       data     extern E:\3.46\pic18-lt\cxx-framework\src\traditional\proc\p18f6621.asm
                T0CONbits   0x000fd5       data     extern E:\3.46\pic18-lt\cxx-framework\src\traditional\proc\p18f6621.asm
                    T1CON   0x000fcd       data     extern E:\3.46\pic18-lt\cxx-framework\src\traditional\proc\p18f6621.asm
                T1CONbits   0x000fcd       data     extern E:\3.46\pic18-lt\cxx-framework\src\traditional\proc\p18f6621.asm
                    T2CON   0x000fca       data     extern E:\3.46\pic18-lt\cxx-framework\src\traditional\proc\p18f6621.asm
                T2CONbits   0x000fca       data     extern E:\3.46\pic18-lt\cxx-framework\src\traditional\proc\p18f6621.asm
                    T3CON   0x000fb1       data     extern E:\3.46\pic18-lt\cxx-framework\src\traditional\proc\p18f6621.asm
                T3CONbits   0x000fb1       data     extern E:\3.46\pic18-lt\cxx-framework\src\traditional\proc\p18f6621.asm
                    T4CON   0x000f76       data     extern E:\3.46\pic18-lt\cxx-framework\src\traditional\proc\p18f6621.asm
                T4CONbits   0x000f76       data     extern E:\3.46\pic18-lt\cxx-framework\src\traditional\proc\p18f6621.asm
                   TABLAT   0x000ff5       data     extern E:\3.46\pic18-lt\cxx-framework\src\traditional\proc\p18f6621.asm
                   TBLPTR   0x000ff6       data     extern E:\3.46\pic18-lt\cxx-framework\src\traditional\proc\p18f6621.asm
                  TBLPTRH   0x000ff7       data     extern E:\3.46\pic18-lt\cxx-framework\src\traditional\proc\p18f6621.asm
                  TBLPTRL   0x000ff6       data     extern E:\3.46\pic18-lt\cxx-framework\src\traditional\proc\p18f6621.asm
                  TBLPTRU   0x000ff8       data     extern E:\3.46\pic18-lt\cxx-framework\src\traditional\proc\p18f6621.asm
                    TMR0H   0x000fd7       data     extern E:\3.46\pic18-lt\cxx-framework\src\traditional\proc\p18f6621.asm
                    TMR0L   0x000fd6       data     extern E:\3.46\pic18-lt\cxx-framework\src\traditional\proc\p18f6621.asm
                    TMR1H   0x000fcf       data     extern E:\3.46\pic18-lt\cxx-framework\src\traditional\proc\p18f6621.asm
                    TMR1L   0x000fce       data     extern E:\3.46\pic18-lt\cxx-framework\src\traditional\proc\p18f6621.asm
                     TMR2   0x000fcc       data     extern E:\3.46\pic18-lt\cxx-framework\src\traditional\proc\p18f6621.asm
                    TMR3H   0x000fb3       data     extern E:\3.46\pic18-lt\cxx-framework\src\traditional\proc\p18f6621.asm
                    TMR3L   0x000fb2       data     extern E:\3.46\pic18-lt\cxx-framework\src\traditional\proc\p18f6621.asm
                     TMR4   0x000f78       data     extern E:\3.46\pic18-lt\cxx-framework\src\traditional\proc\p18f6621.asm
                      TOS   0x000ffd       data     extern E:\3.46\pic18-lt\cxx-framework\src\traditional\proc\p18f6621.asm
                     TOSH   0x000ffe       data     extern E:\3.46\pic18-lt\cxx-framework\src\traditional\proc\p18f6621.asm
                     TOSL   0x000ffd       data     extern E:\3.46\pic18-lt\cxx-framework\src\traditional\proc\p18f6621.asm
                     TOSU   0x000fff       data     extern E:\3.46\pic18-lt\cxx-framework\src\traditional\proc\p18f6621.asm
                    TRISA   0x000f92       data     extern E:\3.46\pic18-lt\cxx-framework\src\traditional\proc\p18f6621.asm
                TRISAbits   0x000f92       data     extern E:\3.46\pic18-lt\cxx-framework\src\traditional\proc\p18f6621.asm
                    TRISB   0x000f93       data     extern E:\3.46\pic18-lt\cxx-framework\src\traditional\proc\p18f6621.asm
                TRISBbits   0x000f93       data     extern E:\3.46\pic18-lt\cxx-framework\src\traditional\proc\p18f6621.asm
                    TRISC   0x000f94       data     extern E:\3.46\pic18-lt\cxx-framework\src\traditional\proc\p18f6621.asm
                TRISCbits   0x000f94       data     extern E:\3.46\pic18-lt\cxx-framework\src\traditional\proc\p18f6621.asm
                    TRISD   0x000f95       data     extern E:\3.46\pic18-lt\cxx-framework\src\traditional\proc\p18f6621.asm
                TRISDbits   0x000f95       data     extern E:\3.46\pic18-lt\cxx-framework\src\traditional\proc\p18f6621.asm
                    TRISE   0x000f96       data     extern E:\3.46\pic18-lt\cxx-framework\src\traditional\proc\p18f6621.asm
                TRISEbits   0x000f96       data     extern E:\3.46\pic18-lt\cxx-framework\src\traditional\proc\p18f6621.asm
                    TRISF   0x000f97       data     extern E:\3.46\pic18-lt\cxx-framework\src\traditional\proc\p18f6621.asm
                TRISFbits   0x000f97       data     extern E:\3.46\pic18-lt\cxx-framework\src\traditional\proc\p18f6621.asm
                    TRISG   0x000f98       data     extern E:\3.46\pic18-lt\cxx-framework\src\traditional\proc\p18f6621.asm
                TRISGbits   0x000f98       data     extern E:\3.46\pic18-lt\cxx-framework\src\traditional\proc\p18f6621.asm
                    TXREG   0x000fad       data     extern E:\3.46\pic18-lt\cxx-framework\src\traditional\proc\p18f6621.asm
                   TXREG1   0x000fad       data     extern E:\3.46\pic18-lt\cxx-framework\src\traditional\proc\p18f6621.asm
                   TXREG2   0x000f6d       data     extern E:\3.46\pic18-lt\cxx-framework\src\traditional\proc\p18f6621.asm
                    TXSTA   0x000fac       data     extern E:\3.46\pic18-lt\cxx-framework\src\traditional\proc\p18f6621.asm
                   TXSTA1   0x000fac       data     extern E:\3.46\pic18-lt\cxx-framework\src\traditional\proc\p18f6621.asm
               TXSTA1bits   0x000fac       data     extern E:\3.46\pic18-lt\cxx-framework\src\traditional\proc\p18f6621.asm
                   TXSTA2   0x000f6c       data     extern E:\3.46\pic18-lt\cxx-framework\src\traditional\proc\p18f6621.asm
               TXSTA2bits   0x000f6c       data     extern E:\3.46\pic18-lt\cxx-framework\src\traditional\proc\p18f6621.asm
                TXSTAbits   0x000fac       data     extern E:\3.46\pic18-lt\cxx-framework\src\traditional\proc\p18f6621.asm
                  VERSION   0x000c52       data     extern C:\Work\MPLab_Projects\new\v12\globals.c
                   WDTCON   0x000fd1       data     extern E:\3.46\pic18-lt\cxx-framework\src\traditional\proc\p18f6621.asm
               WDTCONbits   0x000fd1       data     extern E:\3.46\pic18-lt\cxx-framework\src\traditional\proc\p18f6621.asm
                     WREG   0x000fe8       data     extern E:\3.46\pic18-lt\cxx-framework\src\traditional\proc\p18f6621.asm
                 __AARGB0   0x000007       data     extern E:\3.46\pic18-lt\cxx-framework\src\traditional\math\aarg.asm
                 __AARGB1   0x000006       data     extern E:\3.46\pic18-lt\cxx-framework\src\traditional\math\aarg.asm
                 __AARGB2   0x000005       data     extern E:\3.46\pic18-lt\cxx-framework\src\traditional\math\aarg.asm
                 __AARGB3   0x000004       data     extern E:\3.46\pic18-lt\cxx-framework\src\traditional\math\aarg.asm
                 __AARGB4   0x000003       data     extern E:\3.46\pic18-lt\cxx-framework\src\traditional\math\aarg.asm
                 __AARGB5   0x000002       data     extern E:\3.46\pic18-lt\cxx-framework\src\traditional\math\aarg.asm
                 __AARGB6   0x000001       data     extern E:\3.46\pic18-lt\cxx-framework\src\traditional\math\aarg.asm
                 __AARGB7   0x000000       data     extern E:\3.46\pic18-lt\cxx-framework\src\traditional\math\aarg.asm
                   __AEXP   0x000008       data     extern E:\3.46\pic18-lt\cxx-framework\src\traditional\math\aarg.asm
                 __BARGB0   0x00000c       data     extern E:\3.46\pic18-lt\cxx-framework\src\traditional\math\barg.asm
                 __BARGB1   0x00000b       data     extern E:\3.46\pic18-lt\cxx-framework\src\traditional\math\barg.asm
                 __BARGB2   0x00000a       data     extern E:\3.46\pic18-lt\cxx-framework\src\traditional\math\barg.asm
                 __BARGB3   0x000009       data     extern E:\3.46\pic18-lt\cxx-framework\src\traditional\math\barg.asm
                   __BEXP   0x00000d       data     extern E:\3.46\pic18-lt\cxx-framework\src\traditional\math\barg.asm
                __FPFLAGS   0x00000f       data     extern E:\3.46\pic18-lt\cxx-framework\src\traditional\math\cmath18.asm
            __FPFLAGSbits   0x00000f       data     extern E:\3.46\pic18-lt\cxx-framework\src\traditional\math\cmath18.asm
                  __REMB0   0x000003       data     extern E:\3.46\pic18-lt\cxx-framework\src\traditional\math\aarg.asm
                  __REMB1   0x000002       data     extern E:\3.46\pic18-lt\cxx-framework\src\traditional\math\aarg.asm
                  __REMB2   0x000001       data     extern E:\3.46\pic18-lt\cxx-framework\src\traditional\math\aarg.asm
                  __REMB3   0x000000       data     extern E:\3.46\pic18-lt\cxx-framework\src\traditional\math\aarg.asm
                  __tmp_0   0x000010       data     static C:\Work\MPLab_Projects\new\v12\globals.c
                  __tmp_0   0x000010       data     static C:\Work\MPLab_Projects\new\v12\binr.c
                  __tmp_0   0x000010       data     static C:\Work\MPLab_Projects\new\v12\main.c
                  __tmp_0   0x000010       data     static C:\Work\MPLab_Projects\new\v12\spi.c
                  __tmp_0   0x000010       data     static C:\Work\MPLab_Projects\new\v12\llmdb.c
[...]
                 DDRFbits   0x000f97       data     extern E:\3.46\pic18-lt\cxx-framework\src\traditional\proc\p18f6621.asm
                    TRISG   0x000f98       data     extern E:\3.46\pic18-lt\cxx-framework\src\traditional\proc\p18f6621.asm
                 DDRGbits   0x000f98       data     extern E:\3.46\pic18-lt\cxx-framework\src\traditional\proc\p18f6621.asm
                     DDRG   0x000f98       data     extern E:\3.46\pic18-lt\cxx-framework\src\traditional\proc\p18f6621.asm
                TRISGbits   0x000f98       data     extern E:\3.46\pic18-lt\cxx-framework\src\traditional\proc\p18f6621.asm
                     PIE1   0x000f9d       data     extern E:\3.46\pic18-lt\cxx-framework\src\traditional\proc\p18f6621.asm
                 PIE1bits   0x000f9d       data     extern E:\3.46\pic18-lt\cxx-framework\src\traditional\proc\p18f6621.asm
                     PIR1   0x000f9e       data     extern E:\3.46\pic18-lt\cxx-framework\src\traditional\proc\p18f6621.asm
                 PIR1bits   0x000f9e       data     extern E:\3.46\pic18-lt\cxx-framework\src\traditional\proc\p18f6621.asm
                 IPR1bits   0x000f9f       data     extern E:\3.46\pic18-lt\cxx-framework\src\traditional\proc\p18f6621.asm
                     IPR1   0x000f9f       data     extern E:\3.46\pic18-lt\cxx-framework\src\traditional\proc\p18f6621.asm
                 PIE2bits   0x000fa0       data     extern E:\3.46\pic18-lt\cxx-framework\src\traditional\proc\p18f6621.asm
                     PIE2   0x000fa0       data     extern E:\3.46\pic18-lt\cxx-framework\src\traditional\proc\p18f6621.asm
                     PIR2   0x000fa1       data     extern E:\3.46\pic18-lt\cxx-framework\src\traditional\proc\p18f6621.asm
                 PIR2bits   0x000fa1       data     extern E:\3.46\pic18-lt\cxx-framework\src\traditional\proc\p18f6621.asm
                 IPR2bits   0x000fa2       data     extern E:\3.46\pic18-lt\cxx-framework\src\traditional\proc\p18f6621.asm
                     IPR2   0x000fa2       data     extern E:\3.46\pic18-lt\cxx-framework\src\traditional\proc\p18f6621.asm
                 PIE3bits   0x000fa3       data     extern E:\3.46\pic18-lt\cxx-framework\src\traditional\proc\p18f6621.asm
                     PIE3   0x000fa3       data     extern E:\3.46\pic18-lt\cxx-framework\src\traditional\proc\p18f6621.asm
                     PIR3   0x000fa4       data     extern E:\3.46\pic18-lt\cxx-framework\src\traditional\proc\p18f6621.asm
                 PIR3bits   0x000fa4       data     extern E:\3.46\pic18-lt\cxx-framework\src\traditional\proc\p18f6621.asm
                 IPR3bits   0x000fa5       data     extern E:\3.46\pic18-lt\cxx-framework\src\traditional\proc\p18f6621.asm
                     IPR3   0x000fa5       data     extern E:\3.46\pic18-lt\cxx-framework\src\traditional\proc\p18f6621.asm
                   EECON1   0x000fa6       data     extern E:\3.46\pic18-lt\cxx-framework\src\traditional\proc\p18f6621.asm
               EECON1bits   0x000fa6       data     extern E:\3.46\pic18-lt\cxx-framework\src\traditional\proc\p18f6621.asm
                   EECON2   0x000fa7       data     extern E:\3.46\pic18-lt\cxx-framework\src\traditional\proc\p18f6621.asm
                   EEDATA   0x000fa8       data     extern E:\3.46\pic18-lt\cxx-framework\src\traditional\proc\p18f6621.asm
                    EEADR   0x000fa9       data     extern E:\3.46\pic18-lt\cxx-framework\src\traditional\proc\p18f6621.asm
                   EEADRH   0x000faa       data     extern E:\3.46\pic18-lt\cxx-framework\src\traditional\proc\p18f6621.asm
                RCSTAbits   0x000fab       data     extern E:\3.46\pic18-lt\cxx-framework\src\traditional\proc\p18f6621.asm
               RCSTA1bits   0x000fab       data     extern E:\3.46\pic18-lt\cxx-framework\src\traditional\proc\p18f6621.asm
                   RCSTA1   0x000fab       data     extern E:\3.46\pic18-lt\cxx-framework\src\traditional\proc\p18f6621.asm
                    RCSTA   0x000fab       data     extern E:\3.46\pic18-lt\cxx-framework\src\traditional\proc\p18f6621.asm
                TXSTAbits   0x000fac       data     extern E:\3.46\pic18-lt\cxx-framework\src\traditional\proc\p18f6621.asm
               TXSTA1bits   0x000fac       data     extern E:\3.46\pic18-lt\cxx-framework\src\traditional\proc\p18f6621.asm
                   TXSTA1   0x000fac       data     extern E:\3.46\pic18-lt\cxx-framework\src\traditional\proc\p18f6621.asm
                    TXSTA   0x000fac       data     extern E:\3.46\pic18-lt\cxx-framework\src\traditional\proc\p18f6621.asm
                   TXREG1   0x000fad       data     extern E:\3.46\pic18-lt\cxx-framework\src\traditional\proc\p18f6621.asm
                    TXREG   0x000fad       data     extern E:\3.46\pic18-lt\cxx-framework\src\traditional\proc\p18f6621.asm
                   RCREG1   0x000fae       data     extern E:\3.46\pic18-lt\cxx-framework\src\traditional\proc\p18f6621.asm
                    RCREG   0x000fae       data     extern E:\3.46\pic18-lt\cxx-framework\src\traditional\proc\p18f6621.asm
                   SPBRG1   0x000faf       data     extern E:\3.46\pic18-lt\cxx-framework\src\traditional\proc\p18f6621.asm
                    SPBRG   0x000faf       data     extern E:\3.46\pic18-lt\cxx-framework\src\traditional\proc\p18f6621.asm
               PSPCONbits   0x000fb0       data     extern E:\3.46\pic18-lt\cxx-framework\src\traditional\proc\p18f6621.asm
                   PSPCON   0x000fb0       data     extern E:\3.46\pic18-lt\cxx-framework\src\traditional\proc\p18f6621.asm
                    T3CON   0x000fb1       data     extern E:\3.46\pic18-lt\cxx-framework\src\traditional\proc\p18f6621.asm
                T3CONbits   0x000fb1       data     extern E:\3.46\pic18-lt\cxx-framework\src\traditional\proc\p18f6621.asm
                    TMR3L   0x000fb2       data     extern E:\3.46\pic18-lt\cxx-framework\src\traditional\proc\p18f6621.asm
                    TMR3H   0x000fb3       data     extern E:\3.46\pic18-lt\cxx-framework\src\traditional\proc\p18f6621.asm
                CMCONbits   0x000fb4       data     extern E:\3.46\pic18-lt\cxx-framework\src\traditional\proc\p18f6621.asm
                    CMCON   0x000fb4       data     extern E:\3.46\pic18-lt\cxx-framework\src\traditional\proc\p18f6621.asm
                   CVRCON   0x000fb5       data     extern E:\3.46\pic18-lt\cxx-framework\src\traditional\proc\p18f6621.asm
               CVRCONbits   0x000fb5       data     extern E:\3.46\pic18-lt\cxx-framework\src\traditional\proc\p18f6621.asm
                  ECCP1AS   0x000fb6       data     extern E:\3.46\pic18-lt\cxx-framework\src\traditional\proc\p18f6621.asm
              ECCP1ASbits   0x000fb6       data     extern E:\3.46\pic18-lt\cxx-framework\src\traditional\proc\p18f6621.asm
                  CCP3CON   0x000fb7       data     extern E:\3.46\pic18-lt\cxx-framework\src\traditional\proc\p18f6621.asm
              CCP3CONbits   0x000fb7       data     extern E:\3.46\pic18-lt\cxx-framework\src\traditional\proc\p18f6621.asm
                    CCPR3   0x000fb8       data     extern E:\3.46\pic18-lt\cxx-framework\src\traditional\proc\p18f6621.asm
                   CCPR3L   0x000fb8       data     extern E:\3.46\pic18-lt\cxx-framework\src\traditional\proc\p18f6621.asm
                   CCPR3H   0x000fb9       data     extern E:\3.46\pic18-lt\cxx-framework\src\traditional\proc\p18f6621.asm
                  CCP2CON   0x000fba       data     extern E:\3.46\pic18-lt\cxx-framework\src\traditional\proc\p18f6621.asm
              CCP2CONbits   0x000fba       data     extern E:\3.46\pic18-lt\cxx-framework\src\traditional\proc\p18f6621.asm
                    CCPR2   0x000fbb       data     extern E:\3.46\pic18-lt\cxx-framework\src\traditional\proc\p18f6621.asm
                   CCPR2L   0x000fbb       data     extern E:\3.46\pic18-lt\cxx-framework\src\traditional\proc\p18f6621.asm
                   CCPR2H   0x000fbc       data     extern E:\3.46\pic18-lt\cxx-framework\src\traditional\proc\p18f6621.asm
              CCP1CONbits   0x000fbd       data     extern E:\3.46\pic18-lt\cxx-framework\src\traditional\proc\p18f6621.asm
                  CCP1CON   0x000fbd       data     extern E:\3.46\pic18-lt\cxx-framework\src\traditional\proc\p18f6621.asm
                    CCPR1   0x000fbe       data     extern E:\3.46\pic18-lt\cxx-framework\src\traditional\proc\p18f6621.asm
                   CCPR1L   0x000fbe       data     extern E:\3.46\pic18-lt\cxx-framework\src\traditional\proc\p18f6621.asm
                   CCPR1H   0x000fbf       data     extern E:\3.46\pic18-lt\cxx-framework\src\traditional\proc\p18f6621.asm
                   ADCON2   0x000fc0       data     extern E:\3.46\pic18-lt\cxx-framework\src\traditional\proc\p18f6621.asm
               ADCON2bits   0x000fc0       data     extern E:\3.46\pic18-lt\cxx-framework\src\traditional\proc\p18f6621.asm
                   ADCON1   0x000fc1       data     extern E:\3.46\pic18-lt\cxx-framework\src\traditional\proc\p18f6621.asm
               ADCON1bits   0x000fc1       data     extern E:\3.46\pic18-lt\cxx-framework\src\traditional\proc\p18f6621.asm
                   ADCON0   0x000fc2       data     extern E:\3.46\pic18-lt\cxx-framework\src\traditional\proc\p18f6621.asm
               ADCON0bits   0x000fc2       data     extern E:\3.46\pic18-lt\cxx-framework\src\traditional\proc\p18f6621.asm
                    ADRES   0x000fc3       data     extern E:\3.46\pic18-lt\cxx-framework\src\traditional\proc\p18f6621.asm
                   ADRESL   0x000fc3       data     extern E:\3.46\pic18-lt\cxx-framework\src\traditional\proc\p18f6621.asm
                   ADRESH   0x000fc4       data     extern E:\3.46\pic18-lt\cxx-framework\src\traditional\proc\p18f6621.asm
                  SSPCON2   0x000fc5       data     extern E:\3.46\pic18-lt\cxx-framework\src\traditional\proc\p18f6621.asm
              SSPCON2bits   0x000fc5       data     extern E:\3.46\pic18-lt\cxx-framework\src\traditional\proc\p18f6621.asm
                  SSPCON1   0x000fc6       data     extern E:\3.46\pic18-lt\cxx-framework\src\traditional\proc\p18f6621.asm
              SSPCON1bits   0x000fc6       data     extern E:\3.46\pic18-lt\cxx-framework\src\traditional\proc\p18f6621.asm
                  SSPSTAT   0x000fc7       data     extern E:\3.46\pic18-lt\cxx-framework\src\traditional\proc\p18f6621.asm
              SSPSTATbits   0x000fc7       data     extern E:\3.46\pic18-lt\cxx-framework\src\traditional\proc\p18f6621.asm
                   SSPADD   0x000fc8       data     extern E:\3.46\pic18-lt\cxx-framework\src\traditional\proc\p18f6621.asm
                   SSPBUF   0x000fc9       data     extern E:\3.46\pic18-lt\cxx-framework\src\traditional\proc\p18f6621.asm
                T2CONbits   0x000fca       data     extern E:\3.46\pic18-lt\cxx-framework\src\traditional\proc\p18f6621.asm
                    T2CON   0x000fca       data     extern E:\3.46\pic18-lt\cxx-framework\src\traditional\proc\p18f6621.asm
                      PR2   0x000fcb       data     extern E:\3.46\pic18-lt\cxx-framework\src\traditional\proc\p18f6621.asm
                     TMR2   0x000fcc       data     extern E:\3.46\pic18-lt\cxx-framework\src\traditional\proc\p18f6621.asm
                T1CONbits   0x000fcd       data     extern E:\3.46\pic18-lt\cxx-framework\src\traditional\proc\p18f6621.asm
                    T1CON   0x000fcd       data     extern E:\3.46\pic18-lt\cxx-framework\src\traditional\proc\p18f6621.asm
                    TMR1L   0x000fce       data     extern E:\3.46\pic18-lt\cxx-framework\src\traditional\proc\p18f6621.asm
                    TMR1H   0x000fcf       data     extern E:\3.46\pic18-lt\cxx-framework\src\traditional\proc\p18f6621.asm
                     RCON   0x000fd0       data     extern E:\3.46\pic18-lt\cxx-framework\src\traditional\proc\p18f6621.asm
                 RCONbits   0x000fd0       data     extern E:\3.46\pic18-lt\cxx-framework\src\traditional\proc\p18f6621.asm
               WDTCONbits   0x000fd1       data     extern E:\3.46\pic18-lt\cxx-framework\src\traditional\proc\p18f6621.asm
                   WDTCON   0x000fd1       data     extern E:\3.46\pic18-lt\cxx-framework\src\traditional\proc\p18f6621.asm
                   LVDCON   0x000fd2       data     extern E:\3.46\pic18-lt\cxx-framework\src\traditional\proc\p18f6621.asm
               LVDCONbits   0x000fd2       data     extern E:\3.46\pic18-lt\cxx-framework\src\traditional\proc\p18f6621.asm
                   OSCCON   0x000fd3       data     extern E:\3.46\pic18-lt\cxx-framework\src\traditional\proc\p18f6621.asm
               OSCCONbits   0x000fd3       data     extern E:\3.46\pic18-lt\cxx-framework\src\traditional\proc\p18f6621.asm
                    T0CON   0x000fd5       data     extern E:\3.46\pic18-lt\cxx-framework\src\traditional\proc\p18f6621.asm
                T0CONbits   0x000fd5       data     extern E:\3.46\pic18-lt\cxx-framework\src\traditional\proc\p18f6621.asm
                    TMR0L   0x000fd6       data     extern E:\3.46\pic18-lt\cxx-framework\src\traditional\proc\p18f6621.asm
                    TMR0H   0x000fd7       data     extern E:\3.46\pic18-lt\cxx-framework\src\traditional\proc\p18f6621.asm
                   STATUS   0x000fd8       data     extern E:\3.46\pic18-lt\cxx-framework\src\traditional\proc\p18f6621.asm
               STATUSbits   0x000fd8       data     extern E:\3.46\pic18-lt\cxx-framework\src\traditional\proc\p18f6621.asm
                    FSR2L   0x000fd9       data     extern E:\3.46\pic18-lt\cxx-framework\src\traditional\proc\p18f6621.asm
                     FSR2   0x000fd9       data     extern E:\3.46\pic18-lt\cxx-framework\src\traditional\proc\p18f6621.asm
                    FSR2H   0x000fda       data     extern E:\3.46\pic18-lt\cxx-framework\src\traditional\proc\p18f6621.asm
                   PLUSW2   0x000fdb       data     extern E:\3.46\pic18-lt\cxx-framework\src\traditional\proc\p18f6621.asm
                  PREINC2   0x000fdc       data     extern E:\3.46\pic18-lt\cxx-framework\src\traditional\proc\p18f6621.asm
                 POSTDEC2   0x000fdd       data     extern E:\3.46\pic18-lt\cxx-framework\src\traditional\proc\p18f6621.asm
                 POSTINC2   0x000fde       data     extern E:\3.46\pic18-lt\cxx-framework\src\traditional\proc\p18f6621.asm
                    INDF2   0x000fdf       data     extern E:\3.46\pic18-lt\cxx-framework\src\traditional\proc\p18f6621.asm
                      BSR   0x000fe0       data     extern E:\3.46\pic18-lt\cxx-framework\src\traditional\proc\p18f6621.asm
                    FSR1L   0x000fe1       data     extern E:\3.46\pic18-lt\cxx-framework\src\traditional\proc\p18f6621.asm
                     FSR1   0x000fe1       data     extern E:\3.46\pic18-lt\cxx-framework\src\traditional\proc\p18f6621.asm
                    FSR1H   0x000fe2       data     extern E:\3.46\pic18-lt\cxx-framework\src\traditional\proc\p18f6621.asm
                   PLUSW1   0x000fe3       data     extern E:\3.46\pic18-lt\cxx-framework\src\traditional\proc\p18f6621.asm
                  PREINC1   0x000fe4       data     extern E:\3.46\pic18-lt\cxx-framework\src\traditional\proc\p18f6621.asm
                 POSTDEC1   0x000fe5       data     extern E:\3.46\pic18-lt\cxx-framework\src\traditional\proc\p18f6621.asm
                 POSTINC1   0x000fe6       data     extern E:\3.46\pic18-lt\cxx-framework\src\traditional\proc\p18f6621.asm
                    INDF1   0x000fe7       data     extern E:\3.46\pic18-lt\cxx-framework\src\traditional\proc\p18f6621.asm
                     WREG   0x000fe8       data     extern E:\3.46\pic18-lt\cxx-framework\src\traditional\proc\p18f6621.asm
                     FSR0   0x000fe9       data     extern E:\3.46\pic18-lt\cxx-framework\src\traditional\proc\p18f6621.asm
                    FSR0L   0x000fe9       data     extern E:\3.46\pic18-lt\cxx-framework\src\traditional\proc\p18f6621.asm
                    FSR0H   0x000fea       data     extern E:\3.46\pic18-lt\cxx-framework\src\traditional\proc\p18f6621.asm
                   PLUSW0   0x000feb       data     extern E:\3.46\pic18-lt\cxx-framework\src\traditional\proc\p18f6621.asm
                  PREINC0   0x000fec       data     extern E:\3.46\pic18-lt\cxx-framework\src\traditional\proc\p18f6621.asm
                 POSTDEC0   0x000fed       data     extern E:\3.46\pic18-lt\cxx-framework\src\traditional\proc\p18f6621.asm
                 POSTINC0   0x000fee       data     extern E:\3.46\pic18-lt\cxx-framework\src\traditional\proc\p18f6621.asm
                    INDF0   0x000fef       data     extern E:\3.46\pic18-lt\cxx-framework\src\traditional\proc\p18f6621.asm
              INTCON3bits   0x000ff0       data     extern E:\3.46\pic18-lt\cxx-framework\src\traditional\proc\p18f6621.asm
                  INTCON3   0x000ff0       data     extern E:\3.46\pic18-lt\cxx-framework\src\traditional\proc\p18f6621.asm
              INTCON2bits   0x000ff1       data     extern E:\3.46\pic18-lt\cxx-framework\src\traditional\proc\p18f6621.asm
                  INTCON2   0x000ff1       data     extern E:\3.46\pic18-lt\cxx-framework\src\traditional\proc\p18f6621.asm
               INTCONbits   0x000ff2       data     extern E:\3.46\pic18-lt\cxx-framework\src\traditional\proc\p18f6621.asm
                   INTCON   0x000ff2       data     extern E:\3.46\pic18-lt\cxx-framework\src\traditional\proc\p18f6621.asm
                    PRODL   0x000ff3       data     extern E:\3.46\pic18-lt\cxx-framework\src\traditional\proc\p18f6621.asm
                     PROD   0x000ff3       data     extern E:\3.46\pic18-lt\cxx-framework\src\traditional\proc\p18f6621.asm
                    PRODH   0x000ff4       data     extern E:\3.46\pic18-lt\cxx-framework\src\traditional\proc\p18f6621.asm
                   TABLAT   0x000ff5       data     extern E:\3.46\pic18-lt\cxx-framework\src\traditional\proc\p18f6621.asm
                   TBLPTR   0x000ff6       data     extern E:\3.46\pic18-lt\cxx-framework\src\traditional\proc\p18f6621.asm
                  TBLPTRL   0x000ff6       data     extern E:\3.46\pic18-lt\cxx-framework\src\traditional\proc\p18f6621.asm
                  TBLPTRH   0x000ff7       data     extern E:\3.46\pic18-lt\cxx-framework\src\traditional\proc\p18f6621.asm
                  TBLPTRU   0x000ff8       data     extern E:\3.46\pic18-lt\cxx-framework\src\traditional\proc\p18f6621.asm
                      PCL   0x000ff9       data     extern E:\3.46\pic18-lt\cxx-framework\src\traditional\proc\p18f6621.asm
                       PC   0x000ff9       data     extern E:\3.46\pic18-lt\cxx-framework\src\traditional\proc\p18f6621.asm
                   PCLATH   0x000ffa       data     extern E:\3.46\pic18-lt\cxx-framework\src\traditional\proc\p18f6621.asm
                   PCLATU   0x000ffb       data     extern E:\3.46\pic18-lt\cxx-framework\src\traditional\proc\p18f6621.asm
               STKPTRbits   0x000ffc       data     extern E:\3.46\pic18-lt\cxx-framework\src\traditional\proc\p18f6621.asm
                   STKPTR   0x000ffc       data     extern E:\3.46\pic18-lt\cxx-framework\src\traditional\proc\p18f6621.asm
                      TOS   0x000ffd       data     extern E:\3.46\pic18-lt\cxx-framework\src\traditional\proc\p18f6621.asm
                     TOSL   0x000ffd       data     extern E:\3.46\pic18-lt\cxx-framework\src\traditional\proc\p18f6621.asm
                     TOSH   0x000ffe       data     extern E:\3.46\pic18-lt\cxx-framework\src\traditional\proc\p18f6621.asm
                     TOSU   0x000fff       data     extern E:\3.46\pic18-lt\cxx-framework\src\traditional\proc\p18f6621.asm


