MPLINK 5.00, LINKER
Linker Map File - Created Tue Jun 07 17:41:29 2016

                                 Section Info
                  Section       Type    Address   Location Size(Bytes)
                ---------  ---------  ---------  ---------  ---------
               _entry_scn       code   0x000000    program   0x000006
           .code___init.o       code   0x000006    program   0x000002
      InterruptVectorHigh       code   0x000008    program   0x000006
         .romdata_llmdb.o    romdata   0x00000e    program   0x000000
.romdata_binr_interrupt_handler.o    romdata   0x00000e    program   0x000000
           .romdata_spi.o    romdata   0x00000e    program   0x000000
           .idata_spi.o_i    romdata   0x00000e    program   0x000005
.romdata_llmdb_interrupt_handler.o    romdata   0x00000e    program   0x000000
          .romdata_binr.o    romdata   0x00000e    program   0x000000
       .romdata_globals.o    romdata   0x00000e    program   0x000000
      .romdata_fxd3232u.o    romdata   0x00000e    program   0x000000
       .romdata_fxm3232.o    romdata   0x00000e    program   0x000000
        .romdata___init.o    romdata   0x00000e    program   0x000000
          .romdata_main.o    romdata   0x00000e    program   0x000000
         .romdata_c018i.o    romdata   0x00000e    program   0x000000
          .idata_main.o_i    romdata   0x000013    program   0x000004
       .idata_fxm3232.o_i    romdata   0x000017    program   0x000000
      .idata_fxd3232u.o_i    romdata   0x000017    program   0x000000
        .idata___init.o_i    romdata   0x000017    program   0x000000
.idata_llmdb_interrupt_handler.o_i    romdata   0x000017    program   0x000000
         .idata_llmdb.o_i    romdata   0x000017    program   0x000000
         .idata_c018i.o_i    romdata   0x000017    program   0x000000
       InterruptVectorLow       code   0x000018    program   0x000006
            .code_c018i.o       code   0x000018    program   0x000000
                   .cinit    romdata   0x00001e    program   0x00003e
            .code_llmdb.o       code   0x00005c    program   0x001534
              .code_spi.o       code   0x001590    program   0x000cf0
             .code_main.o       code   0x002280    program   0x000800
.code_binr_interrupt_handler.o       code   0x002a80    program   0x0003b0
             .code_binr.o       code   0x002e30    program   0x00026c
               _cinit_scn       code   0x00309c    program   0x00009e
          .code_globals.o       code   0x00313a    program   0x000072
          .code_fxm3232.o       code   0x0031ac    program   0x000070
.code_llmdb_interrupt_handler.o       code   0x00321c    program   0x00005e
         .code_fxd3232u.o       code   0x00327a    program   0x000048
                    .code       code   0x0032c2    program   0x000038
             _startup_scn       code   0x0032fa    program   0x00001c
                   STRING       code   0x003316    program   0x00001c
       .idata_globals.o_i    romdata   0x003332    program   0x000044
.idata_binr_interrupt_handler.o_i    romdata   0x003376    program   0x000006
          .idata_binr.o_i    romdata   0x00337c    program   0x00002f
    .config_300001_main.o    romdata   0x300001    program   0x000001
    .config_300002_main.o    romdata   0x300002    program   0x000001
    .config_300003_main.o    romdata   0x300003    program   0x000001
    .config_300005_main.o    romdata   0x300005    program   0x000001
    .config_300006_main.o    romdata   0x300006    program   0x000001
    .config_300008_main.o    romdata   0x300008    program   0x000001
    .config_300009_main.o    romdata   0x300009    program   0x000001
    .config_30000a_main.o    romdata   0x30000a    program   0x000001
    .config_30000b_main.o    romdata   0x30000b    program   0x000001
    .config_30000c_main.o    romdata   0x30000c    program   0x000001
    .config_30000d_main.o    romdata   0x30000d    program   0x000001
                MATH_DATA      udata   0x000000       data   0x000010
                 .tmpdata      udata   0x000010       data   0x000010
              low_isr_tmp      udata   0x000020       data   0x000002
                    LDATA      udata   0x000100       data   0x0007b6
         .idata_globals.o      idata   0x000d00       data   0x000044
            .idata_binr.o      idata   0x000d44       data   0x00002f
           .udata_c018i.o      udata   0x000d73       data   0x00000a
         .udata_globals.o      udata   0x000d7d       data   0x000006
.idata_binr_interrupt_handler.o      idata   0x000d83       data   0x000006
             .idata_spi.o      idata   0x000d89       data   0x000005
            .idata_main.o      idata   0x000d8e       data   0x000004
         .idata_fxm3232.o      idata   0x000d92       data   0x000000
         .udata_fxm3232.o      udata   0x000d92       data   0x000000
        .idata_fxd3232u.o      idata   0x000d92       data   0x000000
        .udata_fxd3232u.o      udata   0x000d92       data   0x000000
          .udata___init.o      udata   0x000d92       data   0x000000
          .idata___init.o      idata   0x000d92       data   0x000000
            .udata_binr.o      udata   0x000d92       data   0x000000
.idata_llmdb_interrupt_handler.o      idata   0x000d92       data   0x000000
.udata_llmdb_interrupt_handler.o      udata   0x000d92       data   0x000000
.udata_binr_interrupt_handler.o      udata   0x000d92       data   0x000000
           .idata_llmdb.o      idata   0x000d92       data   0x000000
           .udata_llmdb.o      udata   0x000d92       data   0x000000
             .udata_spi.o      udata   0x000d92       data   0x000000
            .udata_main.o      udata   0x000d92       data   0x000000
           .idata_c018i.o      idata   0x000d92       data   0x000000
                   .stack      udata   0x000e00       data   0x000100
            SFR_UNBANKED0      udata   0x000f67       data   0x000099



                              Program Memory Usage 
                               Start         End      
                           ---------   ---------      
                            0x000000    0x000016      
                            0x000018    0x0033aa      
                            0x300001    0x300003      
                            0x300005    0x300006      
                            0x300008    0x30000d      
            13237 out of 66584 program addresses used, program memory utilization is 19%



                              Symbols - Sorted by Name
                     Name    Address   Location    Storage File                     
                ---------  ---------  ---------  --------- ---------                
               BINR_start   0x002f4a    program     extern C:\Work\MPLab_Projects\new\v12\binr.c
                 FXD3232U   0x00327a    program     extern E:\3.46\pic18-lt\cxx-framework\src\traditional\math\fxd3232u.c
                  FXM3232   0x0031ac    program     extern E:\3.46\pic18-lt\cxx-framework\src\traditional\math\fxm3232.c
      InterruptVectorHigh   0x000008    program     extern C:\Work\MPLab_Projects\new\v12\llmdb_interrupt_handler.c
       InterruptVectorLow   0x000018    program     extern C:\Work\MPLab_Projects\new\v12\binr_interrupt_handler.c
              RefreshMeta   0x001886    program     extern C:\Work\MPLab_Projects\new\v12\spi.c
                 SPI_Init   0x001590    program     extern C:\Work\MPLab_Projects\new\v12\spi.c
                 SendBinr   0x002ed0    program     extern C:\Work\MPLab_Projects\new\v12\binr.c
               SendUsart1   0x002e9a    program     extern C:\Work\MPLab_Projects\new\v12\binr.c
            Send_to_LLMDB   0x00005c    program     extern C:\Work\MPLab_Projects\new\v12\llmdb.c
             SpiChipErase   0x001f7a    program     extern C:\Work\MPLab_Projects\new\v12\spi.c
           SpiCpyBufToMem   0x0015a4    program     extern C:\Work\MPLab_Projects\new\v12\spi.c
               SpiMakeFat   0x001ffe    program     extern C:\Work\MPLab_Projects\new\v12\spi.c
               SpiReadMem   0x00179e    program     extern C:\Work\MPLab_Projects\new\v12\spi.c
                SpiStatus   0x001bda    program     extern C:\Work\MPLab_Projects\new\v12\spi.c
              SpiWriteMem   0x001642    program     extern C:\Work\MPLab_Projects\new\v12\spi.c
         SpiWriteMem_Meta   0x00171a    program     extern C:\Work\MPLab_Projects\new\v12\spi.c
               Spi_FSpace   0x00191c    program     extern C:\Work\MPLab_Projects\new\v12\spi.c
         Spi_Session_Size   0x001a02    program     extern C:\Work\MPLab_Projects\new\v12\spi.c
               UploadMeta   0x001902    program     extern C:\Work\MPLab_Projects\new\v12\spi.c
                  W_Dummy   0x002136    program     extern C:\Work\MPLab_Projects\new\v12\spi.c
     ___case_132_lbl00076   0x002894    program     static                          
     ___case_133_lbl00077   0x0028ac    program     static                          
     ___case_136_lbl00073   0x00284c    program     static                          
     ___case_138_lbl00078   0x0028c4    program     static                          
     ___case_139_lbl00079   0x0028dc    program     static                          
      ___case_13_lbl00082   0x002924    program     static                          
      ___case_13_lbl00103   0x002a60    program     static                          
     ___case_140_lbl00080   0x0028f4    program     static                          
     ___case_144_lbl00081   0x00290c    program     static                          
      ___case_14_lbl00085   0x00296c    program     static                          
      ___case_14_lbl00102   0x002a5a    program     static                          
      ___case_15_lbl00074   0x002864    program     static                          
      ___case_16_lbl00101   0x002a54    program     static                          
      ___case_17_lbl00083   0x00293c    program     static                          
      ___case_17_lbl00100   0x002a4e    program     static                          
       ___case_1_lbl00067   0x0027bc    program     static                          
      ___case_20_lbl00075   0x00287c    program     static                          
      ___case_23_lbl00099   0x002a48    program     static                          
      ___case_25_lbl00098   0x002a42    program     static                          
       ___case_2_lbl00084   0x002954    program     static                          
       ___case_3_lbl00068   0x0027d4    program     static                          
       ___case_6_lbl00070   0x002804    program     static                          
       ___case_7_lbl00071   0x00281c    program     static                          
      ___case_85_lbl00072   0x002834    program     static                          
       ___case_9_lbl00069   0x0027ec    program     static                          
      ___default_lbl00086   0x002984    program     static                          
         ___else_lbl00014   0x002408    program     static                          
         ___else_lbl00018   0x0002e4    program     static                          
         ___else_lbl00020   0x0002ec    program     static                          
         ___else_lbl00025   0x0024b2    program     static                          
         ___else_lbl00046   0x00046a    program     static                          
         ___else_lbl00048   0x000478    program     static                          
         ___else_lbl00051   0x00261c    program     static                          
         ___else_lbl00058   0x000606    program     static                          
         ___else_lbl00061   0x0026fa    program     static                          
         ___else_lbl00068   0x0009a0    program     static                          
         ___else_lbl00076   0x000aa6    program     static                          
         ___else_lbl00079   0x000c44    program     static                          
         ___else_lbl00109   0x0011c4    program     static                          
         ___else_lbl00111   0x001244    program     static                          
         ___else_lbl00120   0x0012d6    program     static                          
         ___else_lbl00122   0x001e00    program     static                          
         ___else_lbl00129   0x001f26    program     static                          
          ___for_lbl00001   0x0022ba    program     static                          
          ___for_lbl00001   0x00010c    program     static                          
          ___for_lbl00002   0x0022c4    program     static                          
          ___for_lbl00002   0x000118    program     static                          
          ___for_lbl00003   0x002290    program     static                          
          ___for_lbl00003   0x0000da    program     static                          
          ___for_lbl00004   0x002304    program     static                          
          ___for_lbl00005   0x00230e    program     static                          
          ___for_lbl00006   0x0022c8    program     static                          
          ___for_lbl00007   0x000212    program     static                          
          ___for_lbl00007   0x00234e    program     static                          
          ___for_lbl00008   0x002f2a    program     static                          
          ___for_lbl00008   0x002358    program     static                          
          ___for_lbl00008   0x00021e    program     static                          
          ___for_lbl00009   0x002312    program     static                          
          ___for_lbl00009   0x0001e0    program     static                          
          ___for_lbl00009   0x002f34    program     static                          
          ___for_lbl00010   0x002ee0    program     static                          
          ___for_lbl00012   0x0002b2    program     static                          
          ___for_lbl00013   0x0002c6    program     static                          
          ___for_lbl00015   0x002598    program     static                          
          ___for_lbl00016   0x0025a2    program     static                          
          ___for_lbl00016   0x000246    program     static                          
          ___for_lbl00019   0x002582    program     static                          
          ___for_lbl00020   0x002596    program     static                          
          ___for_lbl00022   0x0024e4    program     static                          
          ___for_lbl00027   0x002422    program     static                          
          ___for_lbl00031   0x0003d8    program     static                          
          ___for_lbl00032   0x0003e4    program     static                          
          ___for_lbl00033   0x0003a0    program     static                          
          ___for_lbl00036   0x000436    program     static                          
          ___for_lbl00037   0x000442    program     static                          
          ___for_lbl00040   0x0003f6    program     static                          
          ___for_lbl00052   0x00055a    program     static                          
          ___for_lbl00053   0x00056e    program     static                          
          ___for_lbl00056   0x0004c2    program     static                          
          ___for_lbl00060   0x000882    program     static                          
          ___for_lbl00061   0x000896    program     static                          
          ___for_lbl00066   0x0006fa    program     static                          
          ___for_lbl00069   0x000a96    program     static                          
          ___for_lbl00070   0x000aa2    program     static                          
          ___for_lbl00071   0x000a2c    program     static                          
          ___for_lbl00072   0x000af2    program     static                          
          ___for_lbl00073   0x000afe    program     static                          
          ___for_lbl00074   0x000ac0    program     static                          
          ___for_lbl00080   0x000d28    program     static                          
          ___for_lbl00081   0x000d34    program     static                          
          ___for_lbl00082   0x000cca    program     static                          
          ___for_lbl00084   0x000ebe    program     static                          
          ___for_lbl00085   0x000ed2    program     static                          
          ___for_lbl00087   0x000ea8    program     static                          
          ___for_lbl00087   0x001da2    program     static                          
          ___for_lbl00088   0x001dac    program     static                          
          ___for_lbl00088   0x000ebc    program     static                          
          ___for_lbl00089   0x001d88    program     static                          
          ___for_lbl00090   0x000e12    program     static                          
          ___for_lbl00093   0x000d56    program     static                          
          ___for_lbl00095   0x001068    program     static                          
          ___for_lbl00096   0x001074    program     static                          
          ___for_lbl00097   0x00100a    program     static                          
          ___for_lbl00102   0x0011b6    program     static                          
          ___for_lbl00103   0x0011c2    program     static                          
          ___for_lbl00104   0x00114c    program     static                          
          ___for_lbl00105   0x001236    program     static                          
          ___for_lbl00106   0x001242    program     static                          
          ___for_lbl00107   0x0011cc    program     static                          
          ___for_lbl00108   0x001e48    program     static                          
          ___for_lbl00109   0x001e52    program     static                          
          ___for_lbl00110   0x001e2e    program     static                          
          ___for_lbl00113   0x0012c8    program     static                          
          ___for_lbl00114   0x0012d4    program     static                          
          ___for_lbl00115   0x00126e    program     static                          
          ___for_lbl00116   0x001338    program     static                          
          ___for_lbl00117   0x001344    program     static                          
          ___for_lbl00118   0x0012de    program     static                          
          ___for_lbl00122   0x001398    program     static                          
          ___for_lbl00123   0x0013a4    program     static                          
          ___for_lbl00125   0x001f0c    program     static                          
          ___for_lbl00126   0x001356    program     static                          
          ___for_lbl00126   0x001f16    program     static                          
          ___for_lbl00127   0x001ef2    program     static                          
          ___for_lbl00127   0x0013ee    program     static                          
          ___for_lbl00128   0x0013fa    program     static                          
          ___for_lbl00129   0x0013bc    program     static                          
           ___if_lbl00002   0x002ea6    program     static                          
           ___if_lbl00004   0x000136    program     static                          
           ___if_lbl00005   0x000156    program     static                          
           ___if_lbl00006   0x000192    program     static                          
           ___if_lbl00010   0x00021e    program     static                          
           ___if_lbl00011   0x000230    program     static                          
           ___if_lbl00013   0x00240c    program     static                          
           ___if_lbl00015   0x0002b2    program     static                          
           ___if_lbl00017   0x0002ea    program     static                          
           ___if_lbl00018   0x0024b0    program     static                          
           ___if_lbl00019   0x0002f8    program     static                          
           ___if_lbl00021   0x002582    program     static                          
           ___if_lbl00021   0x0002fc    program     static                          
           ___if_lbl00022   0x000316    program     static                          
           ___if_lbl00023   0x000316    program     static                          
           ___if_lbl00023   0x002596    program     static                          
           ___if_lbl00024   0x000338    program     static                          
           ___if_lbl00024   0x002596    program     static                          
           ___if_lbl00025   0x00035c    program     static                          
           ___if_lbl00026   0x002598    program     static                          
           ___if_lbl00028   0x0025a2    program     static                          
           ___if_lbl00029   0x000388    program     static                          
           ___if_lbl00030   0x000392    program     static                          
           ___if_lbl00032   0x0025be    program     static                          
           ___if_lbl00043   0x00045e    program     static                          
           ___if_lbl00044   0x00045e    program     static                          
           ___if_lbl00045   0x00046c    program     static                          
           ___if_lbl00047   0x00047a    program     static                          
           ___if_lbl00049   0x000480    program     static                          
           ___if_lbl00050   0x000494    program     static                          
           ___if_lbl00050   0x002666    program     static                          
           ___if_lbl00051   0x0004a8    program     static                          
           ___if_lbl00052   0x002688    program     static                          
           ___if_lbl00053   0x002692    program     static                          
           ___if_lbl00054   0x0026a0    program     static                          
           ___if_lbl00055   0x0026ae    program     static                          
           ___if_lbl00055   0x00055a    program     static                          
           ___if_lbl00056   0x0026bc    program     static                          
           ___if_lbl00057   0x00061e    program     static                          
           ___if_lbl00057   0x0026ca    program     static                          
           ___if_lbl00058   0x0026d8    program     static                          
           ___if_lbl00059   0x000626    program     static                          
           ___if_lbl00060   0x002708    program     static                          
           ___if_lbl00062   0x002708    program     static                          
           ___if_lbl00063   0x002726    program     static                          
           ___if_lbl00064   0x000880    program     static                          
           ___if_lbl00065   0x000882    program     static                          
           ___if_lbl00067   0x0009ba    program     static                          
           ___if_lbl00075   0x000afe    program     static                          
           ___if_lbl00077   0x000b06    program     static                          
           ___if_lbl00078   0x000c5a    program     static                          
           ___if_lbl00083   0x000d34    program     static                          
           ___if_lbl00087   0x00299e    program     static                          
           ___if_lbl00088   0x00299e    program     static                          
           ___if_lbl00089   0x000ea8    program     static                          
           ___if_lbl00090   0x0029d8    program     static                          
           ___if_lbl00091   0x0029e2    program     static                          
           ___if_lbl00091   0x000ebc    program     static                          
           ___if_lbl00092   0x0029e2    program     static                          
           ___if_lbl00092   0x000ebe    program     static                          
           ___if_lbl00093   0x0029e2    program     static                          
           ___if_lbl00094   0x0029e2    program     static                          
           ___if_lbl00094   0x000f5c    program     static                          
           ___if_lbl00095   0x0029f6    program     static                          
           ___if_lbl00096   0x002a1e    program     static                          
           ___if_lbl00098   0x001078    program     static                          
           ___if_lbl00099   0x00108c    program     static                          
           ___if_lbl00100   0x0010a0    program     static                          
           ___if_lbl00104   0x002a6a    program     static                          
           ___if_lbl00108   0x001242    program     static                          
           ___if_lbl00110   0x00124c    program     static                          
           ___if_lbl00112   0x001250    program     static                          
           ___if_lbl00119   0x001344    program     static                          
           ___if_lbl00121   0x001348    program     static                          
           ___if_lbl00121   0x001ea4    program     static                          
           ___if_lbl00128   0x001f2c    program     static                          
       ___return_lbl00000   0x0032c0    program     static                          
       ___return_lbl00000   0x00321a    program     static                          
       ___return_lbl00000   0x002a6c    program     static                          
       ___return_lbl00000   0x000004    program     static                          
       ___return_lbl00000   0x0013fa    program     static                          
       ___return_lbl00001   0x003314    program     static                          
       ___return_lbl00001   0x002ec8    program     static                          
       ___return_lbl00002   0x003138    program     static                          
       ___return_lbl00004   0x00000c    program     static                          
       ___return_lbl00007   0x002f36    program     static                          
       ___return_lbl00062   0x001bc6    program     static                          
       ___return_lbl00078   0x001f48    program     static                          
       ___return_lbl00089   0x00001c    program     static                          
   ___switchexit_lbl00066   0x002992    program     static                          
   ___switchexit_lbl00097   0x002a66    program     static                          
        ___while_lbl00003   0x002ea6    program     static                          
        ___while_lbl00004   0x002eaa    program     static                          
        ___while_lbl00005   0x002ec4    program     static                          
        ___while_lbl00006   0x002ec8    program     static                          
        ___while_lbl00029   0x0025ae    program     static                          
        ___while_lbl00030   0x002a6c    program     static                          
        ___while_lbl00034   0x0025d6    program     static                          
        ___while_lbl00034   0x0003ea    program     static                          
        ___while_lbl00035   0x0025da    program     static                          
        ___while_lbl00035   0x0003ee    program     static                          
        ___while_lbl00036   0x0025f2    program     static                          
        ___while_lbl00037   0x0025f6    program     static                          
        ___while_lbl00038   0x000414    program     static                          
        ___while_lbl00038   0x00260e    program     static                          
        ___while_lbl00039   0x002612    program     static                          
        ___while_lbl00039   0x000418    program     static                          
        ___while_lbl00040   0x002614    program     static                          
        ___while_lbl00041   0x002618    program     static                          
        ___while_lbl00042   0x002622    program     static                          
        ___while_lbl00043   0x002626    program     static                          
        ___while_lbl00044   0x00263e    program     static                          
        ___while_lbl00045   0x002642    program     static                          
        ___while_lbl00046   0x00265a    program     static                          
        ___while_lbl00047   0x00265e    program     static                          
        ___while_lbl00048   0x002660    program     static                          
        ___while_lbl00049   0x002664    program     static                          
        ___while_lbl00079   0x001d60    program     static                          
        ___while_lbl00080   0x001d64    program     static                          
        ___while_lbl00081   0x001d66    program     static                          
        ___while_lbl00082   0x001d6a    program     static                          
        ___while_lbl00083   0x001d74    program     static                          
        ___while_lbl00084   0x001d78    program     static                          
        ___while_lbl00085   0x001d7c    program     static                          
        ___while_lbl00086   0x001d80    program     static                          
        ___while_lbl00090   0x001dac    program     static                          
        ___while_lbl00091   0x001db0    program     static                          
        ___while_lbl00092   0x001dba    program     static                          
        ___while_lbl00093   0x001dbe    program     static                          
        ___while_lbl00094   0x001dd6    program     static                          
        ___while_lbl00095   0x001dda    program     static                          
        ___while_lbl00096   0x001df2    program     static                          
        ___while_lbl00097   0x001df6    program     static                          
        ___while_lbl00098   0x001df8    program     static                          
        ___while_lbl00099   0x001dfc    program     static                          
        ___while_lbl00100   0x001e06    program     static                          
        ___while_lbl00101   0x001e0a    program     static                          
        ___while_lbl00102   0x001e0c    program     static                          
        ___while_lbl00103   0x001e10    program     static                          
        ___while_lbl00104   0x001e1a    program     static                          
        ___while_lbl00105   0x001e1e    program     static                          
        ___while_lbl00106   0x001e22    program     static                          
        ___while_lbl00107   0x001e26    program     static                          
        ___while_lbl00111   0x001e52    program     static                          
        ___while_lbl00112   0x001e56    program     static                          
        ___while_lbl00113   0x001e60    program     static                          
        ___while_lbl00114   0x001e64    program     static                          
        ___while_lbl00115   0x001e7c    program     static                          
        ___while_lbl00116   0x001e80    program     static                          
        ___while_lbl00117   0x001e98    program     static                          
        ___while_lbl00118   0x001e9c    program     static                          
        ___while_lbl00119   0x001e9e    program     static                          
        ___while_lbl00120   0x001ea2    program     static                          
        ___while_lbl00123   0x001ea4    program     static                          
        ___while_lbl00124   0x001eac    program     static                          
        ___while_lbl00124   0x001394    program     static                          
        ___while_lbl00125   0x001398    program     static                          
               __config_0   0x300001    program     static C:\Work\MPLab_Projects\new\v12\main.c
               __config_1   0x300002    program     static C:\Work\MPLab_Projects\new\v12\main.c
              __config_10   0x30000d    program     static C:\Work\MPLab_Projects\new\v12\main.c
               __config_2   0x300003    program     static C:\Work\MPLab_Projects\new\v12\main.c
               __config_3   0x300005    program     static C:\Work\MPLab_Projects\new\v12\main.c
               __config_4   0x300006    program     static C:\Work\MPLab_Projects\new\v12\main.c
               __config_5   0x300008    program     static C:\Work\MPLab_Projects\new\v12\main.c
               __config_6   0x300009    program     static C:\Work\MPLab_Projects\new\v12\main.c
               __config_7   0x30000a    program     static C:\Work\MPLab_Projects\new\v12\main.c
               __config_8   0x30000b    program     static C:\Work\MPLab_Projects\new\v12\main.c
               __config_9   0x30000c    program     static C:\Work\MPLab_Projects\new\v12\main.c
                   __init   0x000006    program     extern E:\3.46\pic18-lt\cxx-framework\src\traditional\stdclib\__init.c
               __tmplbl_0   0x002400    program     static                          
               __tmplbl_0   0x0002a6    program     static                          
               __tmplbl_1   0x0023f6    program     static                          
               __tmplbl_1   0x00027e    program     static                          
              __tmplbl_10   0x0004fa    program     static                          
              __tmplbl_10   0x0026e4    program     static                          
              __tmplbl_11   0x000762    program     static                          
              __tmplbl_11   0x0026de    program     static                          
              __tmplbl_11   0x001a9e    program     static                          
              __tmplbl_12   0x000738    program     static                          
              __tmplbl_12   0x001b16    program     static                          
              __tmplbl_12   0x002756    program     static                          
              __tmplbl_13   0x00274e    program     static                          
              __tmplbl_13   0x000810    program     static                          
              __tmplbl_14   0x002746    program     static                          
              __tmplbl_14   0x0007f2    program     static                          
              __tmplbl_15   0x0029c0    program     static                          
              __tmplbl_15   0x0007f0    program     static                          
              __tmplbl_16   0x00080e    program     static                          
              __tmplbl_16   0x0029b8    program     static                          
              __tmplbl_17   0x0008c2    program     static                          
              __tmplbl_17   0x00273c    program     static                          
              __tmplbl_18   0x000bdc    program     static                          
              __tmplbl_19   0x000db4    program     static                          
               __tmplbl_2   0x002f00    program     static                          
               __tmplbl_2   0x000384    program     static                          
               __tmplbl_2   0x0023ec    program     static                          
              __tmplbl_20   0x000d8e    program     static                          
              __tmplbl_21   0x0010fe    program     static                          
              __tmplbl_22   0x0010e6    program     static                          
              __tmplbl_23   0x001370    program     static                          
               __tmplbl_3   0x00037a    program     static                          
               __tmplbl_3   0x0023e2    program     static                          
               __tmplbl_4   0x000370    program     static                          
               __tmplbl_4   0x002470    program     static                          
               __tmplbl_5   0x000366    program     static                          
               __tmplbl_5   0x002452    program     static                          
               __tmplbl_6   0x00045a    program     static                          
               __tmplbl_6   0x0025ba    program     static                          
               __tmplbl_7   0x000454    program     static                          
               __tmplbl_7   0x0025b4    program     static                          
               __tmplbl_8   0x00044c    program     static                          
               __tmplbl_8   0x0025ca    program     static                          
               __tmplbl_9   0x000522    program     static                          
               __tmplbl_9   0x0025c4    program     static                          
            __zero_memory   0x0032c2    program     extern E:\3.46\pic18-lt\cxx-framework\src\traditional\proc\p18f6621.asm
                _do_cinit   0x00309c    program     extern E:\3.46\pic18-lt\cxx-framework\src\traditional\startup\c018i.c
                   _entry   0x000000    program     extern E:\3.46\pic18-lt\cxx-framework\src\traditional\startup\c018i.c
                   _false   0x0032bc    program     static                          
                 _startup   0x0032fa    program     extern E:\3.46\pic18-lt\cxx-framework\src\traditional\startup\c018i.c
              checkCRC_rq   0x00141c    program     extern C:\Work\MPLab_Projects\new\v12\llmdb.c
           clearBuffer_rq   0x00140e    program     extern C:\Work\MPLab_Projects\new\v12\llmdb.c
                compare_l   0x0032f0    program     static E:\3.46\pic18-lt\cxx-framework\src\traditional\proc\p18f6621.asm
                copy_loop   0x00310e    program     static                          
            copy_one_byte   0x003114    program     static                          
        countSPIBeginVars   0x0021a2    program     extern C:\Work\MPLab_Projects\new\v12\spi.c
                    delay   0x00313a    program     extern C:\Work\MPLab_Projects\new\v12\globals.c
                     done   0x003138    program     static                          
             done_copying   0x003122    program     static                          
             getOddParity   0x002e30    program     extern C:\Work\MPLab_Projects\new\v12\binr.c
                 high_isr   0x00321c    program     extern C:\Work\MPLab_Projects\new\v12\llmdb_interrupt_handler.c
                     jEnd   0x003330    program     static E:\3.46\pic18-lt\cxx-framework\src\traditional\stdclib\strlen.asm
                    jLoop   0x003326    program     static E:\3.46\pic18-lt\cxx-framework\src\traditional\stdclib\strlen.asm
                     loop   0x00330a    program     static                          
                     loop   0x003288    program     static                          
                   loop_h   0x0032e8    program     static E:\3.46\pic18-lt\cxx-framework\src\traditional\proc\p18f6621.asm
                   loop_l   0x0032f2    program     static E:\3.46\pic18-lt\cxx-framework\src\traditional\proc\p18f6621.asm
                  low_isr   0x002a80    program     extern C:\Work\MPLab_Projects\new\v12\binr_interrupt_handler.c
                     main   0x002280    program     extern C:\Work\MPLab_Projects\new\v12\main.c
              makeCRC_ans   0x0014da    program     extern C:\Work\MPLab_Projects\new\v12\llmdb.c
              restart_spi   0x001f5c    program     extern C:\Work\MPLab_Projects\new\v12\spi.c
                start_spi   0x001c1e    program     extern C:\Work\MPLab_Projects\new\v12\spi.c
                 stop_spi   0x001d38    program     extern C:\Work\MPLab_Projects\new\v12\spi.c
                   strlen   0x003316    program     extern E:\3.46\pic18-lt\cxx-framework\src\traditional\stdclib\strlen.asm
                     test   0x0030b6    program     static                          
               zero_block   0x0032e8    program     static E:\3.46\pic18-lt\cxx-framework\src\traditional\proc\p18f6621.asm
                   ADCON0   0x000fc2       data     extern E:\3.46\pic18-lt\cxx-framework\src\traditional\proc\p18f6621.asm
               ADCON0bits   0x000fc2       data     extern E:\3.46\pic18-lt\cxx-framework\src\traditional\proc\p18f6621.asm
                   ADCON1   0x000fc1       data     extern E:\3.46\pic18-lt\cxx-framework\src\traditional\proc\p18f6621.asm
               ADCON1bits   0x000fc1       data     extern E:\3.46\pic18-lt\cxx-framework\src\traditional\proc\p18f6621.asm
                   ADCON2   0x000fc0       data     extern E:\3.46\pic18-lt\cxx-framework\src\traditional\proc\p18f6621.asm
               ADCON2bits   0x000fc0       data     extern E:\3.46\pic18-lt\cxx-framework\src\traditional\proc\p18f6621.asm
                    ADRES   0x000fc3       data     extern E:\3.46\pic18-lt\cxx-framework\src\traditional\proc\p18f6621.asm
                   ADRESH   0x000fc4       data     extern E:\3.46\pic18-lt\cxx-framework\src\traditional\proc\p18f6621.asm
                   ADRESL   0x000fc3       data     extern E:\3.46\pic18-lt\cxx-framework\src\traditional\proc\p18f6621.asm
                  BAUDCON   0x000f7e       data     extern E:\3.46\pic18-lt\cxx-framework\src\traditional\proc\p18f6621.asm
                 BAUDCON1   0x000f7e       data     extern E:\3.46\pic18-lt\cxx-framework\src\traditional\proc\p18f6621.asm
             BAUDCON1bits   0x000f7e       data     extern E:\3.46\pic18-lt\cxx-framework\src\traditional\proc\p18f6621.asm
                 BAUDCON2   0x000f7c       data     extern E:\3.46\pic18-lt\cxx-framework\src\traditional\proc\p18f6621.asm
             BAUDCON2bits   0x000f7c       data     extern E:\3.46\pic18-lt\cxx-framework\src\traditional\proc\p18f6621.asm
              BAUDCONbits   0x000f7e       data     extern E:\3.46\pic18-lt\cxx-framework\src\traditional\proc\p18f6621.asm
                 BAUDCTL1   0x000f7e       data     extern E:\3.46\pic18-lt\cxx-framework\src\traditional\proc\p18f6621.asm
             BAUDCTL1bits   0x000f7e       data     extern E:\3.46\pic18-lt\cxx-framework\src\traditional\proc\p18f6621.asm
                 BAUDCTL2   0x000f7c       data     extern E:\3.46\pic18-lt\cxx-framework\src\traditional\proc\p18f6621.asm
             BAUDCTL2bits   0x000f7c       data     extern E:\3.46\pic18-lt\cxx-framework\src\traditional\proc\p18f6621.asm
              BINR_answer   0x000d30       data     extern C:\Work\MPLab_Projects\new\v12\globals.c
               BINR_bytes   0x000d85       data     extern C:\Work\MPLab_Projects\new\v12\binr_interrupt_handler.c
              BINR_cmd_60   0x000d4d       data     extern C:\Work\MPLab_Projects\new\v12\binr.c
              BINR_cmd_70   0x000d52       data     extern C:\Work\MPLab_Projects\new\v12\binr.c
              BINR_cmd_a0   0x000d63       data     extern C:\Work\MPLab_Projects\new\v12\binr.c
              BINR_cmd_d5   0x000d69       data     extern C:\Work\MPLab_Projects\new\v12\binr.c
             BINR_cmd_d71   0x000d56       data     extern C:\Work\MPLab_Projects\new\v12\binr.c
             BINR_cmd_d72   0x000d5c       data     extern C:\Work\MPLab_Projects\new\v12\binr.c
              BINR_cmd_f4   0x000d6e       data     extern C:\Work\MPLab_Projects\new\v12\binr.c
          BINR_cmd_f4_str   0x000d89       data     extern C:\Work\MPLab_Projects\new\v12\spi.c
           BINR_cmd_inUse   0x000d1f       data     extern C:\Work\MPLab_Projects\new\v12\globals.c
                BINR_prev   0x000d84       data     extern C:\Work\MPLab_Projects\new\v12\binr_interrupt_handler.c
            BINR_rq_state   0x000d44       data     extern C:\Work\MPLab_Projects\new\v12\binr.c
          BINR_start_flag   0x000d1d       data     extern C:\Work\MPLab_Projects\new\v12\globals.c
             BINR_state_1   0x00016e       data     extern C:\Work\MPLab_Projects\new\v12\globals.c
             BINR_state_2   0x0001c8       data     extern C:\Work\MPLab_Projects\new\v12\globals.c
                BINR_stop   0x000d49       data     extern C:\Work\MPLab_Projects\new\v12\binr.c
           BINR_stop_flag   0x000d1c       data     extern C:\Work\MPLab_Projects\new\v12\globals.c
            BINR_stop_str   0x000d8e       data     extern C:\Work\MPLab_Projects\new\v12\main.c
                      BSR   0x000fe0       data     extern E:\3.46\pic18-lt\cxx-framework\src\traditional\proc\p18f6621.asm
                  CCP1CON   0x000fbd       data     extern E:\3.46\pic18-lt\cxx-framework\src\traditional\proc\p18f6621.asm
              CCP1CONbits   0x000fbd       data     extern E:\3.46\pic18-lt\cxx-framework\src\traditional\proc\p18f6621.asm
                  CCP2CON   0x000fba       data     extern E:\3.46\pic18-lt\cxx-framework\src\traditional\proc\p18f6621.asm
              CCP2CONbits   0x000fba       data     extern E:\3.46\pic18-lt\cxx-framework\src\traditional\proc\p18f6621.asm
                  CCP3CON   0x000fb7       data     extern E:\3.46\pic18-lt\cxx-framework\src\traditional\proc\p18f6621.asm
              CCP3CONbits   0x000fb7       data     extern E:\3.46\pic18-lt\cxx-framework\src\traditional\proc\p18f6621.asm
                  CCP4CON   0x000f73       data     extern E:\3.46\pic18-lt\cxx-framework\src\traditional\proc\p18f6621.asm
              CCP4CONbits   0x000f73       data     extern E:\3.46\pic18-lt\cxx-framework\src\traditional\proc\p18f6621.asm
                  CCP5CON   0x000f70       data     extern E:\3.46\pic18-lt\cxx-framework\src\traditional\proc\p18f6621.asm
              CCP5CONbits   0x000f70       data     extern E:\3.46\pic18-lt\cxx-framework\src\traditional\proc\p18f6621.asm
                    CCPR1   0x000fbe       data     extern E:\3.46\pic18-lt\cxx-framework\src\traditional\proc\p18f6621.asm
                   CCPR1H   0x000fbf       data     extern E:\3.46\pic18-lt\cxx-framework\src\traditional\proc\p18f6621.asm
                   CCPR1L   0x000fbe       data     extern E:\3.46\pic18-lt\cxx-framework\src\traditional\proc\p18f6621.asm
                    CCPR2   0x000fbb       data     extern E:\3.46\pic18-lt\cxx-framework\src\traditional\proc\p18f6621.asm
                   CCPR2H   0x000fbc       data     extern E:\3.46\pic18-lt\cxx-framework\src\traditional\proc\p18f6621.asm
                   CCPR2L   0x000fbb       data     extern E:\3.46\pic18-lt\cxx-framework\src\traditional\proc\p18f6621.asm
                    CCPR3   0x000fb8       data     extern E:\3.46\pic18-lt\cxx-framework\src\traditional\proc\p18f6621.asm
                   CCPR3H   0x000fb9       data     extern E:\3.46\pic18-lt\cxx-framework\src\traditional\proc\p18f6621.asm
                   CCPR3L   0x000fb8       data     extern E:\3.46\pic18-lt\cxx-framework\src\traditional\proc\p18f6621.asm
                    CCPR4   0x000f74       data     extern E:\3.46\pic18-lt\cxx-framework\src\traditional\proc\p18f6621.asm
                   CCPR4H   0x000f75       data     extern E:\3.46\pic18-lt\cxx-framework\src\traditional\proc\p18f6621.asm
                   CCPR4L   0x000f74       data     extern E:\3.46\pic18-lt\cxx-framework\src\traditional\proc\p18f6621.asm
                    CCPR5   0x000f71       data     extern E:\3.46\pic18-lt\cxx-framework\src\traditional\proc\p18f6621.asm
                   CCPR5H   0x000f72       data     extern E:\3.46\pic18-lt\cxx-framework\src\traditional\proc\p18f6621.asm
                   CCPR5L   0x000f71       data     extern E:\3.46\pic18-lt\cxx-framework\src\traditional\proc\p18f6621.asm
                    CMCON   0x000fb4       data     extern E:\3.46\pic18-lt\cxx-framework\src\traditional\proc\p18f6621.asm
                CMCONbits   0x000fb4       data     extern E:\3.46\pic18-lt\cxx-framework\src\traditional\proc\p18f6621.asm
                   CVRCON   0x000fb5       data     extern E:\3.46\pic18-lt\cxx-framework\src\traditional\proc\p18f6621.asm
               CVRCONbits   0x000fb5       data     extern E:\3.46\pic18-lt\cxx-framework\src\traditional\proc\p18f6621.asm
                     DDRA   0x000f92       data     extern E:\3.46\pic18-lt\cxx-framework\src\traditional\proc\p18f6621.asm
                 DDRAbits   0x000f92       data     extern E:\3.46\pic18-lt\cxx-framework\src\traditional\proc\p18f6621.asm
                     DDRB   0x000f93       data     extern E:\3.46\pic18-lt\cxx-framework\src\traditional\proc\p18f6621.asm
                 DDRBbits   0x000f93       data     extern E:\3.46\pic18-lt\cxx-framework\src\traditional\proc\p18f6621.asm
                     DDRC   0x000f94       data     extern E:\3.46\pic18-lt\cxx-framework\src\traditional\proc\p18f6621.asm
                 DDRCbits   0x000f94       data     extern E:\3.46\pic18-lt\cxx-framework\src\traditional\proc\p18f6621.asm
                     DDRD   0x000f95       data     extern E:\3.46\pic18-lt\cxx-framework\src\traditional\proc\p18f6621.asm
                 DDRDbits   0x000f95       data     extern E:\3.46\pic18-lt\cxx-framework\src\traditional\proc\p18f6621.asm
                     DDRE   0x000f96       data     extern E:\3.46\pic18-lt\cxx-framework\src\traditional\proc\p18f6621.asm
                 DDREbits   0x000f96       data     extern E:\3.46\pic18-lt\cxx-framework\src\traditional\proc\p18f6621.asm
                     DDRF   0x000f97       data     extern E:\3.46\pic18-lt\cxx-framework\src\traditional\proc\p18f6621.asm
                 DDRFbits   0x000f97       data     extern E:\3.46\pic18-lt\cxx-framework\src\traditional\proc\p18f6621.asm
                     DDRG   0x000f98       data     extern E:\3.46\pic18-lt\cxx-framework\src\traditional\proc\p18f6621.asm
                 DDRGbits   0x000f98       data     extern E:\3.46\pic18-lt\cxx-framework\src\traditional\proc\p18f6621.asm
                  ECCP1AS   0x000fb6       data     extern E:\3.46\pic18-lt\cxx-framework\src\traditional\proc\p18f6621.asm
              ECCP1ASbits   0x000fb6       data     extern E:\3.46\pic18-lt\cxx-framework\src\traditional\proc\p18f6621.asm
                 ECCP1DEL   0x000f79       data     extern E:\3.46\pic18-lt\cxx-framework\src\traditional\proc\p18f6621.asm
             ECCP1DELbits   0x000f79       data     extern E:\3.46\pic18-lt\cxx-framework\src\traditional\proc\p18f6621.asm
                  ECCP2AS   0x000f68       data     extern E:\3.46\pic18-lt\cxx-framework\src\traditional\proc\p18f6621.asm
              ECCP2ASbits   0x000f68       data     extern E:\3.46\pic18-lt\cxx-framework\src\traditional\proc\p18f6621.asm
                 ECCP2DEL   0x000f67       data     extern E:\3.46\pic18-lt\cxx-framework\src\traditional\proc\p18f6621.asm
             ECCP2DELbits   0x000f67       data     extern E:\3.46\pic18-lt\cxx-framework\src\traditional\proc\p18f6621.asm
                  ECCP3AS   0x000f6a       data     extern E:\3.46\pic18-lt\cxx-framework\src\traditional\proc\p18f6621.asm
              ECCP3ASbits   0x000f6a       data     extern E:\3.46\pic18-lt\cxx-framework\src\traditional\proc\p18f6621.asm
                 ECCP3DEL   0x000f69       data     extern E:\3.46\pic18-lt\cxx-framework\src\traditional\proc\p18f6621.asm
             ECCP3DELbits   0x000f69       data     extern E:\3.46\pic18-lt\cxx-framework\src\traditional\proc\p18f6621.asm
                    EEADR   0x000fa9       data     extern E:\3.46\pic18-lt\cxx-framework\src\traditional\proc\p18f6621.asm
                   EEADRH   0x000faa       data     extern E:\3.46\pic18-lt\cxx-framework\src\traditional\proc\p18f6621.asm
                   EECON1   0x000fa6       data     extern E:\3.46\pic18-lt\cxx-framework\src\traditional\proc\p18f6621.asm
               EECON1bits   0x000fa6       data     extern E:\3.46\pic18-lt\cxx-framework\src\traditional\proc\p18f6621.asm
                   EECON2   0x000fa7       data     extern E:\3.46\pic18-lt\cxx-framework\src\traditional\proc\p18f6621.asm
                   EEDATA   0x000fa8       data     extern E:\3.46\pic18-lt\cxx-framework\src\traditional\proc\p18f6621.asm
                     FSR0   0x000fe9       data     extern E:\3.46\pic18-lt\cxx-framework\src\traditional\proc\p18f6621.asm
                    FSR0H   0x000fea       data     extern E:\3.46\pic18-lt\cxx-framework\src\traditional\proc\p18f6621.asm
                    FSR0L   0x000fe9       data     extern E:\3.46\pic18-lt\cxx-framework\src\traditional\proc\p18f6621.asm
                     FSR1   0x000fe1       data     extern E:\3.46\pic18-lt\cxx-framework\src\traditional\proc\p18f6621.asm
                    FSR1H   0x000fe2       data     extern E:\3.46\pic18-lt\cxx-framework\src\traditional\proc\p18f6621.asm
                    FSR1L   0x000fe1       data     extern E:\3.46\pic18-lt\cxx-framework\src\traditional\proc\p18f6621.asm
                     FSR2   0x000fd9       data     extern E:\3.46\pic18-lt\cxx-framework\src\traditional\proc\p18f6621.asm
                    FSR2H   0x000fda       data     extern E:\3.46\pic18-lt\cxx-framework\src\traditional\proc\p18f6621.asm
                    FSR2L   0x000fd9       data     extern E:\3.46\pic18-lt\cxx-framework\src\traditional\proc\p18f6621.asm
                       ID   0x000d01       data     extern C:\Work\MPLab_Projects\new\v12\globals.c
                    INDF0   0x000fef       data     extern E:\3.46\pic18-lt\cxx-framework\src\traditional\proc\p18f6621.asm
                    INDF1   0x000fe7       data     extern E:\3.46\pic18-lt\cxx-framework\src\traditional\proc\p18f6621.asm
                    INDF2   0x000fdf       data     extern E:\3.46\pic18-lt\cxx-framework\src\traditional\proc\p18f6621.asm
                   INTCON   0x000ff2       data     extern E:\3.46\pic18-lt\cxx-framework\src\traditional\proc\p18f6621.asm
                  INTCON2   0x000ff1       data     extern E:\3.46\pic18-lt\cxx-framework\src\traditional\proc\p18f6621.asm
              INTCON2bits   0x000ff1       data     extern E:\3.46\pic18-lt\cxx-framework\src\traditional\proc\p18f6621.asm
                  INTCON3   0x000ff0       data     extern E:\3.46\pic18-lt\cxx-framework\src\traditional\proc\p18f6621.asm
              INTCON3bits   0x000ff0       data     extern E:\3.46\pic18-lt\cxx-framework\src\traditional\proc\p18f6621.asm
               INTCONbits   0x000ff2       data     extern E:\3.46\pic18-lt\cxx-framework\src\traditional\proc\p18f6621.asm
                     IPR1   0x000f9f       data     extern E:\3.46\pic18-lt\cxx-framework\src\traditional\proc\p18f6621.asm
                 IPR1bits   0x000f9f       data     extern E:\3.46\pic18-lt\cxx-framework\src\traditional\proc\p18f6621.asm
                     IPR2   0x000fa2       data     extern E:\3.46\pic18-lt\cxx-framework\src\traditional\proc\p18f6621.asm
                 IPR2bits   0x000fa2       data     extern E:\3.46\pic18-lt\cxx-framework\src\traditional\proc\p18f6621.asm
                     IPR3   0x000fa5       data     extern E:\3.46\pic18-lt\cxx-framework\src\traditional\proc\p18f6621.asm
                 IPR3bits   0x000fa5       data     extern E:\3.46\pic18-lt\cxx-framework\src\traditional\proc\p18f6621.asm
                     LATA   0x000f89       data     extern E:\3.46\pic18-lt\cxx-framework\src\traditional\proc\p18f6621.asm
                 LATAbits   0x000f89       data     extern E:\3.46\pic18-lt\cxx-framework\src\traditional\proc\p18f6621.asm
                     LATB   0x000f8a       data     extern E:\3.46\pic18-lt\cxx-framework\src\traditional\proc\p18f6621.asm
                 LATBbits   0x000f8a       data     extern E:\3.46\pic18-lt\cxx-framework\src\traditional\proc\p18f6621.asm
                     LATC   0x000f8b       data     extern E:\3.46\pic18-lt\cxx-framework\src\traditional\proc\p18f6621.asm
                 LATCbits   0x000f8b       data     extern E:\3.46\pic18-lt\cxx-framework\src\traditional\proc\p18f6621.asm
                     LATD   0x000f8c       data     extern E:\3.46\pic18-lt\cxx-framework\src\traditional\proc\p18f6621.asm
                 LATDbits   0x000f8c       data     extern E:\3.46\pic18-lt\cxx-framework\src\traditional\proc\p18f6621.asm
                     LATE   0x000f8d       data     extern E:\3.46\pic18-lt\cxx-framework\src\traditional\proc\p18f6621.asm
                 LATEbits   0x000f8d       data     extern E:\3.46\pic18-lt\cxx-framework\src\traditional\proc\p18f6621.asm
                     LATF   0x000f8e       data     extern E:\3.46\pic18-lt\cxx-framework\src\traditional\proc\p18f6621.asm
                 LATFbits   0x000f8e       data     extern E:\3.46\pic18-lt\cxx-framework\src\traditional\proc\p18f6621.asm
                     LATG   0x000f8f       data     extern E:\3.46\pic18-lt\cxx-framework\src\traditional\proc\p18f6621.asm
                 LATGbits   0x000f8f       data     extern E:\3.46\pic18-lt\cxx-framework\src\traditional\proc\p18f6621.asm
               LLMDB_ADDR   0x000d00       data     extern C:\Work\MPLab_Projects\new\v12\globals.c
                   LVDCON   0x000fd2       data     extern E:\3.46\pic18-lt\cxx-framework\src\traditional\proc\p18f6621.asm
               LVDCONbits   0x000fd2       data     extern E:\3.46\pic18-lt\cxx-framework\src\traditional\proc\p18f6621.asm
                   OSCCON   0x000fd3       data     extern E:\3.46\pic18-lt\cxx-framework\src\traditional\proc\p18f6621.asm
               OSCCONbits   0x000fd3       data     extern E:\3.46\pic18-lt\cxx-framework\src\traditional\proc\p18f6621.asm
                       PC   0x000ff9       data     extern E:\3.46\pic18-lt\cxx-framework\src\traditional\proc\p18f6621.asm
                      PCL   0x000ff9       data     extern E:\3.46\pic18-lt\cxx-framework\src\traditional\proc\p18f6621.asm
                   PCLATH   0x000ffa       data     extern E:\3.46\pic18-lt\cxx-framework\src\traditional\proc\p18f6621.asm
                   PCLATU   0x000ffb       data     extern E:\3.46\pic18-lt\cxx-framework\src\traditional\proc\p18f6621.asm
                     PIE1   0x000f9d       data     extern E:\3.46\pic18-lt\cxx-framework\src\traditional\proc\p18f6621.asm
                 PIE1bits   0x000f9d       data     extern E:\3.46\pic18-lt\cxx-framework\src\traditional\proc\p18f6621.asm
                     PIE2   0x000fa0       data     extern E:\3.46\pic18-lt\cxx-framework\src\traditional\proc\p18f6621.asm
                 PIE2bits   0x000fa0       data     extern E:\3.46\pic18-lt\cxx-framework\src\traditional\proc\p18f6621.asm
                     PIE3   0x000fa3       data     extern E:\3.46\pic18-lt\cxx-framework\src\traditional\proc\p18f6621.asm
                 PIE3bits   0x000fa3       data     extern E:\3.46\pic18-lt\cxx-framework\src\traditional\proc\p18f6621.asm
                     PIR1   0x000f9e       data     extern E:\3.46\pic18-lt\cxx-framework\src\traditional\proc\p18f6621.asm
                 PIR1bits   0x000f9e       data     extern E:\3.46\pic18-lt\cxx-framework\src\traditional\proc\p18f6621.asm
                     PIR2   0x000fa1       data     extern E:\3.46\pic18-lt\cxx-framework\src\traditional\proc\p18f6621.asm
                 PIR2bits   0x000fa1       data     extern E:\3.46\pic18-lt\cxx-framework\src\traditional\proc\p18f6621.asm
                     PIR3   0x000fa4       data     extern E:\3.46\pic18-lt\cxx-framework\src\traditional\proc\p18f6621.asm
                 PIR3bits   0x000fa4       data     extern E:\3.46\pic18-lt\cxx-framework\src\traditional\proc\p18f6621.asm
                   PLUSW0   0x000feb       data     extern E:\3.46\pic18-lt\cxx-framework\src\traditional\proc\p18f6621.asm
                   PLUSW1   0x000fe3       data     extern E:\3.46\pic18-lt\cxx-framework\src\traditional\proc\p18f6621.asm
                   PLUSW2   0x000fdb       data     extern E:\3.46\pic18-lt\cxx-framework\src\traditional\proc\p18f6621.asm
                    PORTA   0x000f80       data     extern E:\3.46\pic18-lt\cxx-framework\src\traditional\proc\p18f6621.asm
                PORTAbits   0x000f80       data     extern E:\3.46\pic18-lt\cxx-framework\src\traditional\proc\p18f6621.asm
                    PORTB   0x000f81       data     extern E:\3.46\pic18-lt\cxx-framework\src\traditional\proc\p18f6621.asm
                PORTBbits   0x000f81       data     extern E:\3.46\pic18-lt\cxx-framework\src\traditional\proc\p18f6621.asm
                    PORTC   0x000f82       data     extern E:\3.46\pic18-lt\cxx-framework\src\traditional\proc\p18f6621.asm
                PORTCbits   0x000f82       data     extern E:\3.46\pic18-lt\cxx-framework\src\traditional\proc\p18f6621.asm
                    PORTD   0x000f83       data     extern E:\3.46\pic18-lt\cxx-framework\src\traditional\proc\p18f6621.asm
                PORTDbits   0x000f83       data     extern E:\3.46\pic18-lt\cxx-framework\src\traditional\proc\p18f6621.asm
                    PORTE   0x000f84       data     extern E:\3.46\pic18-lt\cxx-framework\src\traditional\proc\p18f6621.asm
                PORTEbits   0x000f84       data     extern E:\3.46\pic18-lt\cxx-framework\src\traditional\proc\p18f6621.asm
                    PORTF   0x000f85       data     extern E:\3.46\pic18-lt\cxx-framework\src\traditional\proc\p18f6621.asm
                PORTFbits   0x000f85       data     extern E:\3.46\pic18-lt\cxx-framework\src\traditional\proc\p18f6621.asm
                    PORTG   0x000f86       data     extern E:\3.46\pic18-lt\cxx-framework\src\traditional\proc\p18f6621.asm
                PORTGbits   0x000f86       data     extern E:\3.46\pic18-lt\cxx-framework\src\traditional\proc\p18f6621.asm
                 POSTDEC0   0x000fed       data     extern E:\3.46\pic18-lt\cxx-framework\src\traditional\proc\p18f6621.asm
                 POSTDEC1   0x000fe5       data     extern E:\3.46\pic18-lt\cxx-framework\src\traditional\proc\p18f6621.asm
                 POSTDEC2   0x000fdd       data     extern E:\3.46\pic18-lt\cxx-framework\src\traditional\proc\p18f6621.asm
                 POSTINC0   0x000fee       data     extern E:\3.46\pic18-lt\cxx-framework\src\traditional\proc\p18f6621.asm
                 POSTINC1   0x000fe6       data     extern E:\3.46\pic18-lt\cxx-framework\src\traditional\proc\p18f6621.asm
                 POSTINC2   0x000fde       data     extern E:\3.46\pic18-lt\cxx-framework\src\traditional\proc\p18f6621.asm
                      PR2   0x000fcb       data     extern E:\3.46\pic18-lt\cxx-framework\src\traditional\proc\p18f6621.asm
                      PR4   0x000f77       data     extern E:\3.46\pic18-lt\cxx-framework\src\traditional\proc\p18f6621.asm
                  PREINC0   0x000fec       data     extern E:\3.46\pic18-lt\cxx-framework\src\traditional\proc\p18f6621.asm
                  PREINC1   0x000fe4       data     extern E:\3.46\pic18-lt\cxx-framework\src\traditional\proc\p18f6621.asm
                  PREINC2   0x000fdc       data     extern E:\3.46\pic18-lt\cxx-framework\src\traditional\proc\p18f6621.asm
                     PROD   0x000ff3       data     extern E:\3.46\pic18-lt\cxx-framework\src\traditional\proc\p18f6621.asm
                    PRODH   0x000ff4       data     extern E:\3.46\pic18-lt\cxx-framework\src\traditional\proc\p18f6621.asm
                    PRODL   0x000ff3       data     extern E:\3.46\pic18-lt\cxx-framework\src\traditional\proc\p18f6621.asm
                   PSPCON   0x000fb0       data     extern E:\3.46\pic18-lt\cxx-framework\src\traditional\proc\p18f6621.asm
               PSPCONbits   0x000fb0       data     extern E:\3.46\pic18-lt\cxx-framework\src\traditional\proc\p18f6621.asm
                  PWM1CON   0x000f79       data     extern E:\3.46\pic18-lt\cxx-framework\src\traditional\proc\p18f6621.asm
              PWM1CONbits   0x000f79       data     extern E:\3.46\pic18-lt\cxx-framework\src\traditional\proc\p18f6621.asm
                  PWM2CON   0x000f67       data     extern E:\3.46\pic18-lt\cxx-framework\src\traditional\proc\p18f6621.asm
              PWM2CONbits   0x000f67       data     extern E:\3.46\pic18-lt\cxx-framework\src\traditional\proc\p18f6621.asm
                  PWM3CON   0x000f69       data     extern E:\3.46\pic18-lt\cxx-framework\src\traditional\proc\p18f6621.asm
              PWM3CONbits   0x000f69       data     extern E:\3.46\pic18-lt\cxx-framework\src\traditional\proc\p18f6621.asm
                     RCON   0x000fd0       data     extern E:\3.46\pic18-lt\cxx-framework\src\traditional\proc\p18f6621.asm
                 RCONbits   0x000fd0       data     extern E:\3.46\pic18-lt\cxx-framework\src\traditional\proc\p18f6621.asm
                    RCREG   0x000fae       data     extern E:\3.46\pic18-lt\cxx-framework\src\traditional\proc\p18f6621.asm
                   RCREG1   0x000fae       data     extern E:\3.46\pic18-lt\cxx-framework\src\traditional\proc\p18f6621.asm
                   RCREG2   0x000f6e       data     extern E:\3.46\pic18-lt\cxx-framework\src\traditional\proc\p18f6621.asm
                    RCSTA   0x000fab       data     extern E:\3.46\pic18-lt\cxx-framework\src\traditional\proc\p18f6621.asm
                   RCSTA1   0x000fab       data     extern E:\3.46\pic18-lt\cxx-framework\src\traditional\proc\p18f6621.asm
               RCSTA1bits   0x000fab       data     extern E:\3.46\pic18-lt\cxx-framework\src\traditional\proc\p18f6621.asm
                   RCSTA2   0x000f6b       data     extern E:\3.46\pic18-lt\cxx-framework\src\traditional\proc\p18f6621.asm
               RCSTA2bits   0x000f6b       data     extern E:\3.46\pic18-lt\cxx-framework\src\traditional\proc\p18f6621.asm
                RCSTAbits   0x000fab       data     extern E:\3.46\pic18-lt\cxx-framework\src\traditional\proc\p18f6621.asm
                   SERIAL   0x000d05       data     extern C:\Work\MPLab_Projects\new\v12\globals.c
                     SIGN   0x00000e       data     extern E:\3.46\pic18-lt\cxx-framework\src\traditional\math\cmath18.asm
                    SPBRG   0x000faf       data     extern E:\3.46\pic18-lt\cxx-framework\src\traditional\proc\p18f6621.asm
                   SPBRG1   0x000faf       data     extern E:\3.46\pic18-lt\cxx-framework\src\traditional\proc\p18f6621.asm
                   SPBRG2   0x000f6f       data     extern E:\3.46\pic18-lt\cxx-framework\src\traditional\proc\p18f6621.asm
                   SPBRGH   0x000f7f       data     extern E:\3.46\pic18-lt\cxx-framework\src\traditional\proc\p18f6621.asm
                  SPBRGH1   0x000f7f       data     extern E:\3.46\pic18-lt\cxx-framework\src\traditional\proc\p18f6621.asm
                  SPBRGH2   0x000f7d       data     extern E:\3.46\pic18-lt\cxx-framework\src\traditional\proc\p18f6621.asm
             SPI_activate   0x000d24       data     extern C:\Work\MPLab_Projects\new\v12\globals.c
          SPI_active_flag   0x000d23       data     extern C:\Work\MPLab_Projects\new\v12\globals.c
         SPI_active_reset   0x000d26       data     extern C:\Work\MPLab_Projects\new\v12\globals.c
          SPI_disactivate   0x000d25       data     extern C:\Work\MPLab_Projects\new\v12\globals.c
   SPI_session_in_process   0x000d27       data     extern C:\Work\MPLab_Projects\new\v12\globals.c
                   SSPADD   0x000fc8       data     extern E:\3.46\pic18-lt\cxx-framework\src\traditional\proc\p18f6621.asm
                   SSPBUF   0x000fc9       data     extern E:\3.46\pic18-lt\cxx-framework\src\traditional\proc\p18f6621.asm
                  SSPCON1   0x000fc6       data     extern E:\3.46\pic18-lt\cxx-framework\src\traditional\proc\p18f6621.asm
              SSPCON1bits   0x000fc6       data     extern E:\3.46\pic18-lt\cxx-framework\src\traditional\proc\p18f6621.asm
                  SSPCON2   0x000fc5       data     extern E:\3.46\pic18-lt\cxx-framework\src\traditional\proc\p18f6621.asm
              SSPCON2bits   0x000fc5       data     extern E:\3.46\pic18-lt\cxx-framework\src\traditional\proc\p18f6621.asm
                  SSPSTAT   0x000fc7       data     extern E:\3.46\pic18-lt\cxx-framework\src\traditional\proc\p18f6621.asm
              SSPSTATbits   0x000fc7       data     extern E:\3.46\pic18-lt\cxx-framework\src\traditional\proc\p18f6621.asm
                   STATUS   0x000fd8       data     extern E:\3.46\pic18-lt\cxx-framework\src\traditional\proc\p18f6621.asm
               STATUSbits   0x000fd8       data     extern E:\3.46\pic18-lt\cxx-framework\src\traditional\proc\p18f6621.asm
                   STKPTR   0x000ffc       data     extern E:\3.46\pic18-lt\cxx-framework\src\traditional\proc\p18f6621.asm
               STKPTRbits   0x000ffc       data     extern E:\3.46\pic18-lt\cxx-framework\src\traditional\proc\p18f6621.asm
                    T0CON   0x000fd5       data     extern E:\3.46\pic18-lt\cxx-framework\src\traditional\proc\p18f6621.asm
                T0CONbits   0x000fd5       data     extern E:\3.46\pic18-lt\cxx-framework\src\traditional\proc\p18f6621.asm
                    T1CON   0x000fcd       data     extern E:\3.46\pic18-lt\cxx-framework\src\traditional\proc\p18f6621.asm
                T1CONbits   0x000fcd       data     extern E:\3.46\pic18-lt\cxx-framework\src\traditional\proc\p18f6621.asm
                    T2CON   0x000fca       data     extern E:\3.46\pic18-lt\cxx-framework\src\traditional\proc\p18f6621.asm
                T2CONbits   0x000fca       data     extern E:\3.46\pic18-lt\cxx-framework\src\traditional\proc\p18f6621.asm
                    T3CON   0x000fb1       data     extern E:\3.46\pic18-lt\cxx-framework\src\traditional\proc\p18f6621.asm
                T3CONbits   0x000fb1       data     extern E:\3.46\pic18-lt\cxx-framework\src\traditional\proc\p18f6621.asm
                    T4CON   0x000f76       data     extern E:\3.46\pic18-lt\cxx-framework\src\traditional\proc\p18f6621.asm
                T4CONbits   0x000f76       data     extern E:\3.46\pic18-lt\cxx-framework\src\traditional\proc\p18f6621.asm
                   TABLAT   0x000ff5       data     extern E:\3.46\pic18-lt\cxx-framework\src\traditional\proc\p18f6621.asm
                   TBLPTR   0x000ff6       data     extern E:\3.46\pic18-lt\cxx-framework\src\traditional\proc\p18f6621.asm
                  TBLPTRH   0x000ff7       data     extern E:\3.46\pic18-lt\cxx-framework\src\traditional\proc\p18f6621.asm
                  TBLPTRL   0x000ff6       data     extern E:\3.46\pic18-lt\cxx-framework\src\traditional\proc\p18f6621.asm
                  TBLPTRU   0x000ff8       data     extern E:\3.46\pic18-lt\cxx-framework\src\traditional\proc\p18f6621.asm
                    TMR0H   0x000fd7       data     extern E:\3.46\pic18-lt\cxx-framework\src\traditional\proc\p18f6621.asm
                    TMR0L   0x000fd6       data     extern E:\3.46\pic18-lt\cxx-framework\src\traditional\proc\p18f6621.asm
                    TMR1H   0x000fcf       data     extern E:\3.46\pic18-lt\cxx-framework\src\traditional\proc\p18f6621.asm
                    TMR1L   0x000fce       data     extern E:\3.46\pic18-lt\cxx-framework\src\traditional\proc\p18f6621.asm
                     TMR2   0x000fcc       data     extern E:\3.46\pic18-lt\cxx-framework\src\traditional\proc\p18f6621.asm
                    TMR3H   0x000fb3       data     extern E:\3.46\pic18-lt\cxx-framework\src\traditional\proc\p18f6621.asm
                    TMR3L   0x000fb2       data     extern E:\3.46\pic18-lt\cxx-framework\src\traditional\proc\p18f6621.asm
                     TMR4   0x000f78       data     extern E:\3.46\pic18-lt\cxx-framework\src\traditional\proc\p18f6621.asm
                      TOS   0x000ffd       data     extern E:\3.46\pic18-lt\cxx-framework\src\traditional\proc\p18f6621.asm
                     TOSH   0x000ffe       data     extern E:\3.46\pic18-lt\cxx-framework\src\traditional\proc\p18f6621.asm
                     TOSL   0x000ffd       data     extern E:\3.46\pic18-lt\cxx-framework\src\traditional\proc\p18f6621.asm
                     TOSU   0x000fff       data     extern E:\3.46\pic18-lt\cxx-framework\src\traditional\proc\p18f6621.asm
                    TRISA   0x000f92       data     extern E:\3.46\pic18-lt\cxx-framework\src\traditional\proc\p18f6621.asm
                TRISAbits   0x000f92       data     extern E:\3.46\pic18-lt\cxx-framework\src\traditional\proc\p18f6621.asm
                    TRISB   0x000f93       data     extern E:\3.46\pic18-lt\cxx-framework\src\traditional\proc\p18f6621.asm
                TRISBbits   0x000f93       data     extern E:\3.46\pic18-lt\cxx-framework\src\traditional\proc\p18f6621.asm
                    TRISC   0x000f94       data     extern E:\3.46\pic18-lt\cxx-framework\src\traditional\proc\p18f6621.asm
                TRISCbits   0x000f94       data     extern E:\3.46\pic18-lt\cxx-framework\src\traditional\proc\p18f6621.asm
                    TRISD   0x000f95       data     extern E:\3.46\pic18-lt\cxx-framework\src\traditional\proc\p18f6621.asm
                TRISDbits   0x000f95       data     extern E:\3.46\pic18-lt\cxx-framework\src\traditional\proc\p18f6621.asm
                    TRISE   0x000f96       data     extern E:\3.46\pic18-lt\cxx-framework\src\traditional\proc\p18f6621.asm
                TRISEbits   0x000f96       data     extern E:\3.46\pic18-lt\cxx-framework\src\traditional\proc\p18f6621.asm
                    TRISF   0x000f97       data     extern E:\3.46\pic18-lt\cxx-framework\src\traditional\proc\p18f6621.asm
                TRISFbits   0x000f97       data     extern E:\3.46\pic18-lt\cxx-framework\src\traditional\proc\p18f6621.asm
                    TRISG   0x000f98       data     extern E:\3.46\pic18-lt\cxx-framework\src\traditional\proc\p18f6621.asm
                TRISGbits   0x000f98       data     extern E:\3.46\pic18-lt\cxx-framework\src\traditional\proc\p18f6621.asm
                    TXREG   0x000fad       data     extern E:\3.46\pic18-lt\cxx-framework\src\traditional\proc\p18f6621.asm
                   TXREG1   0x000fad       data     extern E:\3.46\pic18-lt\cxx-framework\src\traditional\proc\p18f6621.asm
                   TXREG2   0x000f6d       data     extern E:\3.46\pic18-lt\cxx-framework\src\traditional\proc\p18f6621.asm
                    TXSTA   0x000fac       data     extern E:\3.46\pic18-lt\cxx-framework\src\traditional\proc\p18f6621.asm
                   TXSTA1   0x000fac       data     extern E:\3.46\pic18-lt\cxx-framework\src\traditional\proc\p18f6621.asm
               TXSTA1bits   0x000fac       data     extern E:\3.46\pic18-lt\cxx-framework\src\traditional\proc\p18f6621.asm
                   TXSTA2   0x000f6c       data     extern E:\3.46\pic18-lt\cxx-framework\src\traditional\proc\p18f6621.asm
               TXSTA2bits   0x000f6c       data     extern E:\3.46\pic18-lt\cxx-framework\src\traditional\proc\p18f6621.asm
                TXSTAbits   0x000fac       data     extern E:\3.46\pic18-lt\cxx-framework\src\traditional\proc\p18f6621.asm
                  VERSION   0x000d07       data     extern C:\Work\MPLab_Projects\new\v12\globals.c
                   WDTCON   0x000fd1       data     extern E:\3.46\pic18-lt\cxx-framework\src\traditional\proc\p18f6621.asm
               WDTCONbits   0x000fd1       data     extern E:\3.46\pic18-lt\cxx-framework\src\traditional\proc\p18f6621.asm
                     WREG   0x000fe8       data     extern E:\3.46\pic18-lt\cxx-framework\src\traditional\proc\p18f6621.asm
                 __AARGB0   0x000007       data     extern E:\3.46\pic18-lt\cxx-framework\src\traditional\math\aarg.asm
                 __AARGB1   0x000006       data     extern E:\3.46\pic18-lt\cxx-framework\src\traditional\math\aarg.asm
                 __AARGB2   0x000005       data     extern E:\3.46\pic18-lt\cxx-framework\src\traditional\math\aarg.asm
                 __AARGB3   0x000004       data     extern E:\3.46\pic18-lt\cxx-framework\src\traditional\math\aarg.asm
                 __AARGB4   0x000003       data     extern E:\3.46\pic18-lt\cxx-framework\src\traditional\math\aarg.asm
                 __AARGB5   0x000002       data     extern E:\3.46\pic18-lt\cxx-framework\src\traditional\math\aarg.asm
                 __AARGB6   0x000001       data     extern E:\3.46\pic18-lt\cxx-framework\src\traditional\math\aarg.asm
                 __AARGB7   0x000000       data     extern E:\3.46\pic18-lt\cxx-framework\src\traditional\math\aarg.asm
                   __AEXP   0x000008       data     extern E:\3.46\pic18-lt\cxx-framework\src\traditional\math\aarg.asm
                 __BARGB0   0x00000c       data     extern E:\3.46\pic18-lt\cxx-framework\src\traditional\math\barg.asm
                 __BARGB1   0x00000b       data     extern E:\3.46\pic18-lt\cxx-framework\src\traditional\math\barg.asm
                 __BARGB2   0x00000a       data     extern E:\3.46\pic18-lt\cxx-framework\src\traditional\math\barg.asm
                 __BARGB3   0x000009       data     extern E:\3.46\pic18-lt\cxx-framework\src\traditional\math\barg.asm
                   __BEXP   0x00000d       data     extern E:\3.46\pic18-lt\cxx-framework\src\traditional\math\barg.asm
                __FPFLAGS   0x00000f       data     extern E:\3.46\pic18-lt\cxx-framework\src\traditional\math\cmath18.asm
            __FPFLAGSbits   0x00000f       data     extern E:\3.46\pic18-lt\cxx-framework\src\traditional\math\cmath18.asm
                  __REMB0   0x000003       data     extern E:\3.46\pic18-lt\cxx-framework\src\traditional\math\aarg.asm
                  __REMB1   0x000002       data     extern E:\3.46\pic18-lt\cxx-framework\src\traditional\math\aarg.asm
                  __REMB2   0x000001       data     extern E:\3.46\pic18-lt\cxx-framework\src\traditional\math\aarg.asm
                  __REMB3   0x000000       data     extern E:\3.46\pic18-lt\cxx-framework\src\traditional\math\aarg.asm
                  __tmp_0   0x000010       data     static C:\Work\MPLab_Projects\new\v12\globals.c
                  __tmp_0   0x000010       data     static C:\Work\MPLab_Projects\new\v12\main.c
                  __tmp_0   0x000010       data     static C:\Work\MPLab_Projects\new\v12\spi.c
                  __tmp_0   0x000010       data     static C:\Work\MPLab_Projects\new\v12\llmdb.c
[...]
                 DDRFbits   0x000f97       data     extern E:\3.46\pic18-lt\cxx-framework\src\traditional\proc\p18f6621.asm
                TRISGbits   0x000f98       data     extern E:\3.46\pic18-lt\cxx-framework\src\traditional\proc\p18f6621.asm
                    TRISG   0x000f98       data     extern E:\3.46\pic18-lt\cxx-framework\src\traditional\proc\p18f6621.asm
                 DDRGbits   0x000f98       data     extern E:\3.46\pic18-lt\cxx-framework\src\traditional\proc\p18f6621.asm
                     DDRG   0x000f98       data     extern E:\3.46\pic18-lt\cxx-framework\src\traditional\proc\p18f6621.asm
                     PIE1   0x000f9d       data     extern E:\3.46\pic18-lt\cxx-framework\src\traditional\proc\p18f6621.asm
                 PIE1bits   0x000f9d       data     extern E:\3.46\pic18-lt\cxx-framework\src\traditional\proc\p18f6621.asm
                 PIR1bits   0x000f9e       data     extern E:\3.46\pic18-lt\cxx-framework\src\traditional\proc\p18f6621.asm
                     PIR1   0x000f9e       data     extern E:\3.46\pic18-lt\cxx-framework\src\traditional\proc\p18f6621.asm
                     IPR1   0x000f9f       data     extern E:\3.46\pic18-lt\cxx-framework\src\traditional\proc\p18f6621.asm
                 IPR1bits   0x000f9f       data     extern E:\3.46\pic18-lt\cxx-framework\src\traditional\proc\p18f6621.asm
                 PIE2bits   0x000fa0       data     extern E:\3.46\pic18-lt\cxx-framework\src\traditional\proc\p18f6621.asm
                     PIE2   0x000fa0       data     extern E:\3.46\pic18-lt\cxx-framework\src\traditional\proc\p18f6621.asm
                     PIR2   0x000fa1       data     extern E:\3.46\pic18-lt\cxx-framework\src\traditional\proc\p18f6621.asm
                 PIR2bits   0x000fa1       data     extern E:\3.46\pic18-lt\cxx-framework\src\traditional\proc\p18f6621.asm
                     IPR2   0x000fa2       data     extern E:\3.46\pic18-lt\cxx-framework\src\traditional\proc\p18f6621.asm
                 IPR2bits   0x000fa2       data     extern E:\3.46\pic18-lt\cxx-framework\src\traditional\proc\p18f6621.asm
                     PIE3   0x000fa3       data     extern E:\3.46\pic18-lt\cxx-framework\src\traditional\proc\p18f6621.asm
                 PIE3bits   0x000fa3       data     extern E:\3.46\pic18-lt\cxx-framework\src\traditional\proc\p18f6621.asm
                     PIR3   0x000fa4       data     extern E:\3.46\pic18-lt\cxx-framework\src\traditional\proc\p18f6621.asm
                 PIR3bits   0x000fa4       data     extern E:\3.46\pic18-lt\cxx-framework\src\traditional\proc\p18f6621.asm
                 IPR3bits   0x000fa5       data     extern E:\3.46\pic18-lt\cxx-framework\src\traditional\proc\p18f6621.asm
                     IPR3   0x000fa5       data     extern E:\3.46\pic18-lt\cxx-framework\src\traditional\proc\p18f6621.asm
                   EECON1   0x000fa6       data     extern E:\3.46\pic18-lt\cxx-framework\src\traditional\proc\p18f6621.asm
               EECON1bits   0x000fa6       data     extern E:\3.46\pic18-lt\cxx-framework\src\traditional\proc\p18f6621.asm
                   EECON2   0x000fa7       data     extern E:\3.46\pic18-lt\cxx-framework\src\traditional\proc\p18f6621.asm
                   EEDATA   0x000fa8       data     extern E:\3.46\pic18-lt\cxx-framework\src\traditional\proc\p18f6621.asm
                    EEADR   0x000fa9       data     extern E:\3.46\pic18-lt\cxx-framework\src\traditional\proc\p18f6621.asm
                   EEADRH   0x000faa       data     extern E:\3.46\pic18-lt\cxx-framework\src\traditional\proc\p18f6621.asm
                RCSTAbits   0x000fab       data     extern E:\3.46\pic18-lt\cxx-framework\src\traditional\proc\p18f6621.asm
               RCSTA1bits   0x000fab       data     extern E:\3.46\pic18-lt\cxx-framework\src\traditional\proc\p18f6621.asm
                   RCSTA1   0x000fab       data     extern E:\3.46\pic18-lt\cxx-framework\src\traditional\proc\p18f6621.asm
                    RCSTA   0x000fab       data     extern E:\3.46\pic18-lt\cxx-framework\src\traditional\proc\p18f6621.asm
                TXSTAbits   0x000fac       data     extern E:\3.46\pic18-lt\cxx-framework\src\traditional\proc\p18f6621.asm
               TXSTA1bits   0x000fac       data     extern E:\3.46\pic18-lt\cxx-framework\src\traditional\proc\p18f6621.asm
                   TXSTA1   0x000fac       data     extern E:\3.46\pic18-lt\cxx-framework\src\traditional\proc\p18f6621.asm
                    TXSTA   0x000fac       data     extern E:\3.46\pic18-lt\cxx-framework\src\traditional\proc\p18f6621.asm
                   TXREG1   0x000fad       data     extern E:\3.46\pic18-lt\cxx-framework\src\traditional\proc\p18f6621.asm
                    TXREG   0x000fad       data     extern E:\3.46\pic18-lt\cxx-framework\src\traditional\proc\p18f6621.asm
                   RCREG1   0x000fae       data     extern E:\3.46\pic18-lt\cxx-framework\src\traditional\proc\p18f6621.asm
                    RCREG   0x000fae       data     extern E:\3.46\pic18-lt\cxx-framework\src\traditional\proc\p18f6621.asm
                   SPBRG1   0x000faf       data     extern E:\3.46\pic18-lt\cxx-framework\src\traditional\proc\p18f6621.asm
                    SPBRG   0x000faf       data     extern E:\3.46\pic18-lt\cxx-framework\src\traditional\proc\p18f6621.asm
               PSPCONbits   0x000fb0       data     extern E:\3.46\pic18-lt\cxx-framework\src\traditional\proc\p18f6621.asm
                   PSPCON   0x000fb0       data     extern E:\3.46\pic18-lt\cxx-framework\src\traditional\proc\p18f6621.asm
                    T3CON   0x000fb1       data     extern E:\3.46\pic18-lt\cxx-framework\src\traditional\proc\p18f6621.asm
                T3CONbits   0x000fb1       data     extern E:\3.46\pic18-lt\cxx-framework\src\traditional\proc\p18f6621.asm
                    TMR3L   0x000fb2       data     extern E:\3.46\pic18-lt\cxx-framework\src\traditional\proc\p18f6621.asm
                    TMR3H   0x000fb3       data     extern E:\3.46\pic18-lt\cxx-framework\src\traditional\proc\p18f6621.asm
                CMCONbits   0x000fb4       data     extern E:\3.46\pic18-lt\cxx-framework\src\traditional\proc\p18f6621.asm
                    CMCON   0x000fb4       data     extern E:\3.46\pic18-lt\cxx-framework\src\traditional\proc\p18f6621.asm
                   CVRCON   0x000fb5       data     extern E:\3.46\pic18-lt\cxx-framework\src\traditional\proc\p18f6621.asm
               CVRCONbits   0x000fb5       data     extern E:\3.46\pic18-lt\cxx-framework\src\traditional\proc\p18f6621.asm
                  ECCP1AS   0x000fb6       data     extern E:\3.46\pic18-lt\cxx-framework\src\traditional\proc\p18f6621.asm
              ECCP1ASbits   0x000fb6       data     extern E:\3.46\pic18-lt\cxx-framework\src\traditional\proc\p18f6621.asm
                  CCP3CON   0x000fb7       data     extern E:\3.46\pic18-lt\cxx-framework\src\traditional\proc\p18f6621.asm
              CCP3CONbits   0x000fb7       data     extern E:\3.46\pic18-lt\cxx-framework\src\traditional\proc\p18f6621.asm
                    CCPR3   0x000fb8       data     extern E:\3.46\pic18-lt\cxx-framework\src\traditional\proc\p18f6621.asm
                   CCPR3L   0x000fb8       data     extern E:\3.46\pic18-lt\cxx-framework\src\traditional\proc\p18f6621.asm
                   CCPR3H   0x000fb9       data     extern E:\3.46\pic18-lt\cxx-framework\src\traditional\proc\p18f6621.asm
                  CCP2CON   0x000fba       data     extern E:\3.46\pic18-lt\cxx-framework\src\traditional\proc\p18f6621.asm
              CCP2CONbits   0x000fba       data     extern E:\3.46\pic18-lt\cxx-framework\src\traditional\proc\p18f6621.asm
                   CCPR2L   0x000fbb       data     extern E:\3.46\pic18-lt\cxx-framework\src\traditional\proc\p18f6621.asm
                    CCPR2   0x000fbb       data     extern E:\3.46\pic18-lt\cxx-framework\src\traditional\proc\p18f6621.asm
                   CCPR2H   0x000fbc       data     extern E:\3.46\pic18-lt\cxx-framework\src\traditional\proc\p18f6621.asm
              CCP1CONbits   0x000fbd       data     extern E:\3.46\pic18-lt\cxx-framework\src\traditional\proc\p18f6621.asm
                  CCP1CON   0x000fbd       data     extern E:\3.46\pic18-lt\cxx-framework\src\traditional\proc\p18f6621.asm
                    CCPR1   0x000fbe       data     extern E:\3.46\pic18-lt\cxx-framework\src\traditional\proc\p18f6621.asm
                   CCPR1L   0x000fbe       data     extern E:\3.46\pic18-lt\cxx-framework\src\traditional\proc\p18f6621.asm
                   CCPR1H   0x000fbf       data     extern E:\3.46\pic18-lt\cxx-framework\src\traditional\proc\p18f6621.asm
                   ADCON2   0x000fc0       data     extern E:\3.46\pic18-lt\cxx-framework\src\traditional\proc\p18f6621.asm
               ADCON2bits   0x000fc0       data     extern E:\3.46\pic18-lt\cxx-framework\src\traditional\proc\p18f6621.asm
                   ADCON1   0x000fc1       data     extern E:\3.46\pic18-lt\cxx-framework\src\traditional\proc\p18f6621.asm
               ADCON1bits   0x000fc1       data     extern E:\3.46\pic18-lt\cxx-framework\src\traditional\proc\p18f6621.asm
                   ADCON0   0x000fc2       data     extern E:\3.46\pic18-lt\cxx-framework\src\traditional\proc\p18f6621.asm
               ADCON0bits   0x000fc2       data     extern E:\3.46\pic18-lt\cxx-framework\src\traditional\proc\p18f6621.asm
                    ADRES   0x000fc3       data     extern E:\3.46\pic18-lt\cxx-framework\src\traditional\proc\p18f6621.asm
                   ADRESL   0x000fc3       data     extern E:\3.46\pic18-lt\cxx-framework\src\traditional\proc\p18f6621.asm
                   ADRESH   0x000fc4       data     extern E:\3.46\pic18-lt\cxx-framework\src\traditional\proc\p18f6621.asm
                  SSPCON2   0x000fc5       data     extern E:\3.46\pic18-lt\cxx-framework\src\traditional\proc\p18f6621.asm
              SSPCON2bits   0x000fc5       data     extern E:\3.46\pic18-lt\cxx-framework\src\traditional\proc\p18f6621.asm
                  SSPCON1   0x000fc6       data     extern E:\3.46\pic18-lt\cxx-framework\src\traditional\proc\p18f6621.asm
              SSPCON1bits   0x000fc6       data     extern E:\3.46\pic18-lt\cxx-framework\src\traditional\proc\p18f6621.asm
                  SSPSTAT   0x000fc7       data     extern E:\3.46\pic18-lt\cxx-framework\src\traditional\proc\p18f6621.asm
              SSPSTATbits   0x000fc7       data     extern E:\3.46\pic18-lt\cxx-framework\src\traditional\proc\p18f6621.asm
                   SSPADD   0x000fc8       data     extern E:\3.46\pic18-lt\cxx-framework\src\traditional\proc\p18f6621.asm
                   SSPBUF   0x000fc9       data     extern E:\3.46\pic18-lt\cxx-framework\src\traditional\proc\p18f6621.asm
                T2CONbits   0x000fca       data     extern E:\3.46\pic18-lt\cxx-framework\src\traditional\proc\p18f6621.asm
                    T2CON   0x000fca       data     extern E:\3.46\pic18-lt\cxx-framework\src\traditional\proc\p18f6621.asm
                      PR2   0x000fcb       data     extern E:\3.46\pic18-lt\cxx-framework\src\traditional\proc\p18f6621.asm
                     TMR2   0x000fcc       data     extern E:\3.46\pic18-lt\cxx-framework\src\traditional\proc\p18f6621.asm
                    T1CON   0x000fcd       data     extern E:\3.46\pic18-lt\cxx-framework\src\traditional\proc\p18f6621.asm
                T1CONbits   0x000fcd       data     extern E:\3.46\pic18-lt\cxx-framework\src\traditional\proc\p18f6621.asm
                    TMR1L   0x000fce       data     extern E:\3.46\pic18-lt\cxx-framework\src\traditional\proc\p18f6621.asm
                    TMR1H   0x000fcf       data     extern E:\3.46\pic18-lt\cxx-framework\src\traditional\proc\p18f6621.asm
                     RCON   0x000fd0       data     extern E:\3.46\pic18-lt\cxx-framework\src\traditional\proc\p18f6621.asm
                 RCONbits   0x000fd0       data     extern E:\3.46\pic18-lt\cxx-framework\src\traditional\proc\p18f6621.asm
                   WDTCON   0x000fd1       data     extern E:\3.46\pic18-lt\cxx-framework\src\traditional\proc\p18f6621.asm
               WDTCONbits   0x000fd1       data     extern E:\3.46\pic18-lt\cxx-framework\src\traditional\proc\p18f6621.asm
                   LVDCON   0x000fd2       data     extern E:\3.46\pic18-lt\cxx-framework\src\traditional\proc\p18f6621.asm
               LVDCONbits   0x000fd2       data     extern E:\3.46\pic18-lt\cxx-framework\src\traditional\proc\p18f6621.asm
                   OSCCON   0x000fd3       data     extern E:\3.46\pic18-lt\cxx-framework\src\traditional\proc\p18f6621.asm
               OSCCONbits   0x000fd3       data     extern E:\3.46\pic18-lt\cxx-framework\src\traditional\proc\p18f6621.asm
                    T0CON   0x000fd5       data     extern E:\3.46\pic18-lt\cxx-framework\src\traditional\proc\p18f6621.asm
                T0CONbits   0x000fd5       data     extern E:\3.46\pic18-lt\cxx-framework\src\traditional\proc\p18f6621.asm
                    TMR0L   0x000fd6       data     extern E:\3.46\pic18-lt\cxx-framework\src\traditional\proc\p18f6621.asm
                    TMR0H   0x000fd7       data     extern E:\3.46\pic18-lt\cxx-framework\src\traditional\proc\p18f6621.asm
                   STATUS   0x000fd8       data     extern E:\3.46\pic18-lt\cxx-framework\src\traditional\proc\p18f6621.asm
               STATUSbits   0x000fd8       data     extern E:\3.46\pic18-lt\cxx-framework\src\traditional\proc\p18f6621.asm
                    FSR2L   0x000fd9       data     extern E:\3.46\pic18-lt\cxx-framework\src\traditional\proc\p18f6621.asm
                     FSR2   0x000fd9       data     extern E:\3.46\pic18-lt\cxx-framework\src\traditional\proc\p18f6621.asm
                    FSR2H   0x000fda       data     extern E:\3.46\pic18-lt\cxx-framework\src\traditional\proc\p18f6621.asm
                   PLUSW2   0x000fdb       data     extern E:\3.46\pic18-lt\cxx-framework\src\traditional\proc\p18f6621.asm
                  PREINC2   0x000fdc       data     extern E:\3.46\pic18-lt\cxx-framework\src\traditional\proc\p18f6621.asm
                 POSTDEC2   0x000fdd       data     extern E:\3.46\pic18-lt\cxx-framework\src\traditional\proc\p18f6621.asm
                 POSTINC2   0x000fde       data     extern E:\3.46\pic18-lt\cxx-framework\src\traditional\proc\p18f6621.asm
                    INDF2   0x000fdf       data     extern E:\3.46\pic18-lt\cxx-framework\src\traditional\proc\p18f6621.asm
                      BSR   0x000fe0       data     extern E:\3.46\pic18-lt\cxx-framework\src\traditional\proc\p18f6621.asm
                    FSR1L   0x000fe1       data     extern E:\3.46\pic18-lt\cxx-framework\src\traditional\proc\p18f6621.asm
                     FSR1   0x000fe1       data     extern E:\3.46\pic18-lt\cxx-framework\src\traditional\proc\p18f6621.asm
                    FSR1H   0x000fe2       data     extern E:\3.46\pic18-lt\cxx-framework\src\traditional\proc\p18f6621.asm
                   PLUSW1   0x000fe3       data     extern E:\3.46\pic18-lt\cxx-framework\src\traditional\proc\p18f6621.asm
                  PREINC1   0x000fe4       data     extern E:\3.46\pic18-lt\cxx-framework\src\traditional\proc\p18f6621.asm
                 POSTDEC1   0x000fe5       data     extern E:\3.46\pic18-lt\cxx-framework\src\traditional\proc\p18f6621.asm
                 POSTINC1   0x000fe6       data     extern E:\3.46\pic18-lt\cxx-framework\src\traditional\proc\p18f6621.asm
                    INDF1   0x000fe7       data     extern E:\3.46\pic18-lt\cxx-framework\src\traditional\proc\p18f6621.asm
                     WREG   0x000fe8       data     extern E:\3.46\pic18-lt\cxx-framework\src\traditional\proc\p18f6621.asm
                     FSR0   0x000fe9       data     extern E:\3.46\pic18-lt\cxx-framework\src\traditional\proc\p18f6621.asm
                    FSR0L   0x000fe9       data     extern E:\3.46\pic18-lt\cxx-framework\src\traditional\proc\p18f6621.asm
                    FSR0H   0x000fea       data     extern E:\3.46\pic18-lt\cxx-framework\src\traditional\proc\p18f6621.asm
                   PLUSW0   0x000feb       data     extern E:\3.46\pic18-lt\cxx-framework\src\traditional\proc\p18f6621.asm
                  PREINC0   0x000fec       data     extern E:\3.46\pic18-lt\cxx-framework\src\traditional\proc\p18f6621.asm
                 POSTDEC0   0x000fed       data     extern E:\3.46\pic18-lt\cxx-framework\src\traditional\proc\p18f6621.asm
                 POSTINC0   0x000fee       data     extern E:\3.46\pic18-lt\cxx-framework\src\traditional\proc\p18f6621.asm
                    INDF0   0x000fef       data     extern E:\3.46\pic18-lt\cxx-framework\src\traditional\proc\p18f6621.asm
              INTCON3bits   0x000ff0       data     extern E:\3.46\pic18-lt\cxx-framework\src\traditional\proc\p18f6621.asm
                  INTCON3   0x000ff0       data     extern E:\3.46\pic18-lt\cxx-framework\src\traditional\proc\p18f6621.asm
              INTCON2bits   0x000ff1       data     extern E:\3.46\pic18-lt\cxx-framework\src\traditional\proc\p18f6621.asm
                  INTCON2   0x000ff1       data     extern E:\3.46\pic18-lt\cxx-framework\src\traditional\proc\p18f6621.asm
               INTCONbits   0x000ff2       data     extern E:\3.46\pic18-lt\cxx-framework\src\traditional\proc\p18f6621.asm
                   INTCON   0x000ff2       data     extern E:\3.46\pic18-lt\cxx-framework\src\traditional\proc\p18f6621.asm
                    PRODL   0x000ff3       data     extern E:\3.46\pic18-lt\cxx-framework\src\traditional\proc\p18f6621.asm
                     PROD   0x000ff3       data     extern E:\3.46\pic18-lt\cxx-framework\src\traditional\proc\p18f6621.asm
                    PRODH   0x000ff4       data     extern E:\3.46\pic18-lt\cxx-framework\src\traditional\proc\p18f6621.asm
                   TABLAT   0x000ff5       data     extern E:\3.46\pic18-lt\cxx-framework\src\traditional\proc\p18f6621.asm
                   TBLPTR   0x000ff6       data     extern E:\3.46\pic18-lt\cxx-framework\src\traditional\proc\p18f6621.asm
                  TBLPTRL   0x000ff6       data     extern E:\3.46\pic18-lt\cxx-framework\src\traditional\proc\p18f6621.asm
                  TBLPTRH   0x000ff7       data     extern E:\3.46\pic18-lt\cxx-framework\src\traditional\proc\p18f6621.asm
                  TBLPTRU   0x000ff8       data     extern E:\3.46\pic18-lt\cxx-framework\src\traditional\proc\p18f6621.asm
                      PCL   0x000ff9       data     extern E:\3.46\pic18-lt\cxx-framework\src\traditional\proc\p18f6621.asm
                       PC   0x000ff9       data     extern E:\3.46\pic18-lt\cxx-framework\src\traditional\proc\p18f6621.asm
                   PCLATH   0x000ffa       data     extern E:\3.46\pic18-lt\cxx-framework\src\traditional\proc\p18f6621.asm
                   PCLATU   0x000ffb       data     extern E:\3.46\pic18-lt\cxx-framework\src\traditional\proc\p18f6621.asm
               STKPTRbits   0x000ffc       data     extern E:\3.46\pic18-lt\cxx-framework\src\traditional\proc\p18f6621.asm
                   STKPTR   0x000ffc       data     extern E:\3.46\pic18-lt\cxx-framework\src\traditional\proc\p18f6621.asm
                      TOS   0x000ffd       data     extern E:\3.46\pic18-lt\cxx-framework\src\traditional\proc\p18f6621.asm
                     TOSL   0x000ffd       data     extern E:\3.46\pic18-lt\cxx-framework\src\traditional\proc\p18f6621.asm
                     TOSH   0x000ffe       data     extern E:\3.46\pic18-lt\cxx-framework\src\traditional\proc\p18f6621.asm
                     TOSU   0x000fff       data     extern E:\3.46\pic18-lt\cxx-framework\src\traditional\proc\p18f6621.asm


