<html>
<body>
<pre>
<h1>µVision Build Log</h1>
<h2>Tool Versions:</h2>
IDE-Version: µVision V5.17.0.0
Copyright (C) 2015 ARM Ltd and ARM Germany GmbH. All rights reserved.
License Information: anton anton, anton, LIC=DSNGK-Z5NJ8-MPQZP-M9GSI-KTD5S-A03YC
 
Tool Versions:
Toolchain:       MDK-ARM Professional  Version: 5.17
Toolchain Path:  C:\Keil_v5\ARM\ARMCC\Bin
C Compiler:      Armcc.exe V5.06 update 1 (build 61)
Assembler:       Armasm.exe V5.06 update 1 (build 61)
Linker/Locator:  ArmLink.exe V5.06 update 1 (build 61)
Library Manager: ArmAr.exe V5.06 update 1 (build 61)
Hex Converter:   FromElf.exe V5.06 update 1 (build 61)
CPU DLL:         SARMCM3.DLL V5.17
Dialog DLL:      DCM.DLL V1.13.4.0
Target DLL:      UL2CM3.DLL V1.156.1.0
Dialog DLL:      TCM.DLL V1.14.6.0
 
<h2>Project:</h2>
C:\Users\asus\Documents\STM32\projects\cp9b_echo\cp9b_echo.uvprojx
Project File Date:  12/19/2015

<h2>Output:</h2>
*** Using Compiler 'V5.06 update 1 (build 61)', folder: 'C:\Keil_v5\ARM\ARMCC\Bin'
Rebuild target 'Target 1'
assembling startup_stm32l1xx_md.s...
compiling misc.c...
compiling stm32l1xx_aes.c...
compiling stm32l1xx_adc.c...
compiling stm32l1xx_aes_util.c...
compiling stm32l1xx_comp.c...
compiling stm32l1xx_crc.c...
compiling stm32l1xx_dbgmcu.c...
compiling stm32l1xx_dma.c...
compiling stm32l1xx_dac.c...
compiling stm32l1xx_exti.c...
compiling stm32l1xx_fsmc.c...
compiling stm32l1xx_flash.c...
compiling stm32l1xx_gpio.c...
compiling stm32l1xx_i2c.c...
compiling stm32l1xx_iwdg.c...
compiling stm32l1xx_lcd.c...
compiling stm32l1xx_opamp.c...
compiling stm32l1xx_pwr.c...
compiling stm32l1xx_rcc.c...
compiling stm32l1xx_sdio.c...
compiling stm32l1xx_rtc.c...
compiling stm32l1xx_spi.c...
compiling stm32l1xx_syscfg.c...
compiling stm32l1xx_usart.c...
compiling stm32l1xx_tim.c...
compiling stm32l1xx_wwdg.c...
compiling core_cm3.c...
compiling system_stm32l1xx.c...
compiling main.c...
main.c(9): warning:  #1295-D: Deprecated declaration USART1_IRQHandler - give arg types
  void USART1_IRQHandler();
main.c(11): warning:  #1295-D: Deprecated declaration clear_rx_buf - give arg types
  void clear_rx_buf();
main.c(12): warning:  #1295-D: Deprecated declaration clear_tx_buf - give arg types
  void clear_tx_buf();
main.c: 3 warnings, 0 errors
linking...
Program Size: Code=2376 RO-data=276 RW-data=48 ZI-data=1752  
FromELF: creating hex file...
".\Objects\shab.axf" - 0 Error(s), 3 Warning(s).

<h2>Collection of Component include folders:</h2>
  C:\Users\asus\Documents\STM32\projects\cp9b_echo\RTE
  C:\Keil_v5\ARM\PACK\Keil\STM32L1xx_DFP\1.0.2\Device\Include

<h2>Collection of Component Files used:</h2>
Build Time Elapsed:  00:00:06
</pre>
</body>
</html>
