MPLINK 5.00, LINKER
Linker Map File - Created Tue Aug 30 21:32:31 2016

                                 Section Info
                  Section       Type    Address   Location Size(Bytes)
                ---------  ---------  ---------  ---------  ---------
               _entry_scn       code   0x000000    program   0x000006
           .code___init.o       code   0x000006    program   0x000002
      InterruptVectorHigh       code   0x000008    program   0x000006
         .romdata_llmdb.o    romdata   0x00000e    program   0x000000
.romdata_binr_interrupt_handler.o    romdata   0x00000e    program   0x000000
           .romdata_spi.o    romdata   0x00000e    program   0x000000
           .idata_spi.o_i    romdata   0x00000e    program   0x000005
.romdata_llmdb_interrupt_handler.o    romdata   0x00000e    program   0x000000
          .romdata_binr.o    romdata   0x00000e    program   0x000000
       .romdata_globals.o    romdata   0x00000e    program   0x000000
      .romdata_fxd3232u.o    romdata   0x00000e    program   0x000000
       .romdata_fxm3232.o    romdata   0x00000e    program   0x000000
        .romdata___init.o    romdata   0x00000e    program   0x000000
          .romdata_main.o    romdata   0x00000e    program   0x000000
         .romdata_c018i.o    romdata   0x00000e    program   0x000000
          .idata_main.o_i    romdata   0x000013    program   0x000004
       .idata_fxm3232.o_i    romdata   0x000017    program   0x000000
      .idata_fxd3232u.o_i    romdata   0x000017    program   0x000000
        .idata___init.o_i    romdata   0x000017    program   0x000000
.idata_llmdb_interrupt_handler.o_i    romdata   0x000017    program   0x000000
         .idata_llmdb.o_i    romdata   0x000017    program   0x000000
         .idata_c018i.o_i    romdata   0x000017    program   0x000000
       InterruptVectorLow       code   0x000018    program   0x000006
            .code_c018i.o       code   0x000018    program   0x000000
                   .cinit    romdata   0x00001e    program   0x00003e
            .code_llmdb.o       code   0x00005c    program   0x0015fe
              .code_spi.o       code   0x00165a    program   0x000b92
             .code_main.o       code   0x0021ec    program   0x0007f8
.code_binr_interrupt_handler.o       code   0x0029e4    program   0x0003b0
             .code_binr.o       code   0x002d94    program   0x00026c
               _cinit_scn       code   0x003000    program   0x00009e
          .code_globals.o       code   0x00309e    program   0x000072
          .code_fxm3232.o       code   0x003110    program   0x000070
.code_llmdb_interrupt_handler.o       code   0x003180    program   0x00005e
         .code_fxd3232u.o       code   0x0031de    program   0x000048
                    .code       code   0x003226    program   0x000038
             _startup_scn       code   0x00325e    program   0x00001c
                   STRING       code   0x00327a    program   0x00001c
       .idata_globals.o_i    romdata   0x003296    program   0x000033
.idata_binr_interrupt_handler.o_i    romdata   0x0032c9    program   0x000006
          .idata_binr.o_i    romdata   0x0032cf    program   0x00002f
    .config_300001_main.o    romdata   0x300001    program   0x000001
    .config_300002_main.o    romdata   0x300002    program   0x000001
    .config_300003_main.o    romdata   0x300003    program   0x000001
    .config_300005_main.o    romdata   0x300005    program   0x000001
    .config_300006_main.o    romdata   0x300006    program   0x000001
    .config_300008_main.o    romdata   0x300008    program   0x000001
    .config_300009_main.o    romdata   0x300009    program   0x000001
    .config_30000a_main.o    romdata   0x30000a    program   0x000001
    .config_30000b_main.o    romdata   0x30000b    program   0x000001
    .config_30000c_main.o    romdata   0x30000c    program   0x000001
    .config_30000d_main.o    romdata   0x30000d    program   0x000001
                MATH_DATA      udata   0x000000       data   0x000010
                 .tmpdata      udata   0x000010       data   0x000010
              low_isr_tmp      udata   0x000020       data   0x000002
                    LDATA      udata   0x000100       data   0x0005a6
         .idata_globals.o      idata   0x000d00       data   0x000033
            .idata_binr.o      idata   0x000d33       data   0x00002f
           .udata_c018i.o      udata   0x000d62       data   0x00000a
         .udata_globals.o      udata   0x000d6c       data   0x000006
.idata_binr_interrupt_handler.o      idata   0x000d72       data   0x000006
             .idata_spi.o      idata   0x000d78       data   0x000005
            .idata_main.o      idata   0x000d7d       data   0x000004
         .idata_fxm3232.o      idata   0x000d81       data   0x000000
         .udata_fxm3232.o      udata   0x000d81       data   0x000000
        .idata_fxd3232u.o      idata   0x000d81       data   0x000000
        .udata_fxd3232u.o      udata   0x000d81       data   0x000000
          .udata___init.o      udata   0x000d81       data   0x000000
          .idata___init.o      idata   0x000d81       data   0x000000
            .udata_binr.o      udata   0x000d81       data   0x000000
.idata_llmdb_interrupt_handler.o      idata   0x000d81       data   0x000000
.udata_llmdb_interrupt_handler.o      udata   0x000d81       data   0x000000
.udata_binr_interrupt_handler.o      udata   0x000d81       data   0x000000
           .idata_llmdb.o      idata   0x000d81       data   0x000000
           .udata_llmdb.o      udata   0x000d81       data   0x000000
             .udata_spi.o      udata   0x000d81       data   0x000000
            .udata_main.o      udata   0x000d81       data   0x000000
           .idata_c018i.o      idata   0x000d81       data   0x000000
                   .stack      udata   0x000e00       data   0x000100
            SFR_UNBANKED0      udata   0x000f67       data   0x000099



                              Program Memory Usage 
                               Start         End      
                           ---------   ---------      
                            0x000000    0x000016      
                            0x000018    0x0032fd      
                            0x300001    0x300003      
                            0x300005    0x300006      
                            0x300008    0x30000d      
            13064 out of 66584 program addresses used, program memory utilization is 19%



                              Symbols - Sorted by Name
                     Name    Address   Location    Storage File                     
                ---------  ---------  ---------  --------- ---------                
               BINR_start   0x002eae    program     extern C:\Work\MPLab_Projects\new\v17\binr.c
                 FXD3232U   0x0031de    program     extern E:\3.46\pic18-lt\cxx-framework\src\traditional\math\fxd3232u.c
                  FXM3232   0x003110    program     extern E:\3.46\pic18-lt\cxx-framework\src\traditional\math\fxm3232.c
      InterruptVectorHigh   0x000008    program     extern C:\Work\MPLab_Projects\new\v17\llmdb_interrupt_handler.c
       InterruptVectorLow   0x000018    program     extern C:\Work\MPLab_Projects\new\v17\binr_interrupt_handler.c
              RefreshMeta   0x00197a    program     extern C:\Work\MPLab_Projects\new\v17\spi.c
                 SPI_Init   0x00165a    program     extern C:\Work\MPLab_Projects\new\v17\spi.c
                 SendBinr   0x002e34    program     extern C:\Work\MPLab_Projects\new\v17\binr.c
               SendUsart1   0x002dfe    program     extern C:\Work\MPLab_Projects\new\v17\binr.c
            Send_to_LLMDB   0x00005c    program     extern C:\Work\MPLab_Projects\new\v17\llmdb.c
             SpiChipErase   0x001fc2    program     extern C:\Work\MPLab_Projects\new\v17\spi.c
           SpiCpyBufToMem   0x00166e    program     extern C:\Work\MPLab_Projects\new\v17\spi.c
               SpiMakeFat   0x002046    program     extern C:\Work\MPLab_Projects\new\v17\spi.c
               SpiReadMem   0x001892    program     extern C:\Work\MPLab_Projects\new\v17\spi.c
                SpiStatus   0x001cce    program     extern C:\Work\MPLab_Projects\new\v17\spi.c
              SpiWriteMem   0x00170c    program     extern C:\Work\MPLab_Projects\new\v17\spi.c
         SpiWriteMem_Meta   0x0017ec    program     extern C:\Work\MPLab_Projects\new\v17\spi.c
               Spi_FSpace   0x001a10    program     extern C:\Work\MPLab_Projects\new\v17\spi.c
         Spi_Session_Size   0x001af6    program     extern C:\Work\MPLab_Projects\new\v17\spi.c
               UploadMeta   0x0019f6    program     extern C:\Work\MPLab_Projects\new\v17\spi.c
                  W_Dummy   0x002180    program     extern C:\Work\MPLab_Projects\new\v17\spi.c
     ___case_132_lbl00077   0x0027fc    program     static                          
     ___case_133_lbl00078   0x002814    program     static                          
     ___case_136_lbl00074   0x0027b4    program     static                          
     ___case_138_lbl00079   0x00282c    program     static                          
     ___case_139_lbl00080   0x002844    program     static                          
      ___case_13_lbl00083   0x00288c    program     static                          
      ___case_13_lbl00104   0x0029c4    program     static                          
     ___case_140_lbl00081   0x00285c    program     static                          
     ___case_144_lbl00082   0x002874    program     static                          
      ___case_14_lbl00086   0x0028d4    program     static                          
      ___case_14_lbl00103   0x0029be    program     static                          
      ___case_15_lbl00075   0x0027cc    program     static                          
      ___case_16_lbl00102   0x0029b8    program     static                          
      ___case_17_lbl00084   0x0028a4    program     static                          
      ___case_17_lbl00101   0x0029b2    program     static                          
       ___case_1_lbl00069   0x00273c    program     static                          
      ___case_20_lbl00076   0x0027e4    program     static                          
      ___case_23_lbl00100   0x0029ac    program     static                          
      ___case_25_lbl00099   0x0029a6    program     static                          
       ___case_2_lbl00085   0x0028bc    program     static                          
       ___case_3_lbl00070   0x002754    program     static                          
       ___case_6_lbl00072   0x002784    program     static                          
       ___case_7_lbl00073   0x00279c    program     static                          
      ___case_85_lbl00068   0x002724    program     static                          
       ___case_9_lbl00071   0x00276c    program     static                          
      ___default_lbl00087   0x0028ec    program     static                          
         ___else_lbl00014   0x002362    program     static                          
         ___else_lbl00018   0x0002ae    program     static                          
         ___else_lbl00020   0x0002b6    program     static                          
         ___else_lbl00025   0x00240c    program     static                          
         ___else_lbl00047   0x000448    program     static                          
         ___else_lbl00049   0x00255e    program     static                          
         ___else_lbl00049   0x000456    program     static                          
         ___else_lbl00059   0x0005e4    program     static                          
         ___else_lbl00062   0x002662    program     static                          
         ___else_lbl00069   0x00097e    program     static                          
         ___else_lbl00077   0x000a84    program     static                          
         ___else_lbl00080   0x000c32    program     static                          
         ___else_lbl00092   0x002942    program     static                          
         ___else_lbl00101   0x00106c    program     static                          
         ___else_lbl00113   0x00128e    program     static                          
         ___else_lbl00115   0x00130e    program     static                          
         ___else_lbl00119   0x001e88    program     static                          
         ___else_lbl00124   0x0013a0    program     static                          
          ___for_lbl00001   0x00010c    program     static                          
          ___for_lbl00001   0x002226    program     static                          
          ___for_lbl00002   0x000118    program     static                          
          ___for_lbl00002   0x002230    program     static                          
          ___for_lbl00003   0x0021fc    program     static                          
          ___for_lbl00003   0x0000da    program     static                          
          ___for_lbl00004   0x002270    program     static                          
          ___for_lbl00005   0x00227a    program     static                          
          ___for_lbl00006   0x0001d6    program     static                          
          ___for_lbl00006   0x002234    program     static                          
          ___for_lbl00007   0x0001e2    program     static                          
          ___for_lbl00007   0x0022a8    program     static                          
          ___for_lbl00008   0x002e8e    program     static                          
          ___for_lbl00008   0x0001a4    program     static                          
          ___for_lbl00008   0x0022b2    program     static                          
          ___for_lbl00009   0x002e98    program     static                          
          ___for_lbl00009   0x00227e    program     static                          
          ___for_lbl00010   0x002e44    program     static                          
          ___for_lbl00011   0x000276    program     static                          
          ___for_lbl00012   0x00028a    program     static                          
          ___for_lbl00015   0x00020a    program     static                          
          ___for_lbl00015   0x0024f2    program     static                          
          ___for_lbl00016   0x0024fc    program     static                          
          ___for_lbl00019   0x0024dc    program     static                          
          ___for_lbl00020   0x0024f0    program     static                          
          ___for_lbl00022   0x00243e    program     static                          
          ___for_lbl00027   0x00237c    program     static                          
          ___for_lbl00032   0x0003b6    program     static                          
          ___for_lbl00033   0x0003c2    program     static                          
          ___for_lbl00034   0x00037e    program     static                          
          ___for_lbl00037   0x000414    program     static                          
          ___for_lbl00038   0x000420    program     static                          
          ___for_lbl00041   0x0003d4    program     static                          
          ___for_lbl00053   0x000538    program     static                          
          ___for_lbl00054   0x00054c    program     static                          
          ___for_lbl00057   0x0004a0    program     static                          
          ___for_lbl00061   0x000860    program     static                          
          ___for_lbl00062   0x000874    program     static                          
          ___for_lbl00067   0x0006d8    program     static                          
          ___for_lbl00070   0x000a74    program     static                          
          ___for_lbl00071   0x000a80    program     static                          
          ___for_lbl00072   0x000a0a    program     static                          
          ___for_lbl00073   0x000ad0    program     static                          
          ___for_lbl00074   0x000adc    program     static                          
          ___for_lbl00075   0x000a9e    program     static                          
          ___for_lbl00081   0x000d9c    program     static                          
          ___for_lbl00082   0x000da8    program     static                          
          ___for_lbl00083   0x000d3e    program     static                          
          ___for_lbl00084   0x001e2a    program     static                          
          ___for_lbl00085   0x001e34    program     static                          
          ___for_lbl00085   0x000f34    program     static                          
          ___for_lbl00086   0x001e10    program     static                          
          ___for_lbl00086   0x000f48    program     static                          
          ___for_lbl00088   0x000f1e    program     static                          
          ___for_lbl00089   0x000f32    program     static                          
          ___for_lbl00091   0x000e88    program     static                          
          ___for_lbl00094   0x000dcc    program     static                          
          ___for_lbl00097   0x001132    program     static                          
          ___for_lbl00098   0x00113e    program     static                          
          ___for_lbl00099   0x0010d4    program     static                          
          ___for_lbl00105   0x001ed0    program     static                          
          ___for_lbl00106   0x001280    program     static                          
          ___for_lbl00106   0x001eda    program     static                          
          ___for_lbl00107   0x001eb6    program     static                          
          ___for_lbl00107   0x00128c    program     static                          
          ___for_lbl00108   0x001216    program     static                          
          ___for_lbl00109   0x001300    program     static                          
          ___for_lbl00110   0x00130c    program     static                          
          ___for_lbl00111   0x001296    program     static                          
          ___for_lbl00117   0x001392    program     static                          
          ___for_lbl00118   0x00139e    program     static                          
          ___for_lbl00119   0x001338    program     static                          
          ___for_lbl00120   0x001402    program     static                          
          ___for_lbl00121   0x00140e    program     static                          
          ___for_lbl00122   0x0013a8    program     static                          
          ___for_lbl00126   0x001462    program     static                          
          ___for_lbl00127   0x00146e    program     static                          
          ___for_lbl00130   0x001420    program     static                          
          ___for_lbl00131   0x0014b8    program     static                          
          ___for_lbl00132   0x0014c4    program     static                          
          ___for_lbl00133   0x001486    program     static                          
           ___if_lbl00002   0x002e0a    program     static                          
           ___if_lbl00004   0x000136    program     static                          
           ___if_lbl00005   0x000156    program     static                          
           ___if_lbl00009   0x0001e2    program     static                          
           ___if_lbl00010   0x0001f4    program     static                          
           ___if_lbl00013   0x002366    program     static                          
           ___if_lbl00014   0x000276    program     static                          
           ___if_lbl00017   0x0002b4    program     static                          
           ___if_lbl00018   0x00240a    program     static                          
           ___if_lbl00019   0x0002c2    program     static                          
           ___if_lbl00021   0x0024dc    program     static                          
           ___if_lbl00021   0x0002c6    program     static                          
           ___if_lbl00022   0x0002e0    program     static                          
           ___if_lbl00023   0x0002e0    program     static                          
           ___if_lbl00023   0x0024f0    program     static                          
           ___if_lbl00024   0x0002f4    program     static                          
           ___if_lbl00024   0x0024f0    program     static                          
           ___if_lbl00025   0x000316    program     static                          
           ___if_lbl00026   0x00033a    program     static                          
           ___if_lbl00026   0x0024f2    program     static                          
           ___if_lbl00028   0x0024fc    program     static                          
           ___if_lbl00030   0x000366    program     static                          
           ___if_lbl00031   0x000370    program     static                          
           ___if_lbl00044   0x00043c    program     static                          
           ___if_lbl00045   0x00043c    program     static                          
           ___if_lbl00046   0x00044a    program     static                          
           ___if_lbl00048   0x000458    program     static                          
           ___if_lbl00048   0x0025a8    program     static                          
           ___if_lbl00050   0x00045e    program     static                          
           ___if_lbl00050   0x0025ca    program     static                          
           ___if_lbl00051   0x000472    program     static                          
           ___if_lbl00051   0x0025de    program     static                          
           ___if_lbl00052   0x0025e8    program     static                          
           ___if_lbl00052   0x000486    program     static                          
           ___if_lbl00053   0x0025f6    program     static                          
           ___if_lbl00054   0x002604    program     static                          
           ___if_lbl00055   0x002612    program     static                          
           ___if_lbl00056   0x000538    program     static                          
           ___if_lbl00056   0x002624    program     static                          
           ___if_lbl00057   0x002624    program     static                          
           ___if_lbl00058   0x0005fc    program     static                          
           ___if_lbl00058   0x002632    program     static                          
           ___if_lbl00059   0x002640    program     static                          
           ___if_lbl00060   0x000604    program     static                          
           ___if_lbl00061   0x002670    program     static                          
           ___if_lbl00063   0x002670    program     static                          
           ___if_lbl00064   0x00268e    program     static                          
           ___if_lbl00065   0x00085e    program     static                          
           ___if_lbl00066   0x000860    program     static                          
           ___if_lbl00068   0x000998    program     static                          
           ___if_lbl00076   0x000adc    program     static                          
           ___if_lbl00078   0x000ae4    program     static                          
           ___if_lbl00079   0x000cc4    program     static                          
           ___if_lbl00084   0x000daa    program     static                          
           ___if_lbl00088   0x002906    program     static                          
           ___if_lbl00089   0x002906    program     static                          
           ___if_lbl00090   0x000f1e    program     static                          
           ___if_lbl00091   0x002946    program     static                          
           ___if_lbl00092   0x000f32    program     static                          
           ___if_lbl00093   0x000f34    program     static                          
           ___if_lbl00093   0x002946    program     static                          
           ___if_lbl00094   0x002946    program     static                          
           ___if_lbl00095   0x002946    program     static                          
           ___if_lbl00095   0x000ff0    program     static                          
           ___if_lbl00096   0x00295a    program     static                          
           ___if_lbl00097   0x002982    program     static                          
           ___if_lbl00100   0x00113e    program     static                          
           ___if_lbl00102   0x001142    program     static                          
           ___if_lbl00103   0x001156    program     static                          
           ___if_lbl00104   0x00116a    program     static                          
           ___if_lbl00105   0x0029ce    program     static                          
           ___if_lbl00112   0x00130c    program     static                          
           ___if_lbl00114   0x001316    program     static                          
           ___if_lbl00116   0x00131a    program     static                          
           ___if_lbl00118   0x001f2c    program     static                          
           ___if_lbl00123   0x00140e    program     static                          
           ___if_lbl00125   0x001412    program     static                          
       ___return_lbl00000   0x003224    program     static                          
       ___return_lbl00000   0x00317e    program     static                          
       ___return_lbl00000   0x000004    program     static                          
       ___return_lbl00000   0x0014c4    program     static                          
       ___return_lbl00000   0x0029d0    program     static                          
       ___return_lbl00001   0x002e2c    program     static                          
       ___return_lbl00001   0x003278    program     static                          
       ___return_lbl00002   0x00309c    program     static                          
       ___return_lbl00004   0x00000c    program     static                          
       ___return_lbl00007   0x002e9a    program     static                          
       ___return_lbl00068   0x001cba    program     static                          
       ___return_lbl00075   0x001f90    program     static                          
       ___return_lbl00089   0x00001c    program     static                          
   ___switchexit_lbl00067   0x0028fa    program     static                          
   ___switchexit_lbl00098   0x0029ca    program     static                          
        ___while_lbl00003   0x002e0a    program     static                          
        ___while_lbl00004   0x002e0e    program     static                          
        ___while_lbl00005   0x002e28    program     static                          
        ___while_lbl00006   0x002e2c    program     static                          
        ___while_lbl00029   0x002500    program     static                          
        ___while_lbl00030   0x0029d0    program     static                          
        ___while_lbl00032   0x002518    program     static                          
        ___while_lbl00033   0x00251c    program     static                          
        ___while_lbl00034   0x002534    program     static                          
        ___while_lbl00035   0x002538    program     static                          
        ___while_lbl00035   0x0003c8    program     static                          
        ___while_lbl00036   0x002550    program     static                          
        ___while_lbl00036   0x0003cc    program     static                          
        ___while_lbl00037   0x002554    program     static                          
        ___while_lbl00038   0x002556    program     static                          
        ___while_lbl00039   0x00255a    program     static                          
        ___while_lbl00039   0x0003f2    program     static                          
        ___while_lbl00040   0x0003f6    program     static                          
        ___while_lbl00040   0x002564    program     static                          
        ___while_lbl00041   0x002568    program     static                          
        ___while_lbl00042   0x002580    program     static                          
        ___while_lbl00043   0x002584    program     static                          
        ___while_lbl00044   0x00259c    program     static                          
        ___while_lbl00045   0x0025a0    program     static                          
        ___while_lbl00046   0x0025a2    program     static                          
        ___while_lbl00047   0x0025a6    program     static                          
        ___while_lbl00076   0x001de8    program     static                          
        ___while_lbl00077   0x001dec    program     static                          
        ___while_lbl00078   0x001dee    program     static                          
        ___while_lbl00079   0x001df2    program     static                          
        ___while_lbl00080   0x001dfc    program     static                          
        ___while_lbl00081   0x001e00    program     static                          
        ___while_lbl00082   0x001e04    program     static                          
        ___while_lbl00083   0x001e08    program     static                          
        ___while_lbl00087   0x001e34    program     static                          
        ___while_lbl00088   0x001e38    program     static                          
        ___while_lbl00089   0x001e42    program     static                          
        ___while_lbl00090   0x001e46    program     static                          
        ___while_lbl00091   0x001e5e    program     static                          
        ___while_lbl00092   0x001e62    program     static                          
        ___while_lbl00093   0x001e7a    program     static                          
        ___while_lbl00094   0x001e7e    program     static                          
        ___while_lbl00095   0x001e80    program     static                          
        ___while_lbl00096   0x001e84    program     static                          
        ___while_lbl00097   0x001e8e    program     static                          
        ___while_lbl00098   0x001e92    program     static                          
        ___while_lbl00099   0x001e94    program     static                          
        ___while_lbl00100   0x001e98    program     static                          
        ___while_lbl00101   0x001ea2    program     static                          
        ___while_lbl00102   0x001ea6    program     static                          
        ___while_lbl00103   0x001eaa    program     static                          
        ___while_lbl00104   0x001eae    program     static                          
        ___while_lbl00108   0x001eda    program     static                          
        ___while_lbl00109   0x001ede    program     static                          
        ___while_lbl00110   0x001ee8    program     static                          
        ___while_lbl00111   0x001eec    program     static                          
        ___while_lbl00112   0x001f04    program     static                          
        ___while_lbl00113   0x001f08    program     static                          
        ___while_lbl00114   0x001f20    program     static                          
        ___while_lbl00115   0x001f24    program     static                          
        ___while_lbl00116   0x001f26    program     static                          
        ___while_lbl00117   0x001f2a    program     static                          
        ___while_lbl00120   0x001f2c    program     static                          
        ___while_lbl00121   0x001f34    program     static                          
        ___while_lbl00128   0x00145e    program     static                          
        ___while_lbl00129   0x001462    program     static                          
               __config_0   0x300001    program     static C:\Work\MPLab_Projects\new\v17\main.c
               __config_1   0x300002    program     static C:\Work\MPLab_Projects\new\v17\main.c
              __config_10   0x30000d    program     static C:\Work\MPLab_Projects\new\v17\main.c
               __config_2   0x300003    program     static C:\Work\MPLab_Projects\new\v17\main.c
               __config_3   0x300005    program     static C:\Work\MPLab_Projects\new\v17\main.c
               __config_4   0x300006    program     static C:\Work\MPLab_Projects\new\v17\main.c
               __config_5   0x300008    program     static C:\Work\MPLab_Projects\new\v17\main.c
               __config_6   0x300009    program     static C:\Work\MPLab_Projects\new\v17\main.c
               __config_7   0x30000a    program     static C:\Work\MPLab_Projects\new\v17\main.c
               __config_8   0x30000b    program     static C:\Work\MPLab_Projects\new\v17\main.c
               __config_9   0x30000c    program     static C:\Work\MPLab_Projects\new\v17\main.c
                   __init   0x000006    program     extern E:\3.46\pic18-lt\cxx-framework\src\traditional\stdclib\__init.c
               __tmplbl_0   0x00235a    program     static                          
               __tmplbl_0   0x00026a    program     static                          
               __tmplbl_1   0x002350    program     static                          
               __tmplbl_1   0x001b92    program     static                          
               __tmplbl_1   0x000242    program     static                          
              __tmplbl_10   0x00042a    program     static                          
              __tmplbl_10   0x0026be    program     static                          
              __tmplbl_11   0x000500    program     static                          
              __tmplbl_11   0x0026b6    program     static                          
              __tmplbl_12   0x0004d8    program     static                          
              __tmplbl_12   0x0026ae    program     static                          
              __tmplbl_13   0x000740    program     static                          
              __tmplbl_13   0x002928    program     static                          
              __tmplbl_14   0x000716    program     static                          
              __tmplbl_14   0x002920    program     static                          
              __tmplbl_15   0x0007ee    program     static                          
              __tmplbl_15   0x0026a4    program     static                          
              __tmplbl_16   0x0007d0    program     static                          
              __tmplbl_17   0x0007ce    program     static                          
              __tmplbl_18   0x0007ec    program     static                          
              __tmplbl_19   0x0008a0    program     static                          
               __tmplbl_2   0x002e64    program     static                          
               __tmplbl_2   0x001c0a    program     static                          
               __tmplbl_2   0x000296    program     static                          
               __tmplbl_2   0x002346    program     static                          
              __tmplbl_20   0x000e2a    program     static                          
              __tmplbl_21   0x000e04    program     static                          
              __tmplbl_22   0x001062    program     static                          
              __tmplbl_23   0x00104c    program     static                          
              __tmplbl_24   0x0011c8    program     static                          
              __tmplbl_25   0x0011b0    program     static                          
              __tmplbl_26   0x00143a    program     static                          
               __tmplbl_3   0x000290    program     static                          
               __tmplbl_3   0x00233c    program     static                          
               __tmplbl_4   0x0023ca    program     static                          
               __tmplbl_4   0x000362    program     static                          
               __tmplbl_5   0x000358    program     static                          
               __tmplbl_5   0x0023ac    program     static                          
               __tmplbl_6   0x00034e    program     static                          
               __tmplbl_6   0x00250c    program     static                          
               __tmplbl_7   0x000344    program     static                          
               __tmplbl_7   0x002506    program     static                          
               __tmplbl_8   0x000438    program     static                          
               __tmplbl_8   0x00264c    program     static                          
               __tmplbl_9   0x002646    program     static                          
               __tmplbl_9   0x000432    program     static                          
            __zero_memory   0x003226    program     extern E:\3.46\pic18-lt\cxx-framework\src\traditional\proc\p18f6621.asm
                _do_cinit   0x003000    program     extern E:\3.46\pic18-lt\cxx-framework\src\traditional\startup\c018i.c
                   _entry   0x000000    program     extern E:\3.46\pic18-lt\cxx-framework\src\traditional\startup\c018i.c
                   _false   0x003220    program     static                          
                 _startup   0x00325e    program     extern E:\3.46\pic18-lt\cxx-framework\src\traditional\startup\c018i.c
              checkCRC_rq   0x0014e6    program     extern C:\Work\MPLab_Projects\new\v17\llmdb.c
           clearBuffer_rq   0x0014d8    program     extern C:\Work\MPLab_Projects\new\v17\llmdb.c
                compare_l   0x003254    program     static E:\3.46\pic18-lt\cxx-framework\src\traditional\proc\p18f6621.asm
                copy_loop   0x003072    program     static                          
            copy_one_byte   0x003078    program     static                          
                    delay   0x00309e    program     extern C:\Work\MPLab_Projects\new\v17\globals.c
                     done   0x00309c    program     static                          
             done_copying   0x003086    program     static                          
             getOddParity   0x002d94    program     extern C:\Work\MPLab_Projects\new\v17\binr.c
                 high_isr   0x003180    program     extern C:\Work\MPLab_Projects\new\v17\llmdb_interrupt_handler.c
                     jEnd   0x003294    program     static E:\3.46\pic18-lt\cxx-framework\src\traditional\stdclib\strlen.asm
                    jLoop   0x00328a    program     static E:\3.46\pic18-lt\cxx-framework\src\traditional\stdclib\strlen.asm
                     loop   0x0031ec    program     static                          
                     loop   0x00326e    program     static                          
                   loop_h   0x00324c    program     static E:\3.46\pic18-lt\cxx-framework\src\traditional\proc\p18f6621.asm
                   loop_l   0x003256    program     static E:\3.46\pic18-lt\cxx-framework\src\traditional\proc\p18f6621.asm
                  low_isr   0x0029e4    program     extern C:\Work\MPLab_Projects\new\v17\binr_interrupt_handler.c
                     main   0x0021ec    program     extern C:\Work\MPLab_Projects\new\v17\main.c
              makeCRC_ans   0x0015a4    program     extern C:\Work\MPLab_Projects\new\v17\llmdb.c
              restart_spi   0x001fa4    program     extern C:\Work\MPLab_Projects\new\v17\spi.c
                start_spi   0x001d12    program     extern C:\Work\MPLab_Projects\new\v17\spi.c
                 stop_spi   0x001dc8    program     extern C:\Work\MPLab_Projects\new\v17\spi.c
                   strlen   0x00327a    program     extern E:\3.46\pic18-lt\cxx-framework\src\traditional\stdclib\strlen.asm
                     test   0x00301a    program     static                          
               zero_block   0x00324c    program     static E:\3.46\pic18-lt\cxx-framework\src\traditional\proc\p18f6621.asm
                   ADCON0   0x000fc2       data     extern E:\3.46\pic18-lt\cxx-framework\src\traditional\proc\p18f6621.asm
               ADCON0bits   0x000fc2       data     extern E:\3.46\pic18-lt\cxx-framework\src\traditional\proc\p18f6621.asm
                   ADCON1   0x000fc1       data     extern E:\3.46\pic18-lt\cxx-framework\src\traditional\proc\p18f6621.asm
               ADCON1bits   0x000fc1       data     extern E:\3.46\pic18-lt\cxx-framework\src\traditional\proc\p18f6621.asm
                   ADCON2   0x000fc0       data     extern E:\3.46\pic18-lt\cxx-framework\src\traditional\proc\p18f6621.asm
               ADCON2bits   0x000fc0       data     extern E:\3.46\pic18-lt\cxx-framework\src\traditional\proc\p18f6621.asm
                    ADRES   0x000fc3       data     extern E:\3.46\pic18-lt\cxx-framework\src\traditional\proc\p18f6621.asm
                   ADRESH   0x000fc4       data     extern E:\3.46\pic18-lt\cxx-framework\src\traditional\proc\p18f6621.asm
                   ADRESL   0x000fc3       data     extern E:\3.46\pic18-lt\cxx-framework\src\traditional\proc\p18f6621.asm
                  BAUDCON   0x000f7e       data     extern E:\3.46\pic18-lt\cxx-framework\src\traditional\proc\p18f6621.asm
                 BAUDCON1   0x000f7e       data     extern E:\3.46\pic18-lt\cxx-framework\src\traditional\proc\p18f6621.asm
             BAUDCON1bits   0x000f7e       data     extern E:\3.46\pic18-lt\cxx-framework\src\traditional\proc\p18f6621.asm
                 BAUDCON2   0x000f7c       data     extern E:\3.46\pic18-lt\cxx-framework\src\traditional\proc\p18f6621.asm
             BAUDCON2bits   0x000f7c       data     extern E:\3.46\pic18-lt\cxx-framework\src\traditional\proc\p18f6621.asm
              BAUDCONbits   0x000f7e       data     extern E:\3.46\pic18-lt\cxx-framework\src\traditional\proc\p18f6621.asm
                 BAUDCTL1   0x000f7e       data     extern E:\3.46\pic18-lt\cxx-framework\src\traditional\proc\p18f6621.asm
             BAUDCTL1bits   0x000f7e       data     extern E:\3.46\pic18-lt\cxx-framework\src\traditional\proc\p18f6621.asm
                 BAUDCTL2   0x000f7c       data     extern E:\3.46\pic18-lt\cxx-framework\src\traditional\proc\p18f6621.asm
             BAUDCTL2bits   0x000f7c       data     extern E:\3.46\pic18-lt\cxx-framework\src\traditional\proc\p18f6621.asm
              BINR_answer   0x000d27       data     extern C:\Work\MPLab_Projects\new\v17\globals.c
               BINR_bytes   0x000d74       data     extern C:\Work\MPLab_Projects\new\v17\binr_interrupt_handler.c
              BINR_cmd_60   0x000d3c       data     extern C:\Work\MPLab_Projects\new\v17\binr.c
              BINR_cmd_70   0x000d41       data     extern C:\Work\MPLab_Projects\new\v17\binr.c
              BINR_cmd_a0   0x000d52       data     extern C:\Work\MPLab_Projects\new\v17\binr.c
              BINR_cmd_d5   0x000d58       data     extern C:\Work\MPLab_Projects\new\v17\binr.c
             BINR_cmd_d71   0x000d45       data     extern C:\Work\MPLab_Projects\new\v17\binr.c
             BINR_cmd_d72   0x000d4b       data     extern C:\Work\MPLab_Projects\new\v17\binr.c
              BINR_cmd_f4   0x000d5d       data     extern C:\Work\MPLab_Projects\new\v17\binr.c
          BINR_cmd_f4_str   0x000d78       data     extern C:\Work\MPLab_Projects\new\v17\spi.c
           BINR_cmd_inUse   0x000d26       data     extern C:\Work\MPLab_Projects\new\v17\globals.c
                BINR_prev   0x000d73       data     extern C:\Work\MPLab_Projects\new\v17\binr_interrupt_handler.c
            BINR_rq_state   0x000d33       data     extern C:\Work\MPLab_Projects\new\v17\binr.c
          BINR_start_flag   0x000d03       data     extern C:\Work\MPLab_Projects\new\v17\globals.c
             BINR_state_1   0x00016e       data     extern C:\Work\MPLab_Projects\new\v17\globals.c
             BINR_state_2   0x0001c8       data     extern C:\Work\MPLab_Projects\new\v17\globals.c
                BINR_stop   0x000d38       data     extern C:\Work\MPLab_Projects\new\v17\binr.c
           BINR_stop_flag   0x000d02       data     extern C:\Work\MPLab_Projects\new\v17\globals.c
            BINR_stop_str   0x000d7d       data     extern C:\Work\MPLab_Projects\new\v17\main.c
                      BSR   0x000fe0       data     extern E:\3.46\pic18-lt\cxx-framework\src\traditional\proc\p18f6621.asm
                  CCP1CON   0x000fbd       data     extern E:\3.46\pic18-lt\cxx-framework\src\traditional\proc\p18f6621.asm
              CCP1CONbits   0x000fbd       data     extern E:\3.46\pic18-lt\cxx-framework\src\traditional\proc\p18f6621.asm
                  CCP2CON   0x000fba       data     extern E:\3.46\pic18-lt\cxx-framework\src\traditional\proc\p18f6621.asm
              CCP2CONbits   0x000fba       data     extern E:\3.46\pic18-lt\cxx-framework\src\traditional\proc\p18f6621.asm
                  CCP3CON   0x000fb7       data     extern E:\3.46\pic18-lt\cxx-framework\src\traditional\proc\p18f6621.asm
              CCP3CONbits   0x000fb7       data     extern E:\3.46\pic18-lt\cxx-framework\src\traditional\proc\p18f6621.asm
                  CCP4CON   0x000f73       data     extern E:\3.46\pic18-lt\cxx-framework\src\traditional\proc\p18f6621.asm
              CCP4CONbits   0x000f73       data     extern E:\3.46\pic18-lt\cxx-framework\src\traditional\proc\p18f6621.asm
                  CCP5CON   0x000f70       data     extern E:\3.46\pic18-lt\cxx-framework\src\traditional\proc\p18f6621.asm
              CCP5CONbits   0x000f70       data     extern E:\3.46\pic18-lt\cxx-framework\src\traditional\proc\p18f6621.asm
                    CCPR1   0x000fbe       data     extern E:\3.46\pic18-lt\cxx-framework\src\traditional\proc\p18f6621.asm
                   CCPR1H   0x000fbf       data     extern E:\3.46\pic18-lt\cxx-framework\src\traditional\proc\p18f6621.asm
                   CCPR1L   0x000fbe       data     extern E:\3.46\pic18-lt\cxx-framework\src\traditional\proc\p18f6621.asm
                    CCPR2   0x000fbb       data     extern E:\3.46\pic18-lt\cxx-framework\src\traditional\proc\p18f6621.asm
                   CCPR2H   0x000fbc       data     extern E:\3.46\pic18-lt\cxx-framework\src\traditional\proc\p18f6621.asm
                   CCPR2L   0x000fbb       data     extern E:\3.46\pic18-lt\cxx-framework\src\traditional\proc\p18f6621.asm
                    CCPR3   0x000fb8       data     extern E:\3.46\pic18-lt\cxx-framework\src\traditional\proc\p18f6621.asm
                   CCPR3H   0x000fb9       data     extern E:\3.46\pic18-lt\cxx-framework\src\traditional\proc\p18f6621.asm
                   CCPR3L   0x000fb8       data     extern E:\3.46\pic18-lt\cxx-framework\src\traditional\proc\p18f6621.asm
                    CCPR4   0x000f74       data     extern E:\3.46\pic18-lt\cxx-framework\src\traditional\proc\p18f6621.asm
                   CCPR4H   0x000f75       data     extern E:\3.46\pic18-lt\cxx-framework\src\traditional\proc\p18f6621.asm
                   CCPR4L   0x000f74       data     extern E:\3.46\pic18-lt\cxx-framework\src\traditional\proc\p18f6621.asm
                    CCPR5   0x000f71       data     extern E:\3.46\pic18-lt\cxx-framework\src\traditional\proc\p18f6621.asm
                   CCPR5H   0x000f72       data     extern E:\3.46\pic18-lt\cxx-framework\src\traditional\proc\p18f6621.asm
                   CCPR5L   0x000f71       data     extern E:\3.46\pic18-lt\cxx-framework\src\traditional\proc\p18f6621.asm
                    CMCON   0x000fb4       data     extern E:\3.46\pic18-lt\cxx-framework\src\traditional\proc\p18f6621.asm
                CMCONbits   0x000fb4       data     extern E:\3.46\pic18-lt\cxx-framework\src\traditional\proc\p18f6621.asm
                   CVRCON   0x000fb5       data     extern E:\3.46\pic18-lt\cxx-framework\src\traditional\proc\p18f6621.asm
               CVRCONbits   0x000fb5       data     extern E:\3.46\pic18-lt\cxx-framework\src\traditional\proc\p18f6621.asm
                     DDRA   0x000f92       data     extern E:\3.46\pic18-lt\cxx-framework\src\traditional\proc\p18f6621.asm
                 DDRAbits   0x000f92       data     extern E:\3.46\pic18-lt\cxx-framework\src\traditional\proc\p18f6621.asm
                     DDRB   0x000f93       data     extern E:\3.46\pic18-lt\cxx-framework\src\traditional\proc\p18f6621.asm
                 DDRBbits   0x000f93       data     extern E:\3.46\pic18-lt\cxx-framework\src\traditional\proc\p18f6621.asm
                     DDRC   0x000f94       data     extern E:\3.46\pic18-lt\cxx-framework\src\traditional\proc\p18f6621.asm
                 DDRCbits   0x000f94       data     extern E:\3.46\pic18-lt\cxx-framework\src\traditional\proc\p18f6621.asm
                     DDRD   0x000f95       data     extern E:\3.46\pic18-lt\cxx-framework\src\traditional\proc\p18f6621.asm
                 DDRDbits   0x000f95       data     extern E:\3.46\pic18-lt\cxx-framework\src\traditional\proc\p18f6621.asm
                     DDRE   0x000f96       data     extern E:\3.46\pic18-lt\cxx-framework\src\traditional\proc\p18f6621.asm
                 DDREbits   0x000f96       data     extern E:\3.46\pic18-lt\cxx-framework\src\traditional\proc\p18f6621.asm
                     DDRF   0x000f97       data     extern E:\3.46\pic18-lt\cxx-framework\src\traditional\proc\p18f6621.asm
                 DDRFbits   0x000f97       data     extern E:\3.46\pic18-lt\cxx-framework\src\traditional\proc\p18f6621.asm
                     DDRG   0x000f98       data     extern E:\3.46\pic18-lt\cxx-framework\src\traditional\proc\p18f6621.asm
                 DDRGbits   0x000f98       data     extern E:\3.46\pic18-lt\cxx-framework\src\traditional\proc\p18f6621.asm
                  ECCP1AS   0x000fb6       data     extern E:\3.46\pic18-lt\cxx-framework\src\traditional\proc\p18f6621.asm
              ECCP1ASbits   0x000fb6       data     extern E:\3.46\pic18-lt\cxx-framework\src\traditional\proc\p18f6621.asm
                 ECCP1DEL   0x000f79       data     extern E:\3.46\pic18-lt\cxx-framework\src\traditional\proc\p18f6621.asm
             ECCP1DELbits   0x000f79       data     extern E:\3.46\pic18-lt\cxx-framework\src\traditional\proc\p18f6621.asm
                  ECCP2AS   0x000f68       data     extern E:\3.46\pic18-lt\cxx-framework\src\traditional\proc\p18f6621.asm
              ECCP2ASbits   0x000f68       data     extern E:\3.46\pic18-lt\cxx-framework\src\traditional\proc\p18f6621.asm
                 ECCP2DEL   0x000f67       data     extern E:\3.46\pic18-lt\cxx-framework\src\traditional\proc\p18f6621.asm
             ECCP2DELbits   0x000f67       data     extern E:\3.46\pic18-lt\cxx-framework\src\traditional\proc\p18f6621.asm
                  ECCP3AS   0x000f6a       data     extern E:\3.46\pic18-lt\cxx-framework\src\traditional\proc\p18f6621.asm
              ECCP3ASbits   0x000f6a       data     extern E:\3.46\pic18-lt\cxx-framework\src\traditional\proc\p18f6621.asm
                 ECCP3DEL   0x000f69       data     extern E:\3.46\pic18-lt\cxx-framework\src\traditional\proc\p18f6621.asm
             ECCP3DELbits   0x000f69       data     extern E:\3.46\pic18-lt\cxx-framework\src\traditional\proc\p18f6621.asm
                    EEADR   0x000fa9       data     extern E:\3.46\pic18-lt\cxx-framework\src\traditional\proc\p18f6621.asm
                   EEADRH   0x000faa       data     extern E:\3.46\pic18-lt\cxx-framework\src\traditional\proc\p18f6621.asm
                   EECON1   0x000fa6       data     extern E:\3.46\pic18-lt\cxx-framework\src\traditional\proc\p18f6621.asm
               EECON1bits   0x000fa6       data     extern E:\3.46\pic18-lt\cxx-framework\src\traditional\proc\p18f6621.asm
                   EECON2   0x000fa7       data     extern E:\3.46\pic18-lt\cxx-framework\src\traditional\proc\p18f6621.asm
                   EEDATA   0x000fa8       data     extern E:\3.46\pic18-lt\cxx-framework\src\traditional\proc\p18f6621.asm
                     FSR0   0x000fe9       data     extern E:\3.46\pic18-lt\cxx-framework\src\traditional\proc\p18f6621.asm
                    FSR0H   0x000fea       data     extern E:\3.46\pic18-lt\cxx-framework\src\traditional\proc\p18f6621.asm
                    FSR0L   0x000fe9       data     extern E:\3.46\pic18-lt\cxx-framework\src\traditional\proc\p18f6621.asm
                     FSR1   0x000fe1       data     extern E:\3.46\pic18-lt\cxx-framework\src\traditional\proc\p18f6621.asm
                    FSR1H   0x000fe2       data     extern E:\3.46\pic18-lt\cxx-framework\src\traditional\proc\p18f6621.asm
                    FSR1L   0x000fe1       data     extern E:\3.46\pic18-lt\cxx-framework\src\traditional\proc\p18f6621.asm
                     FSR2   0x000fd9       data     extern E:\3.46\pic18-lt\cxx-framework\src\traditional\proc\p18f6621.asm
                    FSR2H   0x000fda       data     extern E:\3.46\pic18-lt\cxx-framework\src\traditional\proc\p18f6621.asm
                    FSR2L   0x000fd9       data     extern E:\3.46\pic18-lt\cxx-framework\src\traditional\proc\p18f6621.asm
                       ID   0x000d16       data     extern C:\Work\MPLab_Projects\new\v17\globals.c
                    INDF0   0x000fef       data     extern E:\3.46\pic18-lt\cxx-framework\src\traditional\proc\p18f6621.asm
                    INDF1   0x000fe7       data     extern E:\3.46\pic18-lt\cxx-framework\src\traditional\proc\p18f6621.asm
                    INDF2   0x000fdf       data     extern E:\3.46\pic18-lt\cxx-framework\src\traditional\proc\p18f6621.asm
                   INTCON   0x000ff2       data     extern E:\3.46\pic18-lt\cxx-framework\src\traditional\proc\p18f6621.asm
                  INTCON2   0x000ff1       data     extern E:\3.46\pic18-lt\cxx-framework\src\traditional\proc\p18f6621.asm
              INTCON2bits   0x000ff1       data     extern E:\3.46\pic18-lt\cxx-framework\src\traditional\proc\p18f6621.asm
                  INTCON3   0x000ff0       data     extern E:\3.46\pic18-lt\cxx-framework\src\traditional\proc\p18f6621.asm
              INTCON3bits   0x000ff0       data     extern E:\3.46\pic18-lt\cxx-framework\src\traditional\proc\p18f6621.asm
               INTCONbits   0x000ff2       data     extern E:\3.46\pic18-lt\cxx-framework\src\traditional\proc\p18f6621.asm
                     IPR1   0x000f9f       data     extern E:\3.46\pic18-lt\cxx-framework\src\traditional\proc\p18f6621.asm
                 IPR1bits   0x000f9f       data     extern E:\3.46\pic18-lt\cxx-framework\src\traditional\proc\p18f6621.asm
                     IPR2   0x000fa2       data     extern E:\3.46\pic18-lt\cxx-framework\src\traditional\proc\p18f6621.asm
                 IPR2bits   0x000fa2       data     extern E:\3.46\pic18-lt\cxx-framework\src\traditional\proc\p18f6621.asm
                     IPR3   0x000fa5       data     extern E:\3.46\pic18-lt\cxx-framework\src\traditional\proc\p18f6621.asm
                 IPR3bits   0x000fa5       data     extern E:\3.46\pic18-lt\cxx-framework\src\traditional\proc\p18f6621.asm
                     LATA   0x000f89       data     extern E:\3.46\pic18-lt\cxx-framework\src\traditional\proc\p18f6621.asm
                 LATAbits   0x000f89       data     extern E:\3.46\pic18-lt\cxx-framework\src\traditional\proc\p18f6621.asm
                     LATB   0x000f8a       data     extern E:\3.46\pic18-lt\cxx-framework\src\traditional\proc\p18f6621.asm
                 LATBbits   0x000f8a       data     extern E:\3.46\pic18-lt\cxx-framework\src\traditional\proc\p18f6621.asm
                     LATC   0x000f8b       data     extern E:\3.46\pic18-lt\cxx-framework\src\traditional\proc\p18f6621.asm
                 LATCbits   0x000f8b       data     extern E:\3.46\pic18-lt\cxx-framework\src\traditional\proc\p18f6621.asm
                     LATD   0x000f8c       data     extern E:\3.46\pic18-lt\cxx-framework\src\traditional\proc\p18f6621.asm
                 LATDbits   0x000f8c       data     extern E:\3.46\pic18-lt\cxx-framework\src\traditional\proc\p18f6621.asm
                     LATE   0x000f8d       data     extern E:\3.46\pic18-lt\cxx-framework\src\traditional\proc\p18f6621.asm
                 LATEbits   0x000f8d       data     extern E:\3.46\pic18-lt\cxx-framework\src\traditional\proc\p18f6621.asm
                     LATF   0x000f8e       data     extern E:\3.46\pic18-lt\cxx-framework\src\traditional\proc\p18f6621.asm
                 LATFbits   0x000f8e       data     extern E:\3.46\pic18-lt\cxx-framework\src\traditional\proc\p18f6621.asm
                     LATG   0x000f8f       data     extern E:\3.46\pic18-lt\cxx-framework\src\traditional\proc\p18f6621.asm
                 LATGbits   0x000f8f       data     extern E:\3.46\pic18-lt\cxx-framework\src\traditional\proc\p18f6621.asm
               LLMDB_ADDR   0x000d15       data     extern C:\Work\MPLab_Projects\new\v17\globals.c
                   LVDCON   0x000fd2       data     extern E:\3.46\pic18-lt\cxx-framework\src\traditional\proc\p18f6621.asm
               LVDCONbits   0x000fd2       data     extern E:\3.46\pic18-lt\cxx-framework\src\traditional\proc\p18f6621.asm
                   OSCCON   0x000fd3       data     extern E:\3.46\pic18-lt\cxx-framework\src\traditional\proc\p18f6621.asm
               OSCCONbits   0x000fd3       data     extern E:\3.46\pic18-lt\cxx-framework\src\traditional\proc\p18f6621.asm
                       PC   0x000ff9       data     extern E:\3.46\pic18-lt\cxx-framework\src\traditional\proc\p18f6621.asm
                      PCL   0x000ff9       data     extern E:\3.46\pic18-lt\cxx-framework\src\traditional\proc\p18f6621.asm
                   PCLATH   0x000ffa       data     extern E:\3.46\pic18-lt\cxx-framework\src\traditional\proc\p18f6621.asm
                   PCLATU   0x000ffb       data     extern E:\3.46\pic18-lt\cxx-framework\src\traditional\proc\p18f6621.asm
                     PIE1   0x000f9d       data     extern E:\3.46\pic18-lt\cxx-framework\src\traditional\proc\p18f6621.asm
                 PIE1bits   0x000f9d       data     extern E:\3.46\pic18-lt\cxx-framework\src\traditional\proc\p18f6621.asm
                     PIE2   0x000fa0       data     extern E:\3.46\pic18-lt\cxx-framework\src\traditional\proc\p18f6621.asm
                 PIE2bits   0x000fa0       data     extern E:\3.46\pic18-lt\cxx-framework\src\traditional\proc\p18f6621.asm
                     PIE3   0x000fa3       data     extern E:\3.46\pic18-lt\cxx-framework\src\traditional\proc\p18f6621.asm
                 PIE3bits   0x000fa3       data     extern E:\3.46\pic18-lt\cxx-framework\src\traditional\proc\p18f6621.asm
                     PIR1   0x000f9e       data     extern E:\3.46\pic18-lt\cxx-framework\src\traditional\proc\p18f6621.asm
                 PIR1bits   0x000f9e       data     extern E:\3.46\pic18-lt\cxx-framework\src\traditional\proc\p18f6621.asm
                     PIR2   0x000fa1       data     extern E:\3.46\pic18-lt\cxx-framework\src\traditional\proc\p18f6621.asm
                 PIR2bits   0x000fa1       data     extern E:\3.46\pic18-lt\cxx-framework\src\traditional\proc\p18f6621.asm
                     PIR3   0x000fa4       data     extern E:\3.46\pic18-lt\cxx-framework\src\traditional\proc\p18f6621.asm
                 PIR3bits   0x000fa4       data     extern E:\3.46\pic18-lt\cxx-framework\src\traditional\proc\p18f6621.asm
                   PLUSW0   0x000feb       data     extern E:\3.46\pic18-lt\cxx-framework\src\traditional\proc\p18f6621.asm
                   PLUSW1   0x000fe3       data     extern E:\3.46\pic18-lt\cxx-framework\src\traditional\proc\p18f6621.asm
                   PLUSW2   0x000fdb       data     extern E:\3.46\pic18-lt\cxx-framework\src\traditional\proc\p18f6621.asm
                    PORTA   0x000f80       data     extern E:\3.46\pic18-lt\cxx-framework\src\traditional\proc\p18f6621.asm
                PORTAbits   0x000f80       data     extern E:\3.46\pic18-lt\cxx-framework\src\traditional\proc\p18f6621.asm
                    PORTB   0x000f81       data     extern E:\3.46\pic18-lt\cxx-framework\src\traditional\proc\p18f6621.asm
                PORTBbits   0x000f81       data     extern E:\3.46\pic18-lt\cxx-framework\src\traditional\proc\p18f6621.asm
                    PORTC   0x000f82       data     extern E:\3.46\pic18-lt\cxx-framework\src\traditional\proc\p18f6621.asm
                PORTCbits   0x000f82       data     extern E:\3.46\pic18-lt\cxx-framework\src\traditional\proc\p18f6621.asm
                    PORTD   0x000f83       data     extern E:\3.46\pic18-lt\cxx-framework\src\traditional\proc\p18f6621.asm
                PORTDbits   0x000f83       data     extern E:\3.46\pic18-lt\cxx-framework\src\traditional\proc\p18f6621.asm
                    PORTE   0x000f84       data     extern E:\3.46\pic18-lt\cxx-framework\src\traditional\proc\p18f6621.asm
                PORTEbits   0x000f84       data     extern E:\3.46\pic18-lt\cxx-framework\src\traditional\proc\p18f6621.asm
                    PORTF   0x000f85       data     extern E:\3.46\pic18-lt\cxx-framework\src\traditional\proc\p18f6621.asm
                PORTFbits   0x000f85       data     extern E:\3.46\pic18-lt\cxx-framework\src\traditional\proc\p18f6621.asm
                    PORTG   0x000f86       data     extern E:\3.46\pic18-lt\cxx-framework\src\traditional\proc\p18f6621.asm
                PORTGbits   0x000f86       data     extern E:\3.46\pic18-lt\cxx-framework\src\traditional\proc\p18f6621.asm
                 POSTDEC0   0x000fed       data     extern E:\3.46\pic18-lt\cxx-framework\src\traditional\proc\p18f6621.asm
                 POSTDEC1   0x000fe5       data     extern E:\3.46\pic18-lt\cxx-framework\src\traditional\proc\p18f6621.asm
                 POSTDEC2   0x000fdd       data     extern E:\3.46\pic18-lt\cxx-framework\src\traditional\proc\p18f6621.asm
                 POSTINC0   0x000fee       data     extern E:\3.46\pic18-lt\cxx-framework\src\traditional\proc\p18f6621.asm
                 POSTINC1   0x000fe6       data     extern E:\3.46\pic18-lt\cxx-framework\src\traditional\proc\p18f6621.asm
                 POSTINC2   0x000fde       data     extern E:\3.46\pic18-lt\cxx-framework\src\traditional\proc\p18f6621.asm
                      PR2   0x000fcb       data     extern E:\3.46\pic18-lt\cxx-framework\src\traditional\proc\p18f6621.asm
                      PR4   0x000f77       data     extern E:\3.46\pic18-lt\cxx-framework\src\traditional\proc\p18f6621.asm
                  PREINC0   0x000fec       data     extern E:\3.46\pic18-lt\cxx-framework\src\traditional\proc\p18f6621.asm
                  PREINC1   0x000fe4       data     extern E:\3.46\pic18-lt\cxx-framework\src\traditional\proc\p18f6621.asm
                  PREINC2   0x000fdc       data     extern E:\3.46\pic18-lt\cxx-framework\src\traditional\proc\p18f6621.asm
                     PROD   0x000ff3       data     extern E:\3.46\pic18-lt\cxx-framework\src\traditional\proc\p18f6621.asm
                    PRODH   0x000ff4       data     extern E:\3.46\pic18-lt\cxx-framework\src\traditional\proc\p18f6621.asm
                    PRODL   0x000ff3       data     extern E:\3.46\pic18-lt\cxx-framework\src\traditional\proc\p18f6621.asm
                   PSPCON   0x000fb0       data     extern E:\3.46\pic18-lt\cxx-framework\src\traditional\proc\p18f6621.asm
               PSPCONbits   0x000fb0       data     extern E:\3.46\pic18-lt\cxx-framework\src\traditional\proc\p18f6621.asm
                  PWM1CON   0x000f79       data     extern E:\3.46\pic18-lt\cxx-framework\src\traditional\proc\p18f6621.asm
              PWM1CONbits   0x000f79       data     extern E:\3.46\pic18-lt\cxx-framework\src\traditional\proc\p18f6621.asm
                  PWM2CON   0x000f67       data     extern E:\3.46\pic18-lt\cxx-framework\src\traditional\proc\p18f6621.asm
              PWM2CONbits   0x000f67       data     extern E:\3.46\pic18-lt\cxx-framework\src\traditional\proc\p18f6621.asm
                  PWM3CON   0x000f69       data     extern E:\3.46\pic18-lt\cxx-framework\src\traditional\proc\p18f6621.asm
              PWM3CONbits   0x000f69       data     extern E:\3.46\pic18-lt\cxx-framework\src\traditional\proc\p18f6621.asm
                     RCON   0x000fd0       data     extern E:\3.46\pic18-lt\cxx-framework\src\traditional\proc\p18f6621.asm
                 RCONbits   0x000fd0       data     extern E:\3.46\pic18-lt\cxx-framework\src\traditional\proc\p18f6621.asm
                    RCREG   0x000fae       data     extern E:\3.46\pic18-lt\cxx-framework\src\traditional\proc\p18f6621.asm
                   RCREG1   0x000fae       data     extern E:\3.46\pic18-lt\cxx-framework\src\traditional\proc\p18f6621.asm
                   RCREG2   0x000f6e       data     extern E:\3.46\pic18-lt\cxx-framework\src\traditional\proc\p18f6621.asm
                    RCSTA   0x000fab       data     extern E:\3.46\pic18-lt\cxx-framework\src\traditional\proc\p18f6621.asm
                   RCSTA1   0x000fab       data     extern E:\3.46\pic18-lt\cxx-framework\src\traditional\proc\p18f6621.asm
               RCSTA1bits   0x000fab       data     extern E:\3.46\pic18-lt\cxx-framework\src\traditional\proc\p18f6621.asm
                   RCSTA2   0x000f6b       data     extern E:\3.46\pic18-lt\cxx-framework\src\traditional\proc\p18f6621.asm
               RCSTA2bits   0x000f6b       data     extern E:\3.46\pic18-lt\cxx-framework\src\traditional\proc\p18f6621.asm
                RCSTAbits   0x000fab       data     extern E:\3.46\pic18-lt\cxx-framework\src\traditional\proc\p18f6621.asm
                   SERIAL   0x000d1a       data     extern C:\Work\MPLab_Projects\new\v17\globals.c
                     SIGN   0x00000e       data     extern E:\3.46\pic18-lt\cxx-framework\src\traditional\math\cmath18.asm
                    SPBRG   0x000faf       data     extern E:\3.46\pic18-lt\cxx-framework\src\traditional\proc\p18f6621.asm
                   SPBRG1   0x000faf       data     extern E:\3.46\pic18-lt\cxx-framework\src\traditional\proc\p18f6621.asm
                   SPBRG2   0x000f6f       data     extern E:\3.46\pic18-lt\cxx-framework\src\traditional\proc\p18f6621.asm
                   SPBRGH   0x000f7f       data     extern E:\3.46\pic18-lt\cxx-framework\src\traditional\proc\p18f6621.asm
                  SPBRGH1   0x000f7f       data     extern E:\3.46\pic18-lt\cxx-framework\src\traditional\proc\p18f6621.asm
                  SPBRGH2   0x000f7d       data     extern E:\3.46\pic18-lt\cxx-framework\src\traditional\proc\p18f6621.asm
             SPI_activate   0x000d08       data     extern C:\Work\MPLab_Projects\new\v17\globals.c
          SPI_active_flag   0x000d07       data     extern C:\Work\MPLab_Projects\new\v17\globals.c
         SPI_active_reset   0x000d0a       data     extern C:\Work\MPLab_Projects\new\v17\globals.c
          SPI_disactivate   0x000d09       data     extern C:\Work\MPLab_Projects\new\v17\globals.c
   SPI_session_in_process   0x000d0b       data     extern C:\Work\MPLab_Projects\new\v17\globals.c
                   SSPADD   0x000fc8       data     extern E:\3.46\pic18-lt\cxx-framework\src\traditional\proc\p18f6621.asm
                   SSPBUF   0x000fc9       data     extern E:\3.46\pic18-lt\cxx-framework\src\traditional\proc\p18f6621.asm
                  SSPCON1   0x000fc6       data     extern E:\3.46\pic18-lt\cxx-framework\src\traditional\proc\p18f6621.asm
              SSPCON1bits   0x000fc6       data     extern E:\3.46\pic18-lt\cxx-framework\src\traditional\proc\p18f6621.asm
                  SSPCON2   0x000fc5       data     extern E:\3.46\pic18-lt\cxx-framework\src\traditional\proc\p18f6621.asm
              SSPCON2bits   0x000fc5       data     extern E:\3.46\pic18-lt\cxx-framework\src\traditional\proc\p18f6621.asm
                  SSPSTAT   0x000fc7       data     extern E:\3.46\pic18-lt\cxx-framework\src\traditional\proc\p18f6621.asm
              SSPSTATbits   0x000fc7       data     extern E:\3.46\pic18-lt\cxx-framework\src\traditional\proc\p18f6621.asm
                   STATUS   0x000fd8       data     extern E:\3.46\pic18-lt\cxx-framework\src\traditional\proc\p18f6621.asm
               STATUSbits   0x000fd8       data     extern E:\3.46\pic18-lt\cxx-framework\src\traditional\proc\p18f6621.asm
                   STKPTR   0x000ffc       data     extern E:\3.46\pic18-lt\cxx-framework\src\traditional\proc\p18f6621.asm
               STKPTRbits   0x000ffc       data     extern E:\3.46\pic18-lt\cxx-framework\src\traditional\proc\p18f6621.asm
                    T0CON   0x000fd5       data     extern E:\3.46\pic18-lt\cxx-framework\src\traditional\proc\p18f6621.asm
                T0CONbits   0x000fd5       data     extern E:\3.46\pic18-lt\cxx-framework\src\traditional\proc\p18f6621.asm
                    T1CON   0x000fcd       data     extern E:\3.46\pic18-lt\cxx-framework\src\traditional\proc\p18f6621.asm
                T1CONbits   0x000fcd       data     extern E:\3.46\pic18-lt\cxx-framework\src\traditional\proc\p18f6621.asm
                    T2CON   0x000fca       data     extern E:\3.46\pic18-lt\cxx-framework\src\traditional\proc\p18f6621.asm
                T2CONbits   0x000fca       data     extern E:\3.46\pic18-lt\cxx-framework\src\traditional\proc\p18f6621.asm
                    T3CON   0x000fb1       data     extern E:\3.46\pic18-lt\cxx-framework\src\traditional\proc\p18f6621.asm
                T3CONbits   0x000fb1       data     extern E:\3.46\pic18-lt\cxx-framework\src\traditional\proc\p18f6621.asm
                    T4CON   0x000f76       data     extern E:\3.46\pic18-lt\cxx-framework\src\traditional\proc\p18f6621.asm
                T4CONbits   0x000f76       data     extern E:\3.46\pic18-lt\cxx-framework\src\traditional\proc\p18f6621.asm
                   TABLAT   0x000ff5       data     extern E:\3.46\pic18-lt\cxx-framework\src\traditional\proc\p18f6621.asm
                   TBLPTR   0x000ff6       data     extern E:\3.46\pic18-lt\cxx-framework\src\traditional\proc\p18f6621.asm
                  TBLPTRH   0x000ff7       data     extern E:\3.46\pic18-lt\cxx-framework\src\traditional\proc\p18f6621.asm
                  TBLPTRL   0x000ff6       data     extern E:\3.46\pic18-lt\cxx-framework\src\traditional\proc\p18f6621.asm
                  TBLPTRU   0x000ff8       data     extern E:\3.46\pic18-lt\cxx-framework\src\traditional\proc\p18f6621.asm
                    TMR0H   0x000fd7       data     extern E:\3.46\pic18-lt\cxx-framework\src\traditional\proc\p18f6621.asm
                    TMR0L   0x000fd6       data     extern E:\3.46\pic18-lt\cxx-framework\src\traditional\proc\p18f6621.asm
                    TMR1H   0x000fcf       data     extern E:\3.46\pic18-lt\cxx-framework\src\traditional\proc\p18f6621.asm
                    TMR1L   0x000fce       data     extern E:\3.46\pic18-lt\cxx-framework\src\traditional\proc\p18f6621.asm
                     TMR2   0x000fcc       data     extern E:\3.46\pic18-lt\cxx-framework\src\traditional\proc\p18f6621.asm
                    TMR3H   0x000fb3       data     extern E:\3.46\pic18-lt\cxx-framework\src\traditional\proc\p18f6621.asm
                    TMR3L   0x000fb2       data     extern E:\3.46\pic18-lt\cxx-framework\src\traditional\proc\p18f6621.asm
                     TMR4   0x000f78       data     extern E:\3.46\pic18-lt\cxx-framework\src\traditional\proc\p18f6621.asm
                      TOS   0x000ffd       data     extern E:\3.46\pic18-lt\cxx-framework\src\traditional\proc\p18f6621.asm
                     TOSH   0x000ffe       data     extern E:\3.46\pic18-lt\cxx-framework\src\traditional\proc\p18f6621.asm
                     TOSL   0x000ffd       data     extern E:\3.46\pic18-lt\cxx-framework\src\traditional\proc\p18f6621.asm
                     TOSU   0x000fff       data     extern E:\3.46\pic18-lt\cxx-framework\src\traditional\proc\p18f6621.asm
                    TRISA   0x000f92       data     extern E:\3.46\pic18-lt\cxx-framework\src\traditional\proc\p18f6621.asm
                TRISAbits   0x000f92       data     extern E:\3.46\pic18-lt\cxx-framework\src\traditional\proc\p18f6621.asm
                    TRISB   0x000f93       data     extern E:\3.46\pic18-lt\cxx-framework\src\traditional\proc\p18f6621.asm
                TRISBbits   0x000f93       data     extern E:\3.46\pic18-lt\cxx-framework\src\traditional\proc\p18f6621.asm
                    TRISC   0x000f94       data     extern E:\3.46\pic18-lt\cxx-framework\src\traditional\proc\p18f6621.asm
                TRISCbits   0x000f94       data     extern E:\3.46\pic18-lt\cxx-framework\src\traditional\proc\p18f6621.asm
                    TRISD   0x000f95       data     extern E:\3.46\pic18-lt\cxx-framework\src\traditional\proc\p18f6621.asm
                TRISDbits   0x000f95       data     extern E:\3.46\pic18-lt\cxx-framework\src\traditional\proc\p18f6621.asm
                    TRISE   0x000f96       data     extern E:\3.46\pic18-lt\cxx-framework\src\traditional\proc\p18f6621.asm
                TRISEbits   0x000f96       data     extern E:\3.46\pic18-lt\cxx-framework\src\traditional\proc\p18f6621.asm
                    TRISF   0x000f97       data     extern E:\3.46\pic18-lt\cxx-framework\src\traditional\proc\p18f6621.asm
                TRISFbits   0x000f97       data     extern E:\3.46\pic18-lt\cxx-framework\src\traditional\proc\p18f6621.asm
                    TRISG   0x000f98       data     extern E:\3.46\pic18-lt\cxx-framework\src\traditional\proc\p18f6621.asm
                TRISGbits   0x000f98       data     extern E:\3.46\pic18-lt\cxx-framework\src\traditional\proc\p18f6621.asm
                    TXREG   0x000fad       data     extern E:\3.46\pic18-lt\cxx-framework\src\traditional\proc\p18f6621.asm
                   TXREG1   0x000fad       data     extern E:\3.46\pic18-lt\cxx-framework\src\traditional\proc\p18f6621.asm
                   TXREG2   0x000f6d       data     extern E:\3.46\pic18-lt\cxx-framework\src\traditional\proc\p18f6621.asm
                    TXSTA   0x000fac       data     extern E:\3.46\pic18-lt\cxx-framework\src\traditional\proc\p18f6621.asm
                   TXSTA1   0x000fac       data     extern E:\3.46\pic18-lt\cxx-framework\src\traditional\proc\p18f6621.asm
               TXSTA1bits   0x000fac       data     extern E:\3.46\pic18-lt\cxx-framework\src\traditional\proc\p18f6621.asm
                   TXSTA2   0x000f6c       data     extern E:\3.46\pic18-lt\cxx-framework\src\traditional\proc\p18f6621.asm
               TXSTA2bits   0x000f6c       data     extern E:\3.46\pic18-lt\cxx-framework\src\traditional\proc\p18f6621.asm
                TXSTAbits   0x000fac       data     extern E:\3.46\pic18-lt\cxx-framework\src\traditional\proc\p18f6621.asm
                  VERSION   0x000d1c       data     extern C:\Work\MPLab_Projects\new\v17\globals.c
                   WDTCON   0x000fd1       data     extern E:\3.46\pic18-lt\cxx-framework\src\traditional\proc\p18f6621.asm
               WDTCONbits   0x000fd1       data     extern E:\3.46\pic18-lt\cxx-framework\src\traditional\proc\p18f6621.asm
                     WREG   0x000fe8       data     extern E:\3.46\pic18-lt\cxx-framework\src\traditional\proc\p18f6621.asm
                 __AARGB0   0x000007       data     extern E:\3.46\pic18-lt\cxx-framework\src\traditional\math\aarg.asm
                 __AARGB1   0x000006       data     extern E:\3.46\pic18-lt\cxx-framework\src\traditional\math\aarg.asm
                 __AARGB2   0x000005       data     extern E:\3.46\pic18-lt\cxx-framework\src\traditional\math\aarg.asm
                 __AARGB3   0x000004       data     extern E:\3.46\pic18-lt\cxx-framework\src\traditional\math\aarg.asm
                 __AARGB4   0x000003       data     extern E:\3.46\pic18-lt\cxx-framework\src\traditional\math\aarg.asm
                 __AARGB5   0x000002       data     extern E:\3.46\pic18-lt\cxx-framework\src\traditional\math\aarg.asm
                 __AARGB6   0x000001       data     extern E:\3.46\pic18-lt\cxx-framework\src\traditional\math\aarg.asm
                 __AARGB7   0x000000       data     extern E:\3.46\pic18-lt\cxx-framework\src\traditional\math\aarg.asm
                   __AEXP   0x000008       data     extern E:\3.46\pic18-lt\cxx-framework\src\traditional\math\aarg.asm
                 __BARGB0   0x00000c       data     extern E:\3.46\pic18-lt\cxx-framework\src\traditional\math\barg.asm
                 __BARGB1   0x00000b       data     extern E:\3.46\pic18-lt\cxx-framework\src\traditional\math\barg.asm
                 __BARGB2   0x00000a       data     extern E:\3.46\pic18-lt\cxx-framework\src\traditional\math\barg.asm
                 __BARGB3   0x000009       data     extern E:\3.46\pic18-lt\cxx-framework\src\traditional\math\barg.asm
                   __BEXP   0x00000d       data     extern E:\3.46\pic18-lt\cxx-framework\src\traditional\math\barg.asm
                __FPFLAGS   0x00000f       data     extern E:\3.46\pic18-lt\cxx-framework\src\traditional\math\cmath18.asm
            __FPFLAGSbits   0x00000f       data     extern E:\3.46\pic18-lt\cxx-framework\src\traditional\math\cmath18.asm
                  __REMB0   0x000003       data     extern E:\3.46\pic18-lt\cxx-framework\src\traditional\math\aarg.asm
                  __REMB1   0x000002       data     extern E:\3.46\pic18-lt\cxx-framework\src\traditional\math\aarg.asm
                  __REMB2   0x000001       data     extern E:\3.46\pic18-lt\cxx-framework\src\traditional\math\aarg.asm
                  __REMB3   0x000000       data     extern E:\3.46\pic18-lt\cxx-framework\src\traditional\math\aarg.asm
                  __tmp_0   0x000010       data     static C:\Work\MPLab_Projects\new\v17\binr.c
                  __tmp_0   0x000010       data     static C:\Work\MPLab_Projects\new\v17\llmdb.c
                  __tmp_0   0x000010       data     static C:\Work\MPLab_Projects\new\v17\spi.c
                  __tmp_0   0x000010       data     static C:\Work\MPLab_Projects\new\v17\main.c
                  __tmp_0   0x000010       data     static C:\Work\MPLab_Projects\new\v17\globals.c
[...]
                TRISFbits   0x000f97       data     extern E:\3.46\pic18-lt\cxx-framework\src\traditional\proc\p18f6621.asm
                     DDRG   0x000f98       data     extern E:\3.46\pic18-lt\cxx-framework\src\traditional\proc\p18f6621.asm
                 DDRGbits   0x000f98       data     extern E:\3.46\pic18-lt\cxx-framework\src\traditional\proc\p18f6621.asm
                TRISGbits   0x000f98       data     extern E:\3.46\pic18-lt\cxx-framework\src\traditional\proc\p18f6621.asm
                    TRISG   0x000f98       data     extern E:\3.46\pic18-lt\cxx-framework\src\traditional\proc\p18f6621.asm
                     PIE1   0x000f9d       data     extern E:\3.46\pic18-lt\cxx-framework\src\traditional\proc\p18f6621.asm
                 PIE1bits   0x000f9d       data     extern E:\3.46\pic18-lt\cxx-framework\src\traditional\proc\p18f6621.asm
                     PIR1   0x000f9e       data     extern E:\3.46\pic18-lt\cxx-framework\src\traditional\proc\p18f6621.asm
                 PIR1bits   0x000f9e       data     extern E:\3.46\pic18-lt\cxx-framework\src\traditional\proc\p18f6621.asm
                     IPR1   0x000f9f       data     extern E:\3.46\pic18-lt\cxx-framework\src\traditional\proc\p18f6621.asm
                 IPR1bits   0x000f9f       data     extern E:\3.46\pic18-lt\cxx-framework\src\traditional\proc\p18f6621.asm
                     PIE2   0x000fa0       data     extern E:\3.46\pic18-lt\cxx-framework\src\traditional\proc\p18f6621.asm
                 PIE2bits   0x000fa0       data     extern E:\3.46\pic18-lt\cxx-framework\src\traditional\proc\p18f6621.asm
                 PIR2bits   0x000fa1       data     extern E:\3.46\pic18-lt\cxx-framework\src\traditional\proc\p18f6621.asm
                     PIR2   0x000fa1       data     extern E:\3.46\pic18-lt\cxx-framework\src\traditional\proc\p18f6621.asm
                     IPR2   0x000fa2       data     extern E:\3.46\pic18-lt\cxx-framework\src\traditional\proc\p18f6621.asm
                 IPR2bits   0x000fa2       data     extern E:\3.46\pic18-lt\cxx-framework\src\traditional\proc\p18f6621.asm
                 PIE3bits   0x000fa3       data     extern E:\3.46\pic18-lt\cxx-framework\src\traditional\proc\p18f6621.asm
                     PIE3   0x000fa3       data     extern E:\3.46\pic18-lt\cxx-framework\src\traditional\proc\p18f6621.asm
                     PIR3   0x000fa4       data     extern E:\3.46\pic18-lt\cxx-framework\src\traditional\proc\p18f6621.asm
                 PIR3bits   0x000fa4       data     extern E:\3.46\pic18-lt\cxx-framework\src\traditional\proc\p18f6621.asm
                     IPR3   0x000fa5       data     extern E:\3.46\pic18-lt\cxx-framework\src\traditional\proc\p18f6621.asm
                 IPR3bits   0x000fa5       data     extern E:\3.46\pic18-lt\cxx-framework\src\traditional\proc\p18f6621.asm
               EECON1bits   0x000fa6       data     extern E:\3.46\pic18-lt\cxx-framework\src\traditional\proc\p18f6621.asm
                   EECON1   0x000fa6       data     extern E:\3.46\pic18-lt\cxx-framework\src\traditional\proc\p18f6621.asm
                   EECON2   0x000fa7       data     extern E:\3.46\pic18-lt\cxx-framework\src\traditional\proc\p18f6621.asm
                   EEDATA   0x000fa8       data     extern E:\3.46\pic18-lt\cxx-framework\src\traditional\proc\p18f6621.asm
                    EEADR   0x000fa9       data     extern E:\3.46\pic18-lt\cxx-framework\src\traditional\proc\p18f6621.asm
                   EEADRH   0x000faa       data     extern E:\3.46\pic18-lt\cxx-framework\src\traditional\proc\p18f6621.asm
                    RCSTA   0x000fab       data     extern E:\3.46\pic18-lt\cxx-framework\src\traditional\proc\p18f6621.asm
                RCSTAbits   0x000fab       data     extern E:\3.46\pic18-lt\cxx-framework\src\traditional\proc\p18f6621.asm
                   RCSTA1   0x000fab       data     extern E:\3.46\pic18-lt\cxx-framework\src\traditional\proc\p18f6621.asm
               RCSTA1bits   0x000fab       data     extern E:\3.46\pic18-lt\cxx-framework\src\traditional\proc\p18f6621.asm
                TXSTAbits   0x000fac       data     extern E:\3.46\pic18-lt\cxx-framework\src\traditional\proc\p18f6621.asm
               TXSTA1bits   0x000fac       data     extern E:\3.46\pic18-lt\cxx-framework\src\traditional\proc\p18f6621.asm
                   TXSTA1   0x000fac       data     extern E:\3.46\pic18-lt\cxx-framework\src\traditional\proc\p18f6621.asm
                    TXSTA   0x000fac       data     extern E:\3.46\pic18-lt\cxx-framework\src\traditional\proc\p18f6621.asm
                    TXREG   0x000fad       data     extern E:\3.46\pic18-lt\cxx-framework\src\traditional\proc\p18f6621.asm
                   TXREG1   0x000fad       data     extern E:\3.46\pic18-lt\cxx-framework\src\traditional\proc\p18f6621.asm
                   RCREG1   0x000fae       data     extern E:\3.46\pic18-lt\cxx-framework\src\traditional\proc\p18f6621.asm
                    RCREG   0x000fae       data     extern E:\3.46\pic18-lt\cxx-framework\src\traditional\proc\p18f6621.asm
                   SPBRG1   0x000faf       data     extern E:\3.46\pic18-lt\cxx-framework\src\traditional\proc\p18f6621.asm
                    SPBRG   0x000faf       data     extern E:\3.46\pic18-lt\cxx-framework\src\traditional\proc\p18f6621.asm
               PSPCONbits   0x000fb0       data     extern E:\3.46\pic18-lt\cxx-framework\src\traditional\proc\p18f6621.asm
                   PSPCON   0x000fb0       data     extern E:\3.46\pic18-lt\cxx-framework\src\traditional\proc\p18f6621.asm
                    T3CON   0x000fb1       data     extern E:\3.46\pic18-lt\cxx-framework\src\traditional\proc\p18f6621.asm
                T3CONbits   0x000fb1       data     extern E:\3.46\pic18-lt\cxx-framework\src\traditional\proc\p18f6621.asm
                    TMR3L   0x000fb2       data     extern E:\3.46\pic18-lt\cxx-framework\src\traditional\proc\p18f6621.asm
                    TMR3H   0x000fb3       data     extern E:\3.46\pic18-lt\cxx-framework\src\traditional\proc\p18f6621.asm
                CMCONbits   0x000fb4       data     extern E:\3.46\pic18-lt\cxx-framework\src\traditional\proc\p18f6621.asm
                    CMCON   0x000fb4       data     extern E:\3.46\pic18-lt\cxx-framework\src\traditional\proc\p18f6621.asm
               CVRCONbits   0x000fb5       data     extern E:\3.46\pic18-lt\cxx-framework\src\traditional\proc\p18f6621.asm
                   CVRCON   0x000fb5       data     extern E:\3.46\pic18-lt\cxx-framework\src\traditional\proc\p18f6621.asm
              ECCP1ASbits   0x000fb6       data     extern E:\3.46\pic18-lt\cxx-framework\src\traditional\proc\p18f6621.asm
                  ECCP1AS   0x000fb6       data     extern E:\3.46\pic18-lt\cxx-framework\src\traditional\proc\p18f6621.asm
                  CCP3CON   0x000fb7       data     extern E:\3.46\pic18-lt\cxx-framework\src\traditional\proc\p18f6621.asm
              CCP3CONbits   0x000fb7       data     extern E:\3.46\pic18-lt\cxx-framework\src\traditional\proc\p18f6621.asm
                   CCPR3L   0x000fb8       data     extern E:\3.46\pic18-lt\cxx-framework\src\traditional\proc\p18f6621.asm
                    CCPR3   0x000fb8       data     extern E:\3.46\pic18-lt\cxx-framework\src\traditional\proc\p18f6621.asm
                   CCPR3H   0x000fb9       data     extern E:\3.46\pic18-lt\cxx-framework\src\traditional\proc\p18f6621.asm
                  CCP2CON   0x000fba       data     extern E:\3.46\pic18-lt\cxx-framework\src\traditional\proc\p18f6621.asm
              CCP2CONbits   0x000fba       data     extern E:\3.46\pic18-lt\cxx-framework\src\traditional\proc\p18f6621.asm
                   CCPR2L   0x000fbb       data     extern E:\3.46\pic18-lt\cxx-framework\src\traditional\proc\p18f6621.asm
                    CCPR2   0x000fbb       data     extern E:\3.46\pic18-lt\cxx-framework\src\traditional\proc\p18f6621.asm
                   CCPR2H   0x000fbc       data     extern E:\3.46\pic18-lt\cxx-framework\src\traditional\proc\p18f6621.asm
              CCP1CONbits   0x000fbd       data     extern E:\3.46\pic18-lt\cxx-framework\src\traditional\proc\p18f6621.asm
                  CCP1CON   0x000fbd       data     extern E:\3.46\pic18-lt\cxx-framework\src\traditional\proc\p18f6621.asm
                   CCPR1L   0x000fbe       data     extern E:\3.46\pic18-lt\cxx-framework\src\traditional\proc\p18f6621.asm
                    CCPR1   0x000fbe       data     extern E:\3.46\pic18-lt\cxx-framework\src\traditional\proc\p18f6621.asm
                   CCPR1H   0x000fbf       data     extern E:\3.46\pic18-lt\cxx-framework\src\traditional\proc\p18f6621.asm
               ADCON2bits   0x000fc0       data     extern E:\3.46\pic18-lt\cxx-framework\src\traditional\proc\p18f6621.asm
                   ADCON2   0x000fc0       data     extern E:\3.46\pic18-lt\cxx-framework\src\traditional\proc\p18f6621.asm
                   ADCON1   0x000fc1       data     extern E:\3.46\pic18-lt\cxx-framework\src\traditional\proc\p18f6621.asm
               ADCON1bits   0x000fc1       data     extern E:\3.46\pic18-lt\cxx-framework\src\traditional\proc\p18f6621.asm
                   ADCON0   0x000fc2       data     extern E:\3.46\pic18-lt\cxx-framework\src\traditional\proc\p18f6621.asm
               ADCON0bits   0x000fc2       data     extern E:\3.46\pic18-lt\cxx-framework\src\traditional\proc\p18f6621.asm
                    ADRES   0x000fc3       data     extern E:\3.46\pic18-lt\cxx-framework\src\traditional\proc\p18f6621.asm
                   ADRESL   0x000fc3       data     extern E:\3.46\pic18-lt\cxx-framework\src\traditional\proc\p18f6621.asm
                   ADRESH   0x000fc4       data     extern E:\3.46\pic18-lt\cxx-framework\src\traditional\proc\p18f6621.asm
              SSPCON2bits   0x000fc5       data     extern E:\3.46\pic18-lt\cxx-framework\src\traditional\proc\p18f6621.asm
                  SSPCON2   0x000fc5       data     extern E:\3.46\pic18-lt\cxx-framework\src\traditional\proc\p18f6621.asm
              SSPCON1bits   0x000fc6       data     extern E:\3.46\pic18-lt\cxx-framework\src\traditional\proc\p18f6621.asm
                  SSPCON1   0x000fc6       data     extern E:\3.46\pic18-lt\cxx-framework\src\traditional\proc\p18f6621.asm
                  SSPSTAT   0x000fc7       data     extern E:\3.46\pic18-lt\cxx-framework\src\traditional\proc\p18f6621.asm
              SSPSTATbits   0x000fc7       data     extern E:\3.46\pic18-lt\cxx-framework\src\traditional\proc\p18f6621.asm
                   SSPADD   0x000fc8       data     extern E:\3.46\pic18-lt\cxx-framework\src\traditional\proc\p18f6621.asm
                   SSPBUF   0x000fc9       data     extern E:\3.46\pic18-lt\cxx-framework\src\traditional\proc\p18f6621.asm
                T2CONbits   0x000fca       data     extern E:\3.46\pic18-lt\cxx-framework\src\traditional\proc\p18f6621.asm
                    T2CON   0x000fca       data     extern E:\3.46\pic18-lt\cxx-framework\src\traditional\proc\p18f6621.asm
                      PR2   0x000fcb       data     extern E:\3.46\pic18-lt\cxx-framework\src\traditional\proc\p18f6621.asm
                     TMR2   0x000fcc       data     extern E:\3.46\pic18-lt\cxx-framework\src\traditional\proc\p18f6621.asm
                    T1CON   0x000fcd       data     extern E:\3.46\pic18-lt\cxx-framework\src\traditional\proc\p18f6621.asm
                T1CONbits   0x000fcd       data     extern E:\3.46\pic18-lt\cxx-framework\src\traditional\proc\p18f6621.asm
                    TMR1L   0x000fce       data     extern E:\3.46\pic18-lt\cxx-framework\src\traditional\proc\p18f6621.asm
                    TMR1H   0x000fcf       data     extern E:\3.46\pic18-lt\cxx-framework\src\traditional\proc\p18f6621.asm
                 RCONbits   0x000fd0       data     extern E:\3.46\pic18-lt\cxx-framework\src\traditional\proc\p18f6621.asm
                     RCON   0x000fd0       data     extern E:\3.46\pic18-lt\cxx-framework\src\traditional\proc\p18f6621.asm
                   WDTCON   0x000fd1       data     extern E:\3.46\pic18-lt\cxx-framework\src\traditional\proc\p18f6621.asm
               WDTCONbits   0x000fd1       data     extern E:\3.46\pic18-lt\cxx-framework\src\traditional\proc\p18f6621.asm
                   LVDCON   0x000fd2       data     extern E:\3.46\pic18-lt\cxx-framework\src\traditional\proc\p18f6621.asm
               LVDCONbits   0x000fd2       data     extern E:\3.46\pic18-lt\cxx-framework\src\traditional\proc\p18f6621.asm
               OSCCONbits   0x000fd3       data     extern E:\3.46\pic18-lt\cxx-framework\src\traditional\proc\p18f6621.asm
                   OSCCON   0x000fd3       data     extern E:\3.46\pic18-lt\cxx-framework\src\traditional\proc\p18f6621.asm
                    T0CON   0x000fd5       data     extern E:\3.46\pic18-lt\cxx-framework\src\traditional\proc\p18f6621.asm
                T0CONbits   0x000fd5       data     extern E:\3.46\pic18-lt\cxx-framework\src\traditional\proc\p18f6621.asm
                    TMR0L   0x000fd6       data     extern E:\3.46\pic18-lt\cxx-framework\src\traditional\proc\p18f6621.asm
                    TMR0H   0x000fd7       data     extern E:\3.46\pic18-lt\cxx-framework\src\traditional\proc\p18f6621.asm
                   STATUS   0x000fd8       data     extern E:\3.46\pic18-lt\cxx-framework\src\traditional\proc\p18f6621.asm
               STATUSbits   0x000fd8       data     extern E:\3.46\pic18-lt\cxx-framework\src\traditional\proc\p18f6621.asm
                     FSR2   0x000fd9       data     extern E:\3.46\pic18-lt\cxx-framework\src\traditional\proc\p18f6621.asm
                    FSR2L   0x000fd9       data     extern E:\3.46\pic18-lt\cxx-framework\src\traditional\proc\p18f6621.asm
                    FSR2H   0x000fda       data     extern E:\3.46\pic18-lt\cxx-framework\src\traditional\proc\p18f6621.asm
                   PLUSW2   0x000fdb       data     extern E:\3.46\pic18-lt\cxx-framework\src\traditional\proc\p18f6621.asm
                  PREINC2   0x000fdc       data     extern E:\3.46\pic18-lt\cxx-framework\src\traditional\proc\p18f6621.asm
                 POSTDEC2   0x000fdd       data     extern E:\3.46\pic18-lt\cxx-framework\src\traditional\proc\p18f6621.asm
                 POSTINC2   0x000fde       data     extern E:\3.46\pic18-lt\cxx-framework\src\traditional\proc\p18f6621.asm
                    INDF2   0x000fdf       data     extern E:\3.46\pic18-lt\cxx-framework\src\traditional\proc\p18f6621.asm
                      BSR   0x000fe0       data     extern E:\3.46\pic18-lt\cxx-framework\src\traditional\proc\p18f6621.asm
                     FSR1   0x000fe1       data     extern E:\3.46\pic18-lt\cxx-framework\src\traditional\proc\p18f6621.asm
                    FSR1L   0x000fe1       data     extern E:\3.46\pic18-lt\cxx-framework\src\traditional\proc\p18f6621.asm
                    FSR1H   0x000fe2       data     extern E:\3.46\pic18-lt\cxx-framework\src\traditional\proc\p18f6621.asm
                   PLUSW1   0x000fe3       data     extern E:\3.46\pic18-lt\cxx-framework\src\traditional\proc\p18f6621.asm
                  PREINC1   0x000fe4       data     extern E:\3.46\pic18-lt\cxx-framework\src\traditional\proc\p18f6621.asm
                 POSTDEC1   0x000fe5       data     extern E:\3.46\pic18-lt\cxx-framework\src\traditional\proc\p18f6621.asm
                 POSTINC1   0x000fe6       data     extern E:\3.46\pic18-lt\cxx-framework\src\traditional\proc\p18f6621.asm
                    INDF1   0x000fe7       data     extern E:\3.46\pic18-lt\cxx-framework\src\traditional\proc\p18f6621.asm
                     WREG   0x000fe8       data     extern E:\3.46\pic18-lt\cxx-framework\src\traditional\proc\p18f6621.asm
                     FSR0   0x000fe9       data     extern E:\3.46\pic18-lt\cxx-framework\src\traditional\proc\p18f6621.asm
                    FSR0L   0x000fe9       data     extern E:\3.46\pic18-lt\cxx-framework\src\traditional\proc\p18f6621.asm
                    FSR0H   0x000fea       data     extern E:\3.46\pic18-lt\cxx-framework\src\traditional\proc\p18f6621.asm
                   PLUSW0   0x000feb       data     extern E:\3.46\pic18-lt\cxx-framework\src\traditional\proc\p18f6621.asm
                  PREINC0   0x000fec       data     extern E:\3.46\pic18-lt\cxx-framework\src\traditional\proc\p18f6621.asm
                 POSTDEC0   0x000fed       data     extern E:\3.46\pic18-lt\cxx-framework\src\traditional\proc\p18f6621.asm
                 POSTINC0   0x000fee       data     extern E:\3.46\pic18-lt\cxx-framework\src\traditional\proc\p18f6621.asm
                    INDF0   0x000fef       data     extern E:\3.46\pic18-lt\cxx-framework\src\traditional\proc\p18f6621.asm
              INTCON3bits   0x000ff0       data     extern E:\3.46\pic18-lt\cxx-framework\src\traditional\proc\p18f6621.asm
                  INTCON3   0x000ff0       data     extern E:\3.46\pic18-lt\cxx-framework\src\traditional\proc\p18f6621.asm
                  INTCON2   0x000ff1       data     extern E:\3.46\pic18-lt\cxx-framework\src\traditional\proc\p18f6621.asm
              INTCON2bits   0x000ff1       data     extern E:\3.46\pic18-lt\cxx-framework\src\traditional\proc\p18f6621.asm
                   INTCON   0x000ff2       data     extern E:\3.46\pic18-lt\cxx-framework\src\traditional\proc\p18f6621.asm
               INTCONbits   0x000ff2       data     extern E:\3.46\pic18-lt\cxx-framework\src\traditional\proc\p18f6621.asm
                    PRODL   0x000ff3       data     extern E:\3.46\pic18-lt\cxx-framework\src\traditional\proc\p18f6621.asm
                     PROD   0x000ff3       data     extern E:\3.46\pic18-lt\cxx-framework\src\traditional\proc\p18f6621.asm
                    PRODH   0x000ff4       data     extern E:\3.46\pic18-lt\cxx-framework\src\traditional\proc\p18f6621.asm
                   TABLAT   0x000ff5       data     extern E:\3.46\pic18-lt\cxx-framework\src\traditional\proc\p18f6621.asm
                   TBLPTR   0x000ff6       data     extern E:\3.46\pic18-lt\cxx-framework\src\traditional\proc\p18f6621.asm
                  TBLPTRL   0x000ff6       data     extern E:\3.46\pic18-lt\cxx-framework\src\traditional\proc\p18f6621.asm
                  TBLPTRH   0x000ff7       data     extern E:\3.46\pic18-lt\cxx-framework\src\traditional\proc\p18f6621.asm
                  TBLPTRU   0x000ff8       data     extern E:\3.46\pic18-lt\cxx-framework\src\traditional\proc\p18f6621.asm
                       PC   0x000ff9       data     extern E:\3.46\pic18-lt\cxx-framework\src\traditional\proc\p18f6621.asm
                      PCL   0x000ff9       data     extern E:\3.46\pic18-lt\cxx-framework\src\traditional\proc\p18f6621.asm
                   PCLATH   0x000ffa       data     extern E:\3.46\pic18-lt\cxx-framework\src\traditional\proc\p18f6621.asm
                   PCLATU   0x000ffb       data     extern E:\3.46\pic18-lt\cxx-framework\src\traditional\proc\p18f6621.asm
                   STKPTR   0x000ffc       data     extern E:\3.46\pic18-lt\cxx-framework\src\traditional\proc\p18f6621.asm
               STKPTRbits   0x000ffc       data     extern E:\3.46\pic18-lt\cxx-framework\src\traditional\proc\p18f6621.asm
                     TOSL   0x000ffd       data     extern E:\3.46\pic18-lt\cxx-framework\src\traditional\proc\p18f6621.asm
                      TOS   0x000ffd       data     extern E:\3.46\pic18-lt\cxx-framework\src\traditional\proc\p18f6621.asm
                     TOSH   0x000ffe       data     extern E:\3.46\pic18-lt\cxx-framework\src\traditional\proc\p18f6621.asm
                     TOSU   0x000fff       data     extern E:\3.46\pic18-lt\cxx-framework\src\traditional\proc\p18f6621.asm


